

#### START OF CLOCK OPTIMIZATION REPORT #####[

Clock optimization not enabled
1 non-gated/non-generated clock tree(s) driving 739 clock pin(s) of sequential element(s)
1 gated/generated clock tree(s) driving 72 clock pin(s) of sequential element(s)
0 instances converted, 72 sequential instances remain driven by gated/generated clocks

================================== Non-Gated/Non-Generated Clocks ===================================
Clock Tree ID     Driving Element     Drive Element Type     Fanout     Sample Instance              
-----------------------------------------------------------------------------------------------------
@K:CKID0002       gc_MSS_0            hierarchy              739        send_query_0.wavebird_id_sent
=====================================================================================================
========================================================================= Gated/Generated Clocks ==========================================================================
Clock Tree ID     Driving Element         Drive Element Type     Fanout     Sample Instance        Explanation                                                             
---------------------------------------------------------------------------------------------------------------------------------------------------------------------------
@K:CKID0001       IR_LED_0.div.clkOut     DFN1                   72         IR_LED_0.state[11]     No generated or derived clock directive on output of sequential instance
===========================================================================================================================================================================


##### END OF CLOCK OPTIMIZATION REPORT ######]

