Target Part: A2F200M3F_FBGA484_-1
Report for cell gc.verilog
  Core Cell usage:
              cell count     area count*area
              AND2    11      1.0       11.0
              AND3     4      1.0        4.0
               AO1    43      1.0       43.0
              AO18     1      1.0        1.0
              AO1A     7      1.0        7.0
              AO1B     5      1.0        5.0
              AO1C     3      1.0        3.0
              AO1D     2      1.0        2.0
              AOI1    11      1.0       11.0
             AOI1B     2      1.0        2.0
              AOI5     1      1.0        1.0
               AX1     4      1.0        4.0
              AX1A     6      1.0        6.0
              AX1B     2      1.0        2.0
              AX1C     1      1.0        1.0
              AX1D     4      1.0        4.0
              AX1E     2      1.0        2.0
              AXO1     1      1.0        1.0
             AXOI7     1      1.0        1.0
              BUFF     4      1.0        4.0
            CLKINT     3      0.0        0.0
               GND    16      0.0        0.0
               INV     2      1.0        2.0
              MIN3     1      1.0        1.0
            MSSINT     2      0.0        0.0
           MSS_APB     1      0.0        0.0
           MSS_CCC     1      0.0        0.0
               MX2   409      1.0      409.0
              MX2A    19      1.0       19.0
              MX2B     1      1.0        1.0
              NOR2    26      1.0       26.0
             NOR2A   134      1.0      134.0
             NOR2B   238      1.0      238.0
              NOR3    21      1.0       21.0
             NOR3A    41      1.0       41.0
             NOR3B    43      1.0       43.0
             NOR3C    79      1.0       79.0
               OA1     2      1.0        2.0
              OA1A     6      1.0        6.0
              OA1B     5      1.0        5.0
              OA1C    21      1.0       21.0
              OAI1     1      1.0        1.0
               OR2    52      1.0       52.0
              OR2A    48      1.0       48.0
              OR2B    16      1.0       16.0
               OR3    42      1.0       42.0
              OR3A     4      1.0        4.0
              OR3B    16      1.0       16.0
              OR3C     8      1.0        8.0
             RCOSC     1      0.0        0.0
               VCC    16      0.0        0.0
               XA1     2      1.0        2.0
              XA1B    17      1.0       17.0
              XA1C    33      1.0       33.0
             XNOR2     9      1.0        9.0
             XNOR3     1      1.0        1.0
               XO1    15      1.0       15.0
              XOR2    72      1.0       72.0
              XOR3     1      1.0        1.0


              DFN1   262      1.0      262.0
            DFN1C0    32      1.0       32.0
            DFN1E0    75      1.0       75.0
          DFN1E0C0    16      1.0       16.0
          DFN1E0C1    33      1.0       33.0
          DFN1E0P0     1      1.0        1.0
            DFN1E1   126      1.0      126.0
          DFN1E1C0    95      1.0       95.0
          DFN1E1P0     1      1.0        1.0
            DFN1P0     3      1.0        3.0
                   -----          ----------
             TOTAL  2184              2144.0


  IO Cell usage:
              cell count
             BIBUF     1
         BIBUF_MSS     2
             INBUF     3
           INBUF_A     1
         INBUF_MSS     4
            OUTBUF     6
          OUTBUF_A     1
        OUTBUF_MSS     2
       TRIBUFF_MSS     1
                   -----
             TOTAL    21


Core Cells         : 2144 of 4608 (47%)
IO Cells           : 21

  RAM/ROM Usage Summary
Block Rams : 0 of 8 (0%)

