Target Part: A2F200M3F_FBGA484_-1
Report for cell gc.verilog
  Core Cell usage:
              cell count     area count*area
              AND2    24      1.0       24.0
             AND2A     1      1.0        1.0
              AND3     6      1.0        6.0
               AO1    70      1.0       70.0
              AO1A    14      1.0       14.0
              AO1B     4      1.0        4.0
              AO1C     7      1.0        7.0
              AO1D     2      1.0        2.0
              AOI1    19      1.0       19.0
             AOI1B     3      1.0        3.0
               AX1     7      1.0        7.0
              AX1A     7      1.0        7.0
              AX1B     2      1.0        2.0
              AX1C    10      1.0       10.0
              AX1D     5      1.0        5.0
              AX1E     3      1.0        3.0
              AXO1     1      1.0        1.0
             AXOI3     1      1.0        1.0
             AXOI7     1      1.0        1.0
              BUFF     6      1.0        6.0
            CLKINT     3      0.0        0.0
               GND    23      0.0        0.0
               INV     4      1.0        4.0
              MIN3     1      1.0        1.0
            MSSINT     3      0.0        0.0
           MSS_APB     1      0.0        0.0
           MSS_CCC     1      0.0        0.0
               MX2   343      1.0      343.0
              MX2A    27      1.0       27.0
              MX2B     3      1.0        3.0
             NAND2     2      1.0        2.0
              NOR2    64      1.0       64.0
             NOR2A   134      1.0      134.0
             NOR2B   297      1.0      297.0
              NOR3    23      1.0       23.0
             NOR3A   129      1.0      129.0
             NOR3B    56      1.0       56.0
             NOR3C   143      1.0      143.0
               OA1     3      1.0        3.0
              OA1A     3      1.0        3.0
              OA1B     6      1.0        6.0
              OA1C    25      1.0       25.0
              OAI1     1      1.0        1.0
               OR2    31      1.0       31.0
              OR2A    73      1.0       73.0
              OR2B    35      1.0       35.0
               OR3    51      1.0       51.0
              OR3A    12      1.0       12.0
              OR3B    23      1.0       23.0
              OR3C    13      1.0       13.0
             RCOSC     1      0.0        0.0
               VCC    23      0.0        0.0
               XA1     4      1.0        4.0
              XA1A     6      1.0        6.0
              XA1B    47      1.0       47.0
              XA1C    65      1.0       65.0
             XNOR2    23      1.0       23.0
             XNOR3    13      1.0       13.0
               XO1    19      1.0       19.0
              XOR2   130      1.0      130.0
              XOR3     9      1.0        9.0


              DFN1   409      1.0      409.0
            DFN1C0    97      1.0       97.0
            DFN1E0    24      1.0       24.0
          DFN1E0C0    16      1.0       16.0
          DFN1E0C1    33      1.0       33.0
          DFN1E0P0     1      1.0        1.0
            DFN1E1   102      1.0      102.0
          DFN1E1C0   103      1.0      103.0
          DFN1E1P0     1      1.0        1.0
            DFN1P0     4      1.0        4.0
            RAM4K9     1      0.0        0.0
                   -----          ----------
             TOTAL  2857              2801.0


  IO Cell usage:
              cell count
         BIBUF_MSS     2
             INBUF     4
           INBUF_A     1
         INBUF_MSS     4
            OUTBUF     7
          OUTBUF_A     1
        OUTBUF_MSS     2
           TRIBUFF     1
       TRIBUFF_MSS     1
                   -----
             TOTAL    23


Core Cells         : 2801 of 4608 (61%)
IO Cells           : 23

  RAM/ROM Usage Summary
Block Rams : 1 of 8 (12%)

