

#### START OF CLOCK OPTIMIZATION REPORT #####[

Clock optimization not enabled
2 non-gated/non-generated clock tree(s) driving 530 clock pin(s) of sequential element(s)
0 gated/generated clock tree(s) driving 0 clock pin(s) of sequential element(s)
0 instances converted, 0 sequential instances remain driven by gated/generated clocks

========================================= Non-Gated/Non-Generated Clocks ==========================================
Clock Tree ID     Driving Element     Drive Element Type     Fanout     Sample Instance                            
-------------------------------------------------------------------------------------------------------------------
@K:CKID0001       CAPTURE_SWITCH      port                   33         motorWrapper_0.motor_0.capture_status_async
@K:CKID0002       gc_MSS_0            hierarchy              497        send_query_0.wavebird_id_sent              
===================================================================================================================
===== Gated/Generated Clocks =====
************** None **************
----------------------------------
==================================


##### END OF CLOCK OPTIMIZATION REPORT ######]

