Archive member included because of file (symbol)

C:\Users\knekritz\UMKarts\gc\SoftConsole\gc_MSS_MSS_CM3_0\gc_MSS_MSS_CM3_0_hw_platform\Debug\libgc_MSS_MSS_CM3_0_hw_platform.a(mss_uart.o)
                              C:/Users/knekritz/UMKarts/gc/SoftConsole/gc_MSS_MSS_CM3_0/gc_MSS_MSS_CM3_0_hw_platform/Debug/CMSIS/startup_gcc/newlib_stubs.o (g_mss_uart0)
C:\Users\knekritz\UMKarts\gc\SoftConsole\gc_MSS_MSS_CM3_0\gc_MSS_MSS_CM3_0_hw_platform\Debug\libgc_MSS_MSS_CM3_0_hw_platform.a(system_a2fxxxm3.o)
                              C:\Users\knekritz\UMKarts\gc\SoftConsole\gc_MSS_MSS_CM3_0\gc_MSS_MSS_CM3_0_hw_platform\Debug\libgc_MSS_MSS_CM3_0_hw_platform.a(mss_uart.o) (g_FrequencyPCLK0)
c:/actel/libero_v9.1/softconsole/sourcery-g++/bin/../lib/gcc/arm-none-eabi/4.4.1/thumb2\libgcc.a(_arm_addsubdf3.o)
                              ./main.o (__aeabi_dsub)
c:/actel/libero_v9.1/softconsole/sourcery-g++/bin/../lib/gcc/arm-none-eabi/4.4.1/thumb2\libgcc.a(_arm_muldivdf3.o)
                              ./main.o (__aeabi_dmul)
c:/actel/libero_v9.1/softconsole/sourcery-g++/bin/../lib/gcc/arm-none-eabi/4.4.1/thumb2\libgcc.a(_arm_cmpdf2.o)
                              ./main.o (__aeabi_dcmplt)
c:/actel/libero_v9.1/softconsole/sourcery-g++/bin/../lib/gcc/arm-none-eabi/4.4.1/thumb2\libgcc.a(_arm_fixunsdfsi.o)
                              ./main.o (__aeabi_d2uiz)
c:/actel/libero_v9.1/softconsole/sourcery-g++/bin/../lib/gcc/arm-none-eabi/4.4.1/../../../../arm-none-eabi/lib/thumb2\libc.a(lib_a-errno.o)
                              C:/Users/knekritz/UMKarts/gc/SoftConsole/gc_MSS_MSS_CM3_0/gc_MSS_MSS_CM3_0_hw_platform/Debug/CMSIS/startup_gcc/newlib_stubs.o (__errno)
c:/actel/libero_v9.1/softconsole/sourcery-g++/bin/../lib/gcc/arm-none-eabi/4.4.1/../../../../arm-none-eabi/lib/thumb2\libc.a(lib_a-impure.o)
                              c:/actel/libero_v9.1/softconsole/sourcery-g++/bin/../lib/gcc/arm-none-eabi/4.4.1/../../../../arm-none-eabi/lib/thumb2\libc.a(lib_a-errno.o) (_impure_ptr)
c:/actel/libero_v9.1/softconsole/sourcery-g++/bin/../lib/gcc/arm-none-eabi/4.4.1/../../../../arm-none-eabi/lib/thumb2\libc.a(lib_a-init.o)
                              C:/Users/knekritz/UMKarts/gc/SoftConsole/gc_MSS_MSS_CM3_0/gc_MSS_MSS_CM3_0_hw_platform/Debug/CMSIS/startup_gcc/startup_a2fxxxm3.o (__libc_init_array)
c:/actel/libero_v9.1/softconsole/sourcery-g++/bin/../lib/gcc/arm-none-eabi/4.4.1/../../../../arm-none-eabi/lib/thumb2\libc.a(lib_a-malloc.o)
                              ./main.o (malloc)
c:/actel/libero_v9.1/softconsole/sourcery-g++/bin/../lib/gcc/arm-none-eabi/4.4.1/../../../../arm-none-eabi/lib/thumb2\libc.a(lib_a-mallocr.o)
                              c:/actel/libero_v9.1/softconsole/sourcery-g++/bin/../lib/gcc/arm-none-eabi/4.4.1/../../../../arm-none-eabi/lib/thumb2\libc.a(lib_a-malloc.o) (_malloc_r)
c:/actel/libero_v9.1/softconsole/sourcery-g++/bin/../lib/gcc/arm-none-eabi/4.4.1/../../../../arm-none-eabi/lib/thumb2\libc.a(lib_a-mlock.o)
                              c:/actel/libero_v9.1/softconsole/sourcery-g++/bin/../lib/gcc/arm-none-eabi/4.4.1/../../../../arm-none-eabi/lib/thumb2\libc.a(lib_a-mallocr.o) (__malloc_lock)
c:/actel/libero_v9.1/softconsole/sourcery-g++/bin/../lib/gcc/arm-none-eabi/4.4.1/../../../../arm-none-eabi/lib/thumb2\libc.a(lib_a-printf.o)
                              ./main.o (printf)
c:/actel/libero_v9.1/softconsole/sourcery-g++/bin/../lib/gcc/arm-none-eabi/4.4.1/../../../../arm-none-eabi/lib/thumb2\libc.a(lib_a-puts.o)
                              ./main.o (puts)
c:/actel/libero_v9.1/softconsole/sourcery-g++/bin/../lib/gcc/arm-none-eabi/4.4.1/../../../../arm-none-eabi/lib/thumb2\libc.a(lib_a-sbrkr.o)
                              c:/actel/libero_v9.1/softconsole/sourcery-g++/bin/../lib/gcc/arm-none-eabi/4.4.1/../../../../arm-none-eabi/lib/thumb2\libc.a(lib_a-mallocr.o) (_sbrk_r)
c:/actel/libero_v9.1/softconsole/sourcery-g++/bin/../lib/gcc/arm-none-eabi/4.4.1/../../../../arm-none-eabi/lib/thumb2\libc.a(lib_a-strlen.o)
                              c:/actel/libero_v9.1/softconsole/sourcery-g++/bin/../lib/gcc/arm-none-eabi/4.4.1/../../../../arm-none-eabi/lib/thumb2\libc.a(lib_a-puts.o) (strlen)
c:/actel/libero_v9.1/softconsole/sourcery-g++/bin/../lib/gcc/arm-none-eabi/4.4.1/../../../../arm-none-eabi/lib/thumb2\libc.a(lib_a-vfprintf.o)
                              c:/actel/libero_v9.1/softconsole/sourcery-g++/bin/../lib/gcc/arm-none-eabi/4.4.1/../../../../arm-none-eabi/lib/thumb2\libc.a(lib_a-printf.o) (_vfprintf_r)
c:/actel/libero_v9.1/softconsole/sourcery-g++/bin/../lib/gcc/arm-none-eabi/4.4.1/../../../../arm-none-eabi/lib/thumb2\libc.a(lib_a-wsetup.o)
                              c:/actel/libero_v9.1/softconsole/sourcery-g++/bin/../lib/gcc/arm-none-eabi/4.4.1/../../../../arm-none-eabi/lib/thumb2\libc.a(lib_a-vfprintf.o) (__swsetup_r)
c:/actel/libero_v9.1/softconsole/sourcery-g++/bin/../lib/gcc/arm-none-eabi/4.4.1/../../../../arm-none-eabi/lib/thumb2\libc.a(lib_a-dtoa.o)
[...]
Memory Configuration

Name             Origin             Length             Attributes
ram              0x20000000         0x00010000         xrw
*default*        0x00000000         0xffffffff

Linker script and memory map

LOAD c:/actel/libero_v9.1/softconsole/sourcery-g++/bin/../lib/gcc/arm-none-eabi/4.4.1/thumb2/crti.o
LOAD c:/actel/libero_v9.1/softconsole/sourcery-g++/bin/../lib/gcc/arm-none-eabi/4.4.1/thumb2/crtbegin.o
LOAD ./main.o
LOAD ./mytimer.o
LOAD C:/Users/knekritz/UMKarts/gc/SoftConsole/gc_MSS_MSS_CM3_0/gc_MSS_MSS_CM3_0_hw_platform/Debug/CMSIS/startup_gcc/startup_a2fxxxm3.o
LOAD C:/Users/knekritz/UMKarts/gc/SoftConsole/gc_MSS_MSS_CM3_0/gc_MSS_MSS_CM3_0_hw_platform/Debug/CMSIS/startup_gcc/newlib_stubs.o
LOAD C:\Users\knekritz\UMKarts\gc\SoftConsole\gc_MSS_MSS_CM3_0\gc_MSS_MSS_CM3_0_hw_platform\Debug\libgc_MSS_MSS_CM3_0_hw_platform.a
START GROUP
LOAD c:/actel/libero_v9.1/softconsole/sourcery-g++/bin/../lib/gcc/arm-none-eabi/4.4.1/thumb2\libgcc.a
LOAD c:/actel/libero_v9.1/softconsole/sourcery-g++/bin/../lib/gcc/arm-none-eabi/4.4.1/../../../../arm-none-eabi/lib/thumb2\libc.a
END GROUP
LOAD c:/actel/libero_v9.1/softconsole/sourcery-g++/bin/../lib/gcc/arm-none-eabi/4.4.1/thumb2/crtend.o
LOAD c:/actel/libero_v9.1/softconsole/sourcery-g++/bin/../lib/gcc/arm-none-eabi/4.4.1/thumb2/crtn.o
START GROUP
LOAD c:/actel/libero_v9.1/softconsole/sourcery-g++/bin/../lib/gcc/arm-none-eabi/4.4.1/../../../../arm-none-eabi/lib/thumb2\libc.a
LOAD c:/actel/libero_v9.1/softconsole/sourcery-g++/bin/../lib/gcc/arm-none-eabi/4.4.1/thumb2\libgcc.a
LOAD c:/actel/libero_v9.1/softconsole/sourcery-g++/bin/../lib/gcc/arm-none-eabi/4.4.1/../../../../arm-none-eabi/lib/thumb2\libm.a
END GROUP
                0x00000000                __DYNAMIC = 0x0
                0x20000000                RAM_START_ADDRESS = 0x20000000
                0x00010000                RAM_SIZE = 0x10000
                0x00002000                MAIN_STACK_SIZE = 0x2000
                0x00001000                PROCESS_STACK_SIZE = 0x1000
                0x20010000                PROVIDE (__main_stack_start, (RAM_START_ADDRESS + RAM_SIZE))
                0x2000e000                PROVIDE (__process_stack_start, (__main_stack_start - MAIN_STACK_SIZE))
                0x20010000                PROVIDE (_estack, __main_stack_start)
                0x00000000                PROVIDE (__mirrored_nvm, 0x0)

.text           0x20000000     0x7c38
 CREATE_OBJECT_SYMBOLS
                0x20000000                __text_load = LOADADDR (.text)
                0x20000000                __text_start = .
 *(.isr_vector)
 .isr_vector    0x20000000      0x470 C:/Users/knekritz/UMKarts/gc/SoftConsole/gc_MSS_MSS_CM3_0/gc_MSS_MSS_CM3_0_hw_platform/Debug/CMSIS/startup_gcc/startup_a2fxxxm3.o
                0x20000000                g_pfnVectors
                0x20000298                Reset_Handler
                0x20000308                NMI_Handler
                0x2000030a                HardFault_Handler
                0x2000030c                MemManage_Handler
                0x2000030e                BusFault_Handler
                0x20000310                UsageFault_Handler
                0x20000312                SVC_Handler
                0x20000314                DebugMon_Handler
                0x20000316                PendSV_Handler
                0x20000318                SysTick_Handler
                0x2000031a                WdogWakeup_IRQHandler
                0x2000031c                BrownOut_1_5V_IRQHandler
                0x2000031e                BrownOut_3_3V_IRQHandler
                0x20000320                RTC_Match_IRQHandler
                0x20000322                RTCIF_Pub_IRQHandler
                0x20000324                EthernetMAC_IRQHandler
                0x20000326                IAP_IRQHandler
                0x20000328                ENVM0_IRQHandler
                0x2000032a                ENVM1_IRQHandler
                0x2000032c                DMA_IRQHandler
                0x20000332                SPI0_IRQHandler
                0x20000334                SPI1_IRQHandler
                0x20000336                I2C0_IRQHandler
                0x20000338                I2C0_SMBAlert_IRQHandler
                0x2000033a                I2C0_SMBus_IRQHandler
                0x2000033c                I2C1_IRQHandler
                0x2000033e                I2C1_SMBAlert_IRQHandler
                0x20000340                I2C1_SMBus_IRQHandler
                0x20000342                Timer1_IRQHandler
                0x20000344                Timer2_IRQHandler
                0x20000346                PLL_Lock_IRQHandler
                0x20000348                PLL_LockLost_IRQHandler
                0x2000034a                CommError_IRQHandler
                0x2000034e                GPIO0_IRQHandler
                0x20000350                GPIO1_IRQHandler
                0x20000352                GPIO2_IRQHandler
                0x20000354                GPIO3_IRQHandler
                0x20000356                GPIO4_IRQHandler
                0x20000358                GPIO5_IRQHandler
                0x2000035a                GPIO6_IRQHandler
                0x2000035c                GPIO7_IRQHandler
                0x2000035e                GPIO8_IRQHandler
                0x20000360                GPIO9_IRQHandler
                0x20000362                GPIO10_IRQHandler
                0x20000364                GPIO11_IRQHandler
                0x20000366                GPIO12_IRQHandler
                0x20000368                GPIO13_IRQHandler
                0x2000036a                GPIO14_IRQHandler
                0x2000036c                GPIO15_IRQHandler
                0x2000036e                GPIO16_IRQHandler
                0x20000370                GPIO17_IRQHandler
                0x20000372                GPIO18_IRQHandler
                0x20000374                GPIO19_IRQHandler
                0x20000376                GPIO20_IRQHandler
                0x20000378                GPIO21_IRQHandler
                0x2000037a                GPIO22_IRQHandler
                0x2000037c                GPIO23_IRQHandler
                0x2000037e                GPIO24_IRQHandler
                0x20000380                GPIO25_IRQHandler
                0x20000382                GPIO26_IRQHandler
                0x20000384                GPIO27_IRQHandler
                0x20000386                GPIO28_IRQHandler
                0x20000388                GPIO29_IRQHandler
                0x2000038a                GPIO30_IRQHandler
                0x2000038c                GPIO31_IRQHandler
                0x2000038e                ACE_PC0_Flag0_IRQHandler
                0x20000390                ACE_PC0_Flag1_IRQHandler
                0x20000392                ACE_PC0_Flag2_IRQHandler
                0x20000394                ACE_PC0_Flag3_IRQHandler
                0x20000396                ACE_PC1_Flag0_IRQHandler
                0x20000398                ACE_PC1_Flag1_IRQHandler
                0x2000039a                ACE_PC1_Flag2_IRQHandler
                0x2000039c                ACE_PC1_Flag3_IRQHandler
                0x2000039e                ACE_PC2_Flag0_IRQHandler
                0x200003a0                ACE_PC2_Flag1_IRQHandler
                0x200003a2                ACE_PC2_Flag2_IRQHandler
                0x200003a4                ACE_PC2_Flag3_IRQHandler
                0x200003a6                ACE_ADC0_DataValid_IRQHandler
                0x200003a8                ACE_ADC1_DataValid_IRQHandler
                0x200003aa                ACE_ADC2_DataValid_IRQHandler
                0x200003ac                ACE_ADC0_CalDone_IRQHandler
                0x200003ae                ACE_ADC1_CalDone_IRQHandler
                0x200003b0                ACE_ADC2_CalDone_IRQHandler
                0x200003b2                ACE_ADC0_CalStart_IRQHandler
                0x200003b4                ACE_ADC1_CalStart_IRQHandler
                0x200003b6                ACE_ADC2_CalStart_IRQHandler
                0x200003b8                ACE_Comp0_Fall_IRQHandler
                0x200003ba                ACE_Comp1_Fall_IRQHandler
                0x200003bc                ACE_Comp2_Fall_IRQHandler
                0x200003be                ACE_Comp3_Fall_IRQHandler
                0x200003c0                ACE_Comp4_Fall_IRQHandler
                0x200003c2                ACE_Comp5_Fall_IRQHandler
                0x200003c4                ACE_Comp6_Fall_IRQHandler
                0x200003c6                ACE_Comp7_Fall_IRQHandler
                0x200003c8                ACE_Comp8_Fall_IRQHandler
                0x200003ca                ACE_Comp9_Fall_IRQHandler
                0x200003cc                ACE_Comp10_Fall_IRQHandler
                0x200003ce                ACE_Comp11_Fall_IRQHandler
                0x200003d0                ACE_Comp0_Rise_IRQHandler
                0x200003d2                ACE_Comp1_Rise_IRQHandler
                0x200003d4                ACE_Comp2_Rise_IRQHandler
                0x200003d6                ACE_Comp3_Rise_IRQHandler
                0x200003d8                ACE_Comp4_Rise_IRQHandler
                0x200003da                ACE_Comp5_Rise_IRQHandler
                0x200003dc                ACE_Comp6_Rise_IRQHandler
                0x200003de                ACE_Comp7_Rise_IRQHandler
                0x200003e0                ACE_Comp8_Rise_IRQHandler
                0x200003e2                ACE_Comp9_Rise_IRQHandler
                0x200003e4                ACE_Comp10_Rise_IRQHandler
                0x200003e6                ACE_Comp11_Rise_IRQHandler
                0x200003e8                ACE_ADC0_FifoFull_IRQHandler
                0x200003ea                ACE_ADC0_FifoAFull_IRQHandler
                0x200003ec                ACE_ADC0_FifoEmpty_IRQHandler
                0x200003ee                ACE_ADC1_FifoFull_IRQHandler
                0x200003f0                ACE_ADC1_FifoAFull_IRQHandler
                0x200003f2                ACE_ADC1_FifoEmpty_IRQHandler
                0x200003f4                ACE_ADC2_FifoFull_IRQHandler
                0x200003f6                ACE_ADC2_FifoAFull_IRQHandler
                0x200003f8                ACE_ADC2_FifoEmpty_IRQHandler
                0x200003fa                ACE_PPE_Flag0_IRQHandler
                0x200003fc                ACE_PPE_Flag1_IRQHandler
                0x200003fe                ACE_PPE_Flag2_IRQHandler
                0x20000400                ACE_PPE_Flag3_IRQHandler
                0x20000402                ACE_PPE_Flag4_IRQHandler
                0x20000404                ACE_PPE_Flag5_IRQHandler
                0x20000406                ACE_PPE_Flag6_IRQHandler
                0x20000408                ACE_PPE_Flag7_IRQHandler
                0x2000040a                ACE_PPE_Flag8_IRQHandler
                0x2000040c                ACE_PPE_Flag9_IRQHandler
                0x2000040e                ACE_PPE_Flag10_IRQHandler
                0x20000410                ACE_PPE_Flag11_IRQHandler
                0x20000412                ACE_PPE_Flag12_IRQHandler
                0x20000414                ACE_PPE_Flag13_IRQHandler
                0x20000416                ACE_PPE_Flag14_IRQHandler
                0x20000418                ACE_PPE_Flag15_IRQHandler
                0x2000041a                ACE_PPE_Flag16_IRQHandler
                0x2000041c                ACE_PPE_Flag17_IRQHandler
                0x2000041e                ACE_PPE_Flag18_IRQHandler
                0x20000420                ACE_PPE_Flag19_IRQHandler
                0x20000422                ACE_PPE_Flag20_IRQHandler
                0x20000424                ACE_PPE_Flag21_IRQHandler
                0x20000426                ACE_PPE_Flag22_IRQHandler
                0x20000428                ACE_PPE_Flag23_IRQHandler
                0x2000042a                ACE_PPE_Flag24_IRQHandler
                0x2000042c                ACE_PPE_Flag25_IRQHandler
                0x2000042e                ACE_PPE_Flag26_IRQHandler
                0x20000430                ACE_PPE_Flag27_IRQHandler
                0x20000432                ACE_PPE_Flag28_IRQHandler
                0x20000434                ACE_PPE_Flag29_IRQHandler
                0x20000436                ACE_PPE_Flag30_IRQHandler
                0x20000438                ACE_PPE_Flag31_IRQHandler
 *(.text .text.* .gnu.linkonce.t.*)
 .text          0x20000470       0x30 c:/actel/libero_v9.1/softconsole/sourcery-g++/bin/../lib/gcc/arm-none-eabi/4.4.1/thumb2/crtbegin.o
 .text.NVIC_EnableIRQ
                0x200004a0       0x38 ./main.o
 .text.NVIC_ClearPendingIRQ
                0x200004d8       0x3c ./main.o
 .text.setPWM   0x20000514      0x12c ./main.o
                0x20000514                setPWM
 .text.Fabric_IRQHandler
                0x20000640       0x98 ./main.o
                0x20000640                Fabric_IRQHandler
 .text.main     0x200006d8      0x1bc ./main.o
                0x200006d8                main
 .text.MYTIMER_init
                0x20000894        0xc ./mytimer.o
                0x20000894                MYTIMER_init
 .text.MYTIMER_enable
                0x200008a0       0x24 ./mytimer.o
                0x200008a0                MYTIMER_enable
 .text.MYTIMER_setOverflowVal
                0x200008c4       0x24 ./mytimer.o
                0x200008c4                MYTIMER_setOverflowVal
 .text.MYTIMER_enable_allInterrupts
                0x200008e8       0x24 ./mytimer.o
                0x200008e8                MYTIMER_enable_allInterrupts
 .text.MYTIMER_enable_compareInt
                0x2000090c       0x24 ./mytimer.o
                0x2000090c                MYTIMER_enable_compareInt
 .text.MYTIMER_setCompareVal
                0x20000930       0x20 ./mytimer.o
                0x20000930                MYTIMER_setCompareVal
 .text.MYTIMER_enable_overflowInt
                0x20000950       0x24 ./mytimer.o
                0x20000950                MYTIMER_enable_overflowInt
 .text.MYTIMER_getInterrupt_status
                0x20000974       0x18 ./mytimer.o
                0x20000974                MYTIMER_getInterrupt_status
 .text.MYTIMER_enable_pwm
                0x2000098c       0x24 ./mytimer.o
                0x2000098c                MYTIMER_enable_pwm
 .text.MYTIMER_enable_capture
                0x200009b0       0x24 ./mytimer.o
                0x200009b0                MYTIMER_enable_capture
 .text.MYTIMER_set_motor_direction
                0x200009d4       0xb0 ./mytimer.o
                0x200009d4                MYTIMER_set_motor_direction
 .text.MYTIMER_set_servo_direction
                0x20000a84       0xb0 ./mytimer.o
                0x20000a84                MYTIMER_set_servo_direction
 .text._close   0x20000b34       0x18 C:/Users/knekritz/UMKarts/gc/SoftConsole/gc_MSS_MSS_CM3_0/gc_MSS_MSS_CM3_0_hw_platform/Debug/CMSIS/startup_gcc/newlib_stubs.o
                0x20000b34                _close
 .text._exit    0x20000b4c        0xc C:/Users/knekritz/UMKarts/gc/SoftConsole/gc_MSS_MSS_CM3_0/gc_MSS_MSS_CM3_0_hw_platform/Debug/CMSIS/startup_gcc/newlib_stubs.o
                0x20000b4c                _exit
 .text._fstat   0x20000b58       0x24 C:/Users/knekritz/UMKarts/gc/SoftConsole/gc_MSS_MSS_CM3_0/gc_MSS_MSS_CM3_0_hw_platform/Debug/CMSIS/startup_gcc/newlib_stubs.o
                0x20000b58                _fstat
 .text._isatty  0x20000b7c       0x18 C:/Users/knekritz/UMKarts/gc/SoftConsole/gc_MSS_MSS_CM3_0/gc_MSS_MSS_CM3_0_hw_platform/Debug/CMSIS/startup_gcc/newlib_stubs.o
                0x20000b7c                _isatty
 .text._lseek   0x20000b94       0x1c C:/Users/knekritz/UMKarts/gc/SoftConsole/gc_MSS_MSS_CM3_0/gc_MSS_MSS_CM3_0_hw_platform/Debug/CMSIS/startup_gcc/newlib_stubs.o
                0x20000b94                _lseek
 .text._read    0x20000bb0       0x1c C:/Users/knekritz/UMKarts/gc/SoftConsole/gc_MSS_MSS_CM3_0/gc_MSS_MSS_CM3_0_hw_platform/Debug/CMSIS/startup_gcc/newlib_stubs.o
                0x20000bb0                _read
 .text._write_r
                0x20000bcc       0x5c C:/Users/knekritz/UMKarts/gc/SoftConsole/gc_MSS_MSS_CM3_0/gc_MSS_MSS_CM3_0_hw_platform/Debug/CMSIS/startup_gcc/newlib_stubs.o
                0x20000bcc                _write_r
 .text._sbrk    0x20000c28       0x94 C:/Users/knekritz/UMKarts/gc/SoftConsole/gc_MSS_MSS_CM3_0/gc_MSS_MSS_CM3_0_hw_platform/Debug/CMSIS/startup_gcc/newlib_stubs.o
                0x20000c28                _sbrk
 .text.NVIC_ClearPendingIRQ
                0x20000cbc       0x3c C:\Users\knekritz\UMKarts\gc\SoftConsole\gc_MSS_MSS_CM3_0\gc_MSS_MSS_CM3_0_hw_platform\Debug\libgc_MSS_MSS_CM3_0_hw_platform.a(mss_uart.o)
 .text.MSS_UART_init
                0x20000cf8      0x204 C:\Users\knekritz\UMKarts\gc\SoftConsole\gc_MSS_MSS_CM3_0\gc_MSS_MSS_CM3_0_hw_platform\Debug\libgc_MSS_MSS_CM3_0_hw_platform.a(mss_uart.o)
                0x20000cf8                MSS_UART_init
 .text.MSS_UART_polled_tx
                0x20000efc       0xe4 C:\Users\knekritz\UMKarts\gc\SoftConsole\gc_MSS_MSS_CM3_0\gc_MSS_MSS_CM3_0_hw_platform\Debug\libgc_MSS_MSS_CM3_0_hw_platform.a(mss_uart.o)
                0x20000efc                MSS_UART_polled_tx
 .text.MSS_UART_isr
                0x20000fe0      0x11c C:\Users\knekritz\UMKarts\gc\SoftConsole\gc_MSS_MSS_CM3_0\gc_MSS_MSS_CM3_0_hw_platform\Debug\libgc_MSS_MSS_CM3_0_hw_platform.a(mss_uart.o)
 .text.default_tx_handler
                0x200010fc      0x108 C:\Users\knekritz\UMKarts\gc\SoftConsole\gc_MSS_MSS_CM3_0\gc_MSS_MSS_CM3_0_hw_platform\Debug\libgc_MSS_MSS_CM3_0_hw_platform.a(mss_uart.o)
 .text.UART0_IRQHandler
                0x20001204       0x2c C:\Users\knekritz\UMKarts\gc\SoftConsole\gc_MSS_MSS_CM3_0\gc_MSS_MSS_CM3_0_hw_platform\Debug\libgc_MSS_MSS_CM3_0_hw_platform.a(mss_uart.o)
                0x20001204                UART0_IRQHandler
 .text.UART1_IRQHandler
                0x20001230       0x2c C:\Users\knekritz\UMKarts\gc\SoftConsole\gc_MSS_MSS_CM3_0\gc_MSS_MSS_CM3_0_hw_platform\Debug\libgc_MSS_MSS_CM3_0_hw_platform.a(mss_uart.o)
                0x20001230                UART1_IRQHandler
 .text.SystemInit
                0x2000125c        0xc C:\Users\knekritz\UMKarts\gc\SoftConsole\gc_MSS_MSS_CM3_0\gc_MSS_MSS_CM3_0_hw_platform\Debug\libgc_MSS_MSS_CM3_0_hw_platform.a(system_a2fxxxm3.o)
                0x2000125c                SystemInit
 .text.SystemCoreClockUpdate
                0x20001268      0x150 C:\Users\knekritz\UMKarts\gc\SoftConsole\gc_MSS_MSS_CM3_0\gc_MSS_MSS_CM3_0_hw_platform\Debug\libgc_MSS_MSS_CM3_0_hw_platform.a(system_a2fxxxm3.o)
                0x20001268                SystemCoreClockUpdate
 .text.GetSystemClock
                0x200013b8       0xe8 C:\Users\knekritz\UMKarts\gc\SoftConsole\gc_MSS_MSS_CM3_0\gc_MSS_MSS_CM3_0_hw_platform\Debug\libgc_MSS_MSS_CM3_0_hw_platform.a(system_a2fxxxm3.o)
 .text          0x200014a0      0x370 c:/actel/libero_v9.1/softconsole/sourcery-g++/bin/../lib/gcc/arm-none-eabi/4.4.1/thumb2\libgcc.a(_arm_addsubdf3.o)
                0x200014a0                __aeabi_drsub
                0x200014a8                __aeabi_dsub
                0x200014a8                __subdf3
                0x200014ac                __aeabi_dadd
                0x200014ac                __adddf3
                0x20001724                __floatunsidf
                0x20001724                __aeabi_ui2d
                0x20001744                __floatsidf
                0x20001744                __aeabi_i2d
                0x20001768                __aeabi_f2d
                0x20001768                __extendsfdf2
                0x200017a4                __floatundidf
                0x200017a4                __aeabi_ul2d
                0x200017b4                __floatdidf
                0x200017b4                __aeabi_l2d
 .text          0x20001810      0x424 c:/actel/libero_v9.1/softconsole/sourcery-g++/bin/../lib/gcc/arm-none-eabi/4.4.1/thumb2\libgcc.a(_arm_muldivdf3.o)
                0x20001810                __aeabi_dmul
                0x20001810                __muldf3
                0x20001a64                __divdf3
                0x20001a64                __aeabi_ddiv
 .text          0x20001c34      0x110 c:/actel/libero_v9.1/softconsole/sourcery-g++/bin/../lib/gcc/arm-none-eabi/4.4.1/thumb2\libgcc.a(_arm_cmpdf2.o)
                0x20001c34                __gtdf2
                0x20001c34                __gedf2
                0x20001c3c                __ltdf2
                0x20001c3c                __ledf2
                0x20001c44                __nedf2
                0x20001c44                __eqdf2
                0x20001c44                __cmpdf2
                0x20001cc0                __aeabi_cdrcmple
                0x20001cd0                __aeabi_cdcmpeq
                0x20001cd0                __aeabi_cdcmple
                0x20001ce0                __aeabi_dcmpeq
                0x20001cf4                __aeabi_dcmplt
                0x20001d08                __aeabi_dcmple
                0x20001d1c                __aeabi_dcmpge
                0x20001d30                __aeabi_dcmpgt
 .text          0x20001d44       0x40 c:/actel/libero_v9.1/softconsole/sourcery-g++/bin/../lib/gcc/arm-none-eabi/4.4.1/thumb2\libgcc.a(_arm_fixunsdfsi.o)
                0x20001d44                __aeabi_d2uiz
                0x20001d44                __fixunsdfsi
 .text          0x20001d84       0x50 c:/actel/libero_v9.1/softconsole/sourcery-g++/bin/../lib/gcc/arm-none-eabi/4.4.1/../../../../arm-none-eabi/lib/thumb2\libc.a(lib_a-init.o)
                0x20001d84                __libc_init_array
 .text          0x20001dd4       0x20 c:/actel/libero_v9.1/softconsole/sourcery-g++/bin/../lib/gcc/arm-none-eabi/4.4.1/../../../../arm-none-eabi/lib/thumb2\libc.a(lib_a-malloc.o)
                0x20001dd4                free
                0x20001de4                malloc
 .text          0x20001df4      0x5a4 c:/actel/libero_v9.1/softconsole/sourcery-g++/bin/../lib/gcc/arm-none-eabi/4.4.1/../../../../arm-none-eabi/lib/thumb2\libc.a(lib_a-mallocr.o)
                0x20001df4                _malloc_r
 .text          0x20002398        0x8 c:/actel/libero_v9.1/softconsole/sourcery-g++/bin/../lib/gcc/arm-none-eabi/4.4.1/../../../../arm-none-eabi/lib/thumb2\libc.a(lib_a-mlock.o)
                0x20002398                __malloc_lock
                0x2000239c                __malloc_unlock
 .text          0x200023a0       0x64 c:/actel/libero_v9.1/softconsole/sourcery-g++/bin/../lib/gcc/arm-none-eabi/4.4.1/../../../../arm-none-eabi/lib/thumb2\libc.a(lib_a-printf.o)
                0x200023a0                printf
                0x200023d8                _printf_r
 .text          0x20002404       0x88 c:/actel/libero_v9.1/softconsole/sourcery-g++/bin/../lib/gcc/arm-none-eabi/4.4.1/../../../../arm-none-eabi/lib/thumb2\libc.a(lib_a-puts.o)
                0x20002404                _puts_r
                0x2000247c                puts
 .text          0x2000248c       0x28 c:/actel/libero_v9.1/softconsole/sourcery-g++/bin/../lib/gcc/arm-none-eabi/4.4.1/../../../../arm-none-eabi/lib/thumb2\libc.a(lib_a-sbrkr.o)
                0x2000248c                _sbrk_r
 .text          0x200024b4       0x60 c:/actel/libero_v9.1/softconsole/sourcery-g++/bin/../lib/gcc/arm-none-eabi/4.4.1/../../../../arm-none-eabi/lib/thumb2\libc.a(lib_a-strlen.o)
                0x200024b4                strlen
 .text          0x20002514     0x1940 c:/actel/libero_v9.1/softconsole/sourcery-g++/bin/../lib/gcc/arm-none-eabi/4.4.1/../../../../arm-none-eabi/lib/thumb2\libc.a(lib_a-vfprintf.o)
                0x20002530                _vfprintf_r
                0x20003e38                vfprintf
 .text          0x20003e54      0x104 c:/actel/libero_v9.1/softconsole/sourcery-g++/bin/../lib/gcc/arm-none-eabi/4.4.1/../../../../arm-none-eabi/lib/thumb2\libc.a(lib_a-wsetup.o)
                0x20003e54                __swsetup_r
 .text          0x20003f58      0xfb8 c:/actel/libero_v9.1/softconsole/sourcery-g++/bin/../lib/gcc/arm-none-eabi/4.4.1/../../../../arm-none-eabi/lib/thumb2\libc.a(lib_a-dtoa.o)
                0x20004078                _dtoa_r
 .text          0x20004f10      0x178 c:/actel/libero_v9.1/softconsole/sourcery-g++/bin/../lib/gcc/arm-none-eabi/4.4.1/../../../../arm-none-eabi/lib/thumb2\libc.a(lib_a-fflush.o)
                0x20004f10                _fflush_r
                0x20005060                fflush
 .text          0x20005088      0x1c8 c:/actel/libero_v9.1/softconsole/sourcery-g++/bin/../lib/gcc/arm-none-eabi/4.4.1/../../../../arm-none-eabi/lib/thumb2\libc.a(lib_a-findfp.o)
                0x20005088                __sfp_lock_acquire
                0x2000508c                __sfp_lock_release
                0x20005090                __sinit_lock_acquire
                0x20005094                __sinit_lock_release
                0x200050a0                __fp_unlock_all
                0x200050b8                __fp_lock_all
                0x200050d0                _cleanup_r
                0x200050dc                _cleanup
                0x20005138                __sfmoreglue
                0x20005168                __sfp
                0x200051f0                __sinit
 .text          0x20005250      0x268 c:/actel/libero_v9.1/softconsole/sourcery-g++/bin/../lib/gcc/arm-none-eabi/4.4.1/../../../../arm-none-eabi/lib/thumb2\libc.a(lib_a-freer.o)
                0x20005250                _malloc_trim_r
                0x200052f8                _free_r
 .text          0x200054b8      0x334 c:/actel/libero_v9.1/softconsole/sourcery-g++/bin/../lib/gcc/arm-none-eabi/4.4.1/../../../../arm-none-eabi/lib/thumb2\libc.a(lib_a-fvwrite.o)
                0x200054b8                __sfvwrite_r
 .text          0x200057ec       0xa0 c:/actel/libero_v9.1/softconsole/sourcery-g++/bin/../lib/gcc/arm-none-eabi/4.4.1/../../../../arm-none-eabi/lib/thumb2\libc.a(lib_a-fwalk.o)
                0x200057ec                _fwalk_reent
                0x20005840                _fwalk
 .text          0x2000588c       0x74 c:/actel/libero_v9.1/softconsole/sourcery-g++/bin/../lib/gcc/arm-none-eabi/4.4.1/../../../../arm-none-eabi/lib/thumb2\libc.a(lib_a-locale.o)
                0x2000588c                __locale_charset
                0x20005898                _localeconv_r
                0x200058a0                localeconv
                0x200058a8                _setlocale_r
                0x200058f0                setlocale
 .text          0x20005900       0xdc c:/actel/libero_v9.1/softconsole/sourcery-g++/bin/../lib/gcc/arm-none-eabi/4.4.1/../../../../arm-none-eabi/lib/thumb2\libc.a(lib_a-makebuf.o)
                0x20005900                __smakebuf_r
 .text          0x200059dc       0x74 c:/actel/libero_v9.1/softconsole/sourcery-g++/bin/../lib/gcc/arm-none-eabi/4.4.1/../../../../arm-none-eabi/lib/thumb2\libc.a(lib_a-memchr.o)
                0x200059dc                memchr
 .text          0x20005a50      0x190 c:/actel/libero_v9.1/softconsole/sourcery-g++/bin/../lib/gcc/arm-none-eabi/4.4.1/../../../../arm-none-eabi/lib/thumb2\libc.a(lib_a-memcpy.o)
                0x20005a50                memcpy
 .text          0x20005be0       0xb8 c:/actel/libero_v9.1/softconsole/sourcery-g++/bin/../lib/gcc/arm-none-eabi/4.4.1/../../../../arm-none-eabi/lib/thumb2\libc.a(lib_a-memmove.o)
                0x20005be0                memmove
 .text          0x20005c98       0xd4 c:/actel/libero_v9.1/softconsole/sourcery-g++/bin/../lib/gcc/arm-none-eabi/4.4.1/../../../../arm-none-eabi/lib/thumb2\libc.a(lib_a-memset.o)
                0x20005c98                memset
 .text          0x20005d6c      0x958 c:/actel/libero_v9.1/softconsole/sourcery-g++/bin/../lib/gcc/arm-none-eabi/4.4.1/../../../../arm-none-eabi/lib/thumb2\libc.a(lib_a-mprec.o)
                0x20005d6c                __hi0bits
                0x20005dac                __lo0bits
                0x20005e10                __mcmp
                0x20005e50                __ulp
                0x20005e9c                __b2d
                0x20005f44                __ratio
                0x20005fa4                _mprec_log10
                0x20005fdc                __copybits
                0x2000602c                __any_on
                0x20006084                _Bfree
                0x200060bc                _Balloc
                0x20006128                __d2b
                0x200061f8                __mdiff
                0x200062f0                __lshift
                0x200063ac                __multiply
                0x200064e0                __i2b
                0x200064f4                __multadd
                0x2000657c                __pow5mult
                0x20006628                __s2b
 .text          0x200066c4      0x3b4 c:/actel/libero_v9.1/softconsole/sourcery-g++/bin/../lib/gcc/arm-none-eabi/4.4.1/../../../../arm-none-eabi/lib/thumb2\libc.a(lib_a-reallocr.o)
                0x200066c4                _realloc_r
 .text          0x20006a78       0x24 c:/actel/libero_v9.1/softconsole/sourcery-g++/bin/../lib/gcc/arm-none-eabi/4.4.1/../../../../arm-none-eabi/lib/thumb2\libc.a(lib_a-s_isinfd.o)
                0x20006a78                __isinfd
 .text          0x20006a9c       0x1c c:/actel/libero_v9.1/softconsole/sourcery-g++/bin/../lib/gcc/arm-none-eabi/4.4.1/../../../../arm-none-eabi/lib/thumb2\libc.a(lib_a-s_isnand.o)
                0x20006a9c                __isnand
 .text          0x20006ab8       0x90 c:/actel/libero_v9.1/softconsole/sourcery-g++/bin/../lib/gcc/arm-none-eabi/4.4.1/../../../../arm-none-eabi/lib/thumb2\libc.a(lib_a-stdio.o)
                0x20006ab8                __sclose
                0x20006ac0                __sseek
                0x20006ae8                __swrite
                0x20006b24                __sread
 .text          0x20006b48      0x1dc c:/actel/libero_v9.1/softconsole/sourcery-g++/bin/../lib/gcc/arm-none-eabi/4.4.1/../../../../arm-none-eabi/lib/thumb2\libc.a(lib_a-strcmp.o)
                0x20006b48                strcmp
 .text          0x20006d24       0x5c c:/actel/libero_v9.1/softconsole/sourcery-g++/bin/../lib/gcc/arm-none-eabi/4.4.1/../../../../arm-none-eabi/lib/thumb2\libc.a(lib_a-callocr.o)
                0x20006d24                _calloc_r
 .text          0x20006d80       0x28 c:/actel/libero_v9.1/softconsole/sourcery-g++/bin/../lib/gcc/arm-none-eabi/4.4.1/../../../../arm-none-eabi/lib/thumb2\libc.a(lib_a-closer.o)
                0x20006d80                _close_r
 .text          0x20006da8       0xcc c:/actel/libero_v9.1/softconsole/sourcery-g++/bin/../lib/gcc/arm-none-eabi/4.4.1/../../../../arm-none-eabi/lib/thumb2\libc.a(lib_a-fclose.o)
                0x20006da8                _fclose_r
                0x20006e64                fclose
 .text          0x20006e74       0x2c c:/actel/libero_v9.1/softconsole/sourcery-g++/bin/../lib/gcc/arm-none-eabi/4.4.1/../../../../arm-none-eabi/lib/thumb2\libc.a(lib_a-fstatr.o)
                0x20006e74                _fstat_r
 .text          0x20006ea0       0x28 c:/actel/libero_v9.1/softconsole/sourcery-g++/bin/../lib/gcc/arm-none-eabi/4.4.1/../../../../arm-none-eabi/lib/thumb2\libc.a(lib_a-isattyr.o)
                0x20006ea0                _isatty_r
 .text          0x20006ec8       0x2c c:/actel/libero_v9.1/softconsole/sourcery-g++/bin/../lib/gcc/arm-none-eabi/4.4.1/../../../../arm-none-eabi/lib/thumb2\libc.a(lib_a-lseekr.o)
                0x20006ec8                _lseek_r
 .text          0x20006ef4       0x2c c:/actel/libero_v9.1/softconsole/sourcery-g++/bin/../lib/gcc/arm-none-eabi/4.4.1/../../../../arm-none-eabi/lib/thumb2\libc.a(lib_a-readr.o)
                0x20006ef4                _read_r
 .text          0x20006f20      0x278 c:/actel/libero_v9.1/softconsole/sourcery-g++/bin/../lib/gcc/arm-none-eabi/4.4.1/thumb2\libgcc.a(_udivsi3.o)
                0x20006f20                __aeabi_uidiv
                0x20006f20                __udivsi3
                0x2000717c                __aeabi_uidivmod
 .text          0x20007198        0x4 c:/actel/libero_v9.1/softconsole/sourcery-g++/bin/../lib/gcc/arm-none-eabi/4.4.1/thumb2\libgcc.a(_dvmd_tls.o)
                0x20007198                __aeabi_idiv0
                0x20007198                __aeabi_ldiv0
 .text          0x2000719c       0x50 c:/actel/libero_v9.1/softconsole/sourcery-g++/bin/../lib/gcc/arm-none-eabi/4.4.1/thumb2\libgcc.a(_arm_fixdfsi.o)
                0x2000719c                __aeabi_d2iz
                0x2000719c                __fixdfsi
 .text          0x200071ec       0x2c c:/actel/libero_v9.1/softconsole/sourcery-g++/bin/../lib/gcc/arm-none-eabi/4.4.1/thumb2\libgcc.a(_aeabi_uldivmod.o)
                0x200071ec                __aeabi_uldivmod
 .text          0x20007218       0x58 c:/actel/libero_v9.1/softconsole/sourcery-g++/bin/../lib/gcc/arm-none-eabi/4.4.1/thumb2\libgcc.a(bpabi.o)
                0x20007218                __gnu_uldivmod_helper
                0x20007244                __gnu_ldivmod_helper
 .text          0x20007270      0x364 c:/actel/libero_v9.1/softconsole/sourcery-g++/bin/../lib/gcc/arm-none-eabi/4.4.1/thumb2\libgcc.a(_divdi3.o)
                0x20007270                __divdi3
 .text          0x200075d4      0x300 c:/actel/libero_v9.1/softconsole/sourcery-g++/bin/../lib/gcc/arm-none-eabi/4.4.1/thumb2\libgcc.a(_udivdi3.o)
                0x200075d4                __udivdi3
 *(.plt)
 *(.gnu.warning)
 *(.glue_7t)
 .glue_7t       0x00000000        0x0 linker stubs
 *(.glue_7)
 .glue_7        0x00000000        0x0 linker stubs
 *(.vfp11_veneer)
 .vfp11_veneer  0x00000000        0x0 linker stubs
                0x200078d4                . = ALIGN (0x4)
 *crtbegin.o(.ctors)
 *(EXCLUDE_FILE(*crtend.o) .ctors)
 *(SORT(.ctors.*))
 *crtend.o(.ctors)
 *crtbegin.o(.dtors)
 *(EXCLUDE_FILE(*crtend.o) .dtors)
 *(SORT(.dtors.*))
 *crtend.o(.dtors)
 *(.rodata .rodata.* .gnu.linkonce.r.*)
 .rodata        0x200078d4       0xb8 ./main.o
 .rodata        0x2000798c       0x10 ./mytimer.o
 .rodata        0x2000799c       0x1c C:/Users/knekritz/UMKarts/gc/SoftConsole/gc_MSS_MSS_CM3_0/gc_MSS_MSS_CM3_0_hw_platform/Debug/CMSIS/startup_gcc/newlib_stubs.o
 .rodata.C.18.2576
                0x200079b8       0x10 C:\Users\knekritz\UMKarts\gc\SoftConsole\gc_MSS_MSS_CM3_0\gc_MSS_MSS_CM3_0_hw_platform\Debug\libgc_MSS_MSS_CM3_0_hw_platform.a(system_a2fxxxm3.o)
 .rodata        0x200079c8        0x4 c:/actel/libero_v9.1/softconsole/sourcery-g++/bin/../lib/gcc/arm-none-eabi/4.4.1/../../../../arm-none-eabi/lib/thumb2\libc.a(lib_a-impure.o)
                0x200079c8                _global_impure_ptr
 .rodata.str1.4
                0x200079cc        0x2 c:/actel/libero_v9.1/softconsole/sourcery-g++/bin/../lib/gcc/arm-none-eabi/4.4.1/../../../../arm-none-eabi/lib/thumb2\libc.a(lib_a-impure.o)
                                  0x4 (size before relaxing)
 *fill*         0x200079ce        0x2 00
 .rodata.str1.4
                0x200079d0        0x2 c:/actel/libero_v9.1/softconsole/sourcery-g++/bin/../lib/gcc/arm-none-eabi/4.4.1/../../../../arm-none-eabi/lib/thumb2\libc.a(lib_a-puts.o)
                                  0x4 (size before relaxing)
 *fill*         0x200079d2        0x2 00
 .rodata        0x200079d4       0x20 c:/actel/libero_v9.1/softconsole/sourcery-g++/bin/../lib/gcc/arm-none-eabi/4.4.1/../../../../arm-none-eabi/lib/thumb2\libc.a(lib_a-vfprintf.o)
 .rodata.str1.4
                0x200079f4       0x42 c:/actel/libero_v9.1/softconsole/sourcery-g++/bin/../lib/gcc/arm-none-eabi/4.4.1/../../../../arm-none-eabi/lib/thumb2\libc.a(lib_a-vfprintf.o)
                                 0x44 (size before relaxing)
 *fill*         0x20007a36        0x2 00
 .rodata.str1.4
                0x20007a38       0x10 c:/actel/libero_v9.1/softconsole/sourcery-g++/bin/../lib/gcc/arm-none-eabi/4.4.1/../../../../arm-none-eabi/lib/thumb2\libc.a(lib_a-dtoa.o)
                                 0x14 (size before relaxing)
 .rodata        0x20007a48       0x60 c:/actel/libero_v9.1/softconsole/sourcery-g++/bin/../lib/gcc/arm-none-eabi/4.4.1/../../../../arm-none-eabi/lib/thumb2\libc.a(lib_a-findfp.o)
                0x20007a48                __sf_fake_stdin
                0x20007a68                __sf_fake_stdout
                0x20007a88                __sf_fake_stderr
 .rodata        0x20007aa8       0x34 c:/actel/libero_v9.1/softconsole/sourcery-g++/bin/../lib/gcc/arm-none-eabi/4.4.1/../../../../arm-none-eabi/lib/thumb2\libc.a(lib_a-locale.o)
 .rodata.str1.4
                0x20007adc       0x10 c:/actel/libero_v9.1/softconsole/sourcery-g++/bin/../lib/gcc/arm-none-eabi/4.4.1/../../../../arm-none-eabi/lib/thumb2\libc.a(lib_a-locale.o)
                                 0x18 (size before relaxing)
 *fill*         0x20007aec        0x4 00
 .rodata        0x20007af0      0x128 c:/actel/libero_v9.1/softconsole/sourcery-g++/bin/../lib/gcc/arm-none-eabi/4.4.1/../../../../arm-none-eabi/lib/thumb2\libc.a(lib_a-mprec.o)
                0x20007af0                __mprec_tens
                0x20007bc8                __mprec_bigtens
                0x20007bf0                __mprec_tinytens
 *(.ARM.extab* .gnu.linkonce.armextab.*)
 *(.gcc_except_table)
 *(.eh_frame_hdr)
 *(.eh_frame)
 *(.init)
 .init          0x20007c18        0x4 c:/actel/libero_v9.1/softconsole/sourcery-g++/bin/../lib/gcc/arm-none-eabi/4.4.1/thumb2/crti.o
                0x20007c18                _init
 .init          0x20007c1c        0x8 c:/actel/libero_v9.1/softconsole/sourcery-g++/bin/../lib/gcc/arm-none-eabi/4.4.1/thumb2/crtn.o
 *(.fini)
 .fini          0x20007c24        0x4 c:/actel/libero_v9.1/softconsole/sourcery-g++/bin/../lib/gcc/arm-none-eabi/4.4.1/thumb2/crti.o
                0x20007c24                _fini
 .fini          0x20007c28        0x8 c:/actel/libero_v9.1/softconsole/sourcery-g++/bin/../lib/gcc/arm-none-eabi/4.4.1/thumb2/crtn.o
                0x20007c30                PROVIDE (__preinit_array_start, .)
 *(.preinit_array)
                0x20007c30                PROVIDE (__preinit_array_end, .)
                0x20007c30                PROVIDE (__init_array_start, .)
 *(SORT(.init_array.*))
 *(.init_array)
 .init_array    0x20007c30        0x4 c:/actel/libero_v9.1/softconsole/sourcery-g++/bin/../lib/gcc/arm-none-eabi/4.4.1/thumb2/crtbegin.o
                0x20007c34                PROVIDE (__init_array_end, .)
                0x20007c34                PROVIDE (__fini_array_start, .)
 *(.fini_array)
 .fini_array    0x20007c34        0x4 c:/actel/libero_v9.1/softconsole/sourcery-g++/bin/../lib/gcc/arm-none-eabi/4.4.1/thumb2/crtbegin.o
 *(SORT(.fini_array.*))
                0x20007c38                PROVIDE (__fini_array_end, .)
                0x20007c38                __exidx_start = .

.v4_bx          0x20007c38        0x0
 .v4_bx         0x00000000        0x0 linker stubs

.ARM.exidx      0x20007c38        0x8
 *(.ARM.exidx* .gnu.linkonce.armexidx.*)
 .ARM.exidx     0x20007c38        0x8 c:/actel/libero_v9.1/softconsole/sourcery-g++/bin/../lib/gcc/arm-none-eabi/4.4.1/thumb2\libgcc.a(_divdi3.o)
 .ARM.exidx     0x20007c40        0x0 c:/actel/libero_v9.1/softconsole/sourcery-g++/bin/../lib/gcc/arm-none-eabi/4.4.1/thumb2\libgcc.a(_udivdi3.o)
                                  0x8 (size before relaxing)
                0x20007c40                __exidx_end = .
                0x20007c40                _etext = .
                0x20007c40                PROVIDE (__text_end, .)

.data           0x20007c40      0x520
                0x20007c40                __data_load = LOADADDR (.data)
                0x20007c40                _sidata = LOADADDR (.data)
                0x20007c40                __data_start = .
                0x20007c40                _sdata = .
 *(.jcr)
 .jcr           0x20007c40        0x0 c:/actel/libero_v9.1/softconsole/sourcery-g++/bin/../lib/gcc/arm-none-eabi/4.4.1/thumb2/crtbegin.o
 .jcr           0x20007c40        0x4 c:/actel/libero_v9.1/softconsole/sourcery-g++/bin/../lib/gcc/arm-none-eabi/4.4.1/thumb2/crtend.o
 *(.got.plt)
 *(.got)
 *(.shdata)
 *(.data .data.* .gnu.linkonce.d.*)
 .data.SystemFrequency
                0x20007c44        0x4 C:\Users\knekritz\UMKarts\gc\SoftConsole\gc_MSS_MSS_CM3_0\gc_MSS_MSS_CM3_0_hw_platform\Debug\libgc_MSS_MSS_CM3_0_hw_platform.a(system_a2fxxxm3.o)
                0x20007c44                SystemFrequency
 .data.SystemCoreClock
                0x20007c48        0x4 C:\Users\knekritz\UMKarts\gc\SoftConsole\gc_MSS_MSS_CM3_0\gc_MSS_MSS_CM3_0_hw_platform\Debug\libgc_MSS_MSS_CM3_0_hw_platform.a(system_a2fxxxm3.o)
                0x20007c48                SystemCoreClock
 .data.g_FrequencyPCLK0
                0x20007c4c        0x4 C:\Users\knekritz\UMKarts\gc\SoftConsole\gc_MSS_MSS_CM3_0\gc_MSS_MSS_CM3_0_hw_platform\Debug\libgc_MSS_MSS_CM3_0_hw_platform.a(system_a2fxxxm3.o)
                0x20007c4c                g_FrequencyPCLK0
 .data.g_FrequencyPCLK1
                0x20007c50        0x4 C:\Users\knekritz\UMKarts\gc\SoftConsole\gc_MSS_MSS_CM3_0\gc_MSS_MSS_CM3_0_hw_platform\Debug\libgc_MSS_MSS_CM3_0_hw_platform.a(system_a2fxxxm3.o)
                0x20007c50                g_FrequencyPCLK1
 .data.g_FrequencyACE
                0x20007c54        0x4 C:\Users\knekritz\UMKarts\gc\SoftConsole\gc_MSS_MSS_CM3_0\gc_MSS_MSS_CM3_0_hw_platform\Debug\libgc_MSS_MSS_CM3_0_hw_platform.a(system_a2fxxxm3.o)
                0x20007c54                g_FrequencyACE
 .data.g_FrequencyFPGA
                0x20007c58        0x4 C:\Users\knekritz\UMKarts\gc\SoftConsole\gc_MSS_MSS_CM3_0\gc_MSS_MSS_CM3_0_hw_platform\Debug\libgc_MSS_MSS_CM3_0_hw_platform.a(system_a2fxxxm3.o)
                0x20007c58                g_FrequencyFPGA
 .data          0x20007c5c       0xf4 c:/actel/libero_v9.1/softconsole/sourcery-g++/bin/../lib/gcc/arm-none-eabi/4.4.1/../../../../arm-none-eabi/lib/thumb2\libc.a(lib_a-impure.o)
                0x20007c5c                _impure_ptr
 .data          0x20007d50      0x410 c:/actel/libero_v9.1/softconsole/sourcery-g++/bin/../lib/gcc/arm-none-eabi/4.4.1/../../../../arm-none-eabi/lib/thumb2\libc.a(lib_a-mallocr.o)
                0x20007d50                __malloc_av_
                0x20008158                __malloc_sbrk_base
                0x2000815c                __malloc_trim_threshold
                0x20008160                . = ALIGN (0x4)
                0x20008160                _edata = .

.bss            0x20008160       0xd8
                0x20008160                __bss_start__ = .
                0x20008160                _sbss = .
 *(.shbss)
 *(.bss .bss.* .gnu.linkonce.b.*)
 .bss           0x20008160        0x1 c:/actel/libero_v9.1/softconsole/sourcery-g++/bin/../lib/gcc/arm-none-eabi/4.4.1/thumb2/crtbegin.o
 *fill*         0x20008161        0x3 00
 .bss.g_stdio_uart_init_done
                0x20008164        0x4 C:/Users/knekritz/UMKarts/gc/SoftConsole/gc_MSS_MSS_CM3_0/gc_MSS_MSS_CM3_0_hw_platform/Debug/CMSIS/startup_gcc/newlib_stubs.o
 .bss.heap_end.3594
                0x20008168        0x4 C:/Users/knekritz/UMKarts/gc/SoftConsole/gc_MSS_MSS_CM3_0/gc_MSS_MSS_CM3_0_hw_platform/Debug/CMSIS/startup_gcc/newlib_stubs.o
 .bss           0x2000816c       0x34 c:/actel/libero_v9.1/softconsole/sourcery-g++/bin/../lib/gcc/arm-none-eabi/4.4.1/../../../../arm-none-eabi/lib/thumb2\libc.a(lib_a-mallocr.o)
                0x2000816c                __malloc_top_pad
                0x20008170                __malloc_current_mallinfo
                0x20008198                __malloc_max_sbrked_mem
                0x2000819c                __malloc_max_total_mem
 *(COMMON)
 COMMON         0x200081a0       0x40 ./main.o
                0x200081a0                lastVals
                0x200081c8                GC
                0x200081cc                prevClock
                0x200081d0                count
                0x200081d4                curClock
                0x200081d8                period
                0x200081dc                cmpVal
 COMMON         0x200081e0       0x50 C:\Users\knekritz\UMKarts\gc\SoftConsole\gc_MSS_MSS_CM3_0\gc_MSS_MSS_CM3_0_hw_platform\Debug\libgc_MSS_MSS_CM3_0_hw_platform.a(mss_uart.o)
                0x200081e0                g_mss_uart1
                0x20008208                g_mss_uart0
 COMMON         0x20008230        0x4 c:/actel/libero_v9.1/softconsole/sourcery-g++/bin/../lib/gcc/arm-none-eabi/4.4.1/../../../../arm-none-eabi/lib/thumb2\libc.a(lib_a-reent.o)
                0x20008230                errno
                0x20008238                . = ALIGN (0x8)
 *fill*         0x20008234        0x4 00
                0x20008238                __bss_end__ = .
                0x20008238                _end = .
                0x20008238                __end = _end
                0x20008238                _ebss = .
                0x20008238                PROVIDE (end, .)

.stack          0x20008238     0x3000
                0x20008238                . = ALIGN (0x4)
                0x20009238                . = (. + PROCESS_STACK_SIZE)
 *fill*         0x20008238     0x1000 00
                0x20009238                . = ALIGN (0x4)
                0x2000b238                . = (. + MAIN_STACK_SIZE)
 *fill*         0x20009238     0x2000 00
                0x2000b238                . = ALIGN (0x4)

.stab
 *(.stab)

.stabstr
 *(.stabstr)

.debug
 *(.debug)

.line
 *(.line)

.debug_srcinfo
 *(.debug_srcinfo)

.debug_sfnames
 *(.debug_sfnames)

.comment        0x00000000       0xd7
 .comment       0x00000000       0x2b ./main.o
 .comment       0x0000002b       0x2b ./mytimer.o
 .comment       0x00000056       0x2b C:/Users/knekritz/UMKarts/gc/SoftConsole/gc_MSS_MSS_CM3_0/gc_MSS_MSS_CM3_0_hw_platform/Debug/CMSIS/startup_gcc/newlib_stubs.o
 .comment       0x00000081       0x2b C:\Users\knekritz\UMKarts\gc\SoftConsole\gc_MSS_MSS_CM3_0\gc_MSS_MSS_CM3_0_hw_platform\Debug\libgc_MSS_MSS_CM3_0_hw_platform.a(mss_uart.o)
 .comment       0x000000ac       0x2b C:\Users\knekritz\UMKarts\gc\SoftConsole\gc_MSS_MSS_CM3_0\gc_MSS_MSS_CM3_0_hw_platform\Debug\libgc_MSS_MSS_CM3_0_hw_platform.a(system_a2fxxxm3.o)

.debug_aranges  0x00000000      0x2b8
 *(.debug_aranges)
 .debug_aranges
                0x00000000       0x48 ./main.o
 .debug_aranges
                0x00000048       0xc0 ./mytimer.o
 .debug_aranges
                0x00000108       0xa8 C:/Users/knekritz/UMKarts/gc/SoftConsole/gc_MSS_MSS_CM3_0/gc_MSS_MSS_CM3_0_hw_platform/Debug/CMSIS/startup_gcc/newlib_stubs.o
 .debug_aranges
                0x000001b0       0xd8 C:\Users\knekritz\UMKarts\gc\SoftConsole\gc_MSS_MSS_CM3_0\gc_MSS_MSS_CM3_0_hw_platform\Debug\libgc_MSS_MSS_CM3_0_hw_platform.a(mss_uart.o)
 .debug_aranges
                0x00000288       0x30 C:\Users\knekritz\UMKarts\gc\SoftConsole\gc_MSS_MSS_CM3_0\gc_MSS_MSS_CM3_0_hw_platform\Debug\libgc_MSS_MSS_CM3_0_hw_platform.a(system_a2fxxxm3.o)

.debug_pubnames
                0x00000000      0x6cf
 *(.debug_pubnames)
 .debug_pubnames
                0x00000000       0xbb ./main.o
 .debug_pubnames
                0x000000bb      0x259 ./mytimer.o
 .debug_pubnames
                0x00000314       0xeb C:/Users/knekritz/UMKarts/gc/SoftConsole/gc_MSS_MSS_CM3_0/gc_MSS_MSS_CM3_0_hw_platform/Debug/CMSIS/startup_gcc/newlib_stubs.o
 .debug_pubnames
                0x000003ff      0x21c C:\Users\knekritz\UMKarts\gc\SoftConsole\gc_MSS_MSS_CM3_0\gc_MSS_MSS_CM3_0_hw_platform\Debug\libgc_MSS_MSS_CM3_0_hw_platform.a(mss_uart.o)
 .debug_pubnames
                0x0000061b       0xb4 C:\Users\knekritz\UMKarts\gc\SoftConsole\gc_MSS_MSS_CM3_0\gc_MSS_MSS_CM3_0_hw_platform\Debug\libgc_MSS_MSS_CM3_0_hw_platform.a(system_a2fxxxm3.o)

.debug_info     0x00000000     0x3894
 *(.debug_info .gnu.linkonce.wi.*)
 .debug_info    0x00000000      0x984 ./main.o
 .debug_info    0x00000984      0x340 ./mytimer.o
 .debug_info    0x00000cc4     0x10f0 C:/Users/knekritz/UMKarts/gc/SoftConsole/gc_MSS_MSS_CM3_0/gc_MSS_MSS_CM3_0_hw_platform/Debug/CMSIS/startup_gcc/newlib_stubs.o
 .debug_info    0x00001db4     0x15a4 C:\Users\knekritz\UMKarts\gc\SoftConsole\gc_MSS_MSS_CM3_0\gc_MSS_MSS_CM3_0_hw_platform\Debug\libgc_MSS_MSS_CM3_0_hw_platform.a(mss_uart.o)
 .debug_info    0x00003358      0x53c C:\Users\knekritz\UMKarts\gc\SoftConsole\gc_MSS_MSS_CM3_0\gc_MSS_MSS_CM3_0_hw_platform\Debug\libgc_MSS_MSS_CM3_0_hw_platform.a(system_a2fxxxm3.o)

.debug_abbrev   0x00000000      0x803
 *(.debug_abbrev)
 .debug_abbrev  0x00000000      0x1b5 ./main.o
 .debug_abbrev  0x000001b5      0x104 ./mytimer.o
 .debug_abbrev  0x000002b9      0x1f4 C:/Users/knekritz/UMKarts/gc/SoftConsole/gc_MSS_MSS_CM3_0/gc_MSS_MSS_CM3_0_hw_platform/Debug/CMSIS/startup_gcc/newlib_stubs.o
 .debug_abbrev  0x000004ad      0x245 C:\Users\knekritz\UMKarts\gc\SoftConsole\gc_MSS_MSS_CM3_0\gc_MSS_MSS_CM3_0_hw_platform\Debug\libgc_MSS_MSS_CM3_0_hw_platform.a(mss_uart.o)
 .debug_abbrev  0x000006f2      0x111 C:\Users\knekritz\UMKarts\gc\SoftConsole\gc_MSS_MSS_CM3_0\gc_MSS_MSS_CM3_0_hw_platform\Debug\libgc_MSS_MSS_CM3_0_hw_platform.a(system_a2fxxxm3.o)

.debug_line     0x00000000     0x1702
 *(.debug_line)
 .debug_line    0x00000000      0x515 ./main.o
 .debug_line    0x00000515      0x4d3 ./mytimer.o
 .debug_line    0x000009e8      0x515 C:/Users/knekritz/UMKarts/gc/SoftConsole/gc_MSS_MSS_CM3_0/gc_MSS_MSS_CM3_0_hw_platform/Debug/CMSIS/startup_gcc/newlib_stubs.o
 .debug_line    0x00000efd      0x581 C:\Users\knekritz\UMKarts\gc\SoftConsole\gc_MSS_MSS_CM3_0\gc_MSS_MSS_CM3_0_hw_platform\Debug\libgc_MSS_MSS_CM3_0_hw_platform.a(mss_uart.o)
 .debug_line    0x0000147e      0x284 C:\Users\knekritz\UMKarts\gc\SoftConsole\gc_MSS_MSS_CM3_0\gc_MSS_MSS_CM3_0_hw_platform\Debug\libgc_MSS_MSS_CM3_0_hw_platform.a(system_a2fxxxm3.o)

.debug_frame    0x00000000     0x14a0
 *(.debug_frame)
 .debug_frame   0x00000000       0xcc ./main.o
 .debug_frame   0x000000cc      0x224 ./mytimer.o
 .debug_frame   0x000002f0      0x220 C:/Users/knekritz/UMKarts/gc/SoftConsole/gc_MSS_MSS_CM3_0/gc_MSS_MSS_CM3_0_hw_platform/Debug/CMSIS/startup_gcc/newlib_stubs.o
 .debug_frame   0x00000510      0x2e4 C:\Users\knekritz\UMKarts\gc\SoftConsole\gc_MSS_MSS_CM3_0\gc_MSS_MSS_CM3_0_hw_platform\Debug\libgc_MSS_MSS_CM3_0_hw_platform.a(mss_uart.o)
 .debug_frame   0x000007f4       0x64 C:\Users\knekritz\UMKarts\gc\SoftConsole\gc_MSS_MSS_CM3_0\gc_MSS_MSS_CM3_0_hw_platform\Debug\libgc_MSS_MSS_CM3_0_hw_platform.a(system_a2fxxxm3.o)
 .debug_frame   0x00000858       0x20 c:/actel/libero_v9.1/softconsole/sourcery-g++/bin/../lib/gcc/arm-none-eabi/4.4.1/../../../../arm-none-eabi/lib/thumb2\libc.a(lib_a-errno.o)
 .debug_frame   0x00000878       0x2c c:/actel/libero_v9.1/softconsole/sourcery-g++/bin/../lib/gcc/arm-none-eabi/4.4.1/../../../../arm-none-eabi/lib/thumb2\libc.a(lib_a-init.o)
 .debug_frame   0x000008a4       0x30 c:/actel/libero_v9.1/softconsole/sourcery-g++/bin/../lib/gcc/arm-none-eabi/4.4.1/../../../../arm-none-eabi/lib/thumb2\libc.a(lib_a-malloc.o)
 .debug_frame   0x000008d4       0x3c c:/actel/libero_v9.1/softconsole/sourcery-g++/bin/../lib/gcc/arm-none-eabi/4.4.1/../../../../arm-none-eabi/lib/thumb2\libc.a(lib_a-mallocr.o)
 .debug_frame   0x00000910       0x30 c:/actel/libero_v9.1/softconsole/sourcery-g++/bin/../lib/gcc/arm-none-eabi/4.4.1/../../../../arm-none-eabi/lib/thumb2\libc.a(lib_a-mlock.o)
 .debug_frame   0x00000940       0x5c c:/actel/libero_v9.1/softconsole/sourcery-g++/bin/../lib/gcc/arm-none-eabi/4.4.1/../../../../arm-none-eabi/lib/thumb2\libc.a(lib_a-printf.o)
 .debug_frame   0x0000099c       0x40 c:/actel/libero_v9.1/softconsole/sourcery-g++/bin/../lib/gcc/arm-none-eabi/4.4.1/../../../../arm-none-eabi/lib/thumb2\libc.a(lib_a-puts.o)
 .debug_frame   0x000009dc       0x2c c:/actel/libero_v9.1/softconsole/sourcery-g++/bin/../lib/gcc/arm-none-eabi/4.4.1/../../../../arm-none-eabi/lib/thumb2\libc.a(lib_a-sbrkr.o)
 .debug_frame   0x00000a08       0x20 c:/actel/libero_v9.1/softconsole/sourcery-g++/bin/../lib/gcc/arm-none-eabi/4.4.1/../../../../arm-none-eabi/lib/thumb2\libc.a(lib_a-strlen.o)
 .debug_frame   0x00000a28       0x70 c:/actel/libero_v9.1/softconsole/sourcery-g++/bin/../lib/gcc/arm-none-eabi/4.4.1/../../../../arm-none-eabi/lib/thumb2\libc.a(lib_a-vfprintf.o)
 .debug_frame   0x00000a98       0x2c c:/actel/libero_v9.1/softconsole/sourcery-g++/bin/../lib/gcc/arm-none-eabi/4.4.1/../../../../arm-none-eabi/lib/thumb2\libc.a(lib_a-wsetup.o)
 .debug_frame   0x00000ac4       0x64 c:/actel/libero_v9.1/softconsole/sourcery-g++/bin/../lib/gcc/arm-none-eabi/4.4.1/../../../../arm-none-eabi/lib/thumb2\libc.a(lib_a-dtoa.o)
 .debug_frame   0x00000b28       0x40 c:/actel/libero_v9.1/softconsole/sourcery-g++/bin/../lib/gcc/arm-none-eabi/4.4.1/../../../../arm-none-eabi/lib/thumb2\libc.a(lib_a-fflush.o)
 .debug_frame   0x00000b68      0x11c c:/actel/libero_v9.1/softconsole/sourcery-g++/bin/../lib/gcc/arm-none-eabi/4.4.1/../../../../arm-none-eabi/lib/thumb2\libc.a(lib_a-findfp.o)
 .debug_frame   0x00000c84       0x50 c:/actel/libero_v9.1/softconsole/sourcery-g++/bin/../lib/gcc/arm-none-eabi/4.4.1/../../../../arm-none-eabi/lib/thumb2\libc.a(lib_a-freer.o)
 .debug_frame   0x00000cd4       0x3c c:/actel/libero_v9.1/softconsole/sourcery-g++/bin/../lib/gcc/arm-none-eabi/4.4.1/../../../../arm-none-eabi/lib/thumb2\libc.a(lib_a-fvwrite.o)
 .debug_frame   0x00000d10       0x54 c:/actel/libero_v9.1/softconsole/sourcery-g++/bin/../lib/gcc/arm-none-eabi/4.4.1/../../../../arm-none-eabi/lib/thumb2\libc.a(lib_a-fwalk.o)
 .debug_frame   0x00000d64       0x6c c:/actel/libero_v9.1/softconsole/sourcery-g++/bin/../lib/gcc/arm-none-eabi/4.4.1/../../../../arm-none-eabi/lib/thumb2\libc.a(lib_a-locale.o)
 .debug_frame   0x00000dd0       0x34 c:/actel/libero_v9.1/softconsole/sourcery-g++/bin/../lib/gcc/arm-none-eabi/4.4.1/../../../../arm-none-eabi/lib/thumb2\libc.a(lib_a-makebuf.o)
 .debug_frame   0x00000e04       0x28 c:/actel/libero_v9.1/softconsole/sourcery-g++/bin/../lib/gcc/arm-none-eabi/4.4.1/../../../../arm-none-eabi/lib/thumb2\libc.a(lib_a-memchr.o)
 .debug_frame   0x00000e2c       0x34 c:/actel/libero_v9.1/softconsole/sourcery-g++/bin/../lib/gcc/arm-none-eabi/4.4.1/../../../../arm-none-eabi/lib/thumb2\libc.a(lib_a-memcpy.o)
 .debug_frame   0x00000e60       0x2c c:/actel/libero_v9.1/softconsole/sourcery-g++/bin/../lib/gcc/arm-none-eabi/4.4.1/../../../../arm-none-eabi/lib/thumb2\libc.a(lib_a-memmove.o)
 .debug_frame   0x00000e8c       0x28 c:/actel/libero_v9.1/softconsole/sourcery-g++/bin/../lib/gcc/arm-none-eabi/4.4.1/../../../../arm-none-eabi/lib/thumb2\libc.a(lib_a-memset.o)
 .debug_frame   0x00000eb4      0x240 c:/actel/libero_v9.1/softconsole/sourcery-g++/bin/../lib/gcc/arm-none-eabi/4.4.1/../../../../arm-none-eabi/lib/thumb2\libc.a(lib_a-mprec.o)
 .debug_frame   0x000010f4       0x3c c:/actel/libero_v9.1/softconsole/sourcery-g++/bin/../lib/gcc/arm-none-eabi/4.4.1/../../../../arm-none-eabi/lib/thumb2\libc.a(lib_a-reallocr.o)
 .debug_frame   0x00001130       0x64 c:/actel/libero_v9.1/softconsole/sourcery-g++/bin/../lib/gcc/arm-none-eabi/4.4.1/../../../../arm-none-eabi/lib/thumb2\libc.a(lib_a-reent.o)
 .debug_frame   0x00001194       0x20 c:/actel/libero_v9.1/softconsole/sourcery-g++/bin/../lib/gcc/arm-none-eabi/4.4.1/../../../../arm-none-eabi/lib/thumb2\libc.a(lib_a-s_isinfd.o)
 .debug_frame   0x000011b4       0x20 c:/actel/libero_v9.1/softconsole/sourcery-g++/bin/../lib/gcc/arm-none-eabi/4.4.1/../../../../arm-none-eabi/lib/thumb2\libc.a(lib_a-s_isnand.o)
 .debug_frame   0x000011d4       0x70 c:/actel/libero_v9.1/softconsole/sourcery-g++/bin/../lib/gcc/arm-none-eabi/4.4.1/../../../../arm-none-eabi/lib/thumb2\libc.a(lib_a-stdio.o)
 .debug_frame   0x00001244       0x30 c:/actel/libero_v9.1/softconsole/sourcery-g++/bin/../lib/gcc/arm-none-eabi/4.4.1/../../../../arm-none-eabi/lib/thumb2\libc.a(lib_a-strcmp.o)
 .debug_frame   0x00001274       0x2c c:/actel/libero_v9.1/softconsole/sourcery-g++/bin/../lib/gcc/arm-none-eabi/4.4.1/../../../../arm-none-eabi/lib/thumb2\libc.a(lib_a-callocr.o)
 .debug_frame   0x000012a0       0x2c c:/actel/libero_v9.1/softconsole/sourcery-g++/bin/../lib/gcc/arm-none-eabi/4.4.1/../../../../arm-none-eabi/lib/thumb2\libc.a(lib_a-closer.o)
 .debug_frame   0x000012cc       0x3c c:/actel/libero_v9.1/softconsole/sourcery-g++/bin/../lib/gcc/arm-none-eabi/4.4.1/../../../../arm-none-eabi/lib/thumb2\libc.a(lib_a-fclose.o)
 .debug_frame   0x00001308       0x2c c:/actel/libero_v9.1/softconsole/sourcery-g++/bin/../lib/gcc/arm-none-eabi/4.4.1/../../../../arm-none-eabi/lib/thumb2\libc.a(lib_a-fstatr.o)
 .debug_frame   0x00001334       0x2c c:/actel/libero_v9.1/softconsole/sourcery-g++/bin/../lib/gcc/arm-none-eabi/4.4.1/../../../../arm-none-eabi/lib/thumb2\libc.a(lib_a-isattyr.o)
 .debug_frame   0x00001360       0x2c c:/actel/libero_v9.1/softconsole/sourcery-g++/bin/../lib/gcc/arm-none-eabi/4.4.1/../../../../arm-none-eabi/lib/thumb2\libc.a(lib_a-lseekr.o)
 .debug_frame   0x0000138c       0x2c c:/actel/libero_v9.1/softconsole/sourcery-g++/bin/../lib/gcc/arm-none-eabi/4.4.1/../../../../arm-none-eabi/lib/thumb2\libc.a(lib_a-readr.o)
 .debug_frame   0x000013b8       0x20 c:/actel/libero_v9.1/softconsole/sourcery-g++/bin/../lib/gcc/arm-none-eabi/4.4.1/thumb2\libgcc.a(_udivsi3.o)
 .debug_frame   0x000013d8       0x50 c:/actel/libero_v9.1/softconsole/sourcery-g++/bin/../lib/gcc/arm-none-eabi/4.4.1/thumb2\libgcc.a(bpabi.o)
 .debug_frame   0x00001428       0x3c c:/actel/libero_v9.1/softconsole/sourcery-g++/bin/../lib/gcc/arm-none-eabi/4.4.1/thumb2\libgcc.a(_divdi3.o)
 .debug_frame   0x00001464       0x3c c:/actel/libero_v9.1/softconsole/sourcery-g++/bin/../lib/gcc/arm-none-eabi/4.4.1/thumb2\libgcc.a(_udivdi3.o)

.debug_str      0x00000000     0x1ae0
 *(.debug_str)
 .debug_str     0x00000000      0xcbb ./main.o
                                0xd21 (size before relaxing)
 .debug_str     0x00000cbb      0x24e ./mytimer.o
                                0x35e (size before relaxing)
 .debug_str     0x00000f09      0x503 C:/Users/knekritz/UMKarts/gc/SoftConsole/gc_MSS_MSS_CM3_0/gc_MSS_MSS_CM3_0_hw_platform/Debug/CMSIS/startup_gcc/newlib_stubs.o
                               0x109d (size before relaxing)
 .debug_str     0x0000140c      0x5dd C:\Users\knekritz\UMKarts\gc\SoftConsole\gc_MSS_MSS_CM3_0\gc_MSS_MSS_CM3_0_hw_platform\Debug\libgc_MSS_MSS_CM3_0_hw_platform.a(mss_uart.o)
                               0x14ae (size before relaxing)
 .debug_str     0x000019e9       0xf7 C:\Users\knekritz\UMKarts\gc\SoftConsole\gc_MSS_MSS_CM3_0\gc_MSS_MSS_CM3_0_hw_platform\Debug\libgc_MSS_MSS_CM3_0_hw_platform.a(system_a2fxxxm3.o)
                                0x451 (size before relaxing)

.debug_loc      0x00000000      0xe70
 *(.debug_loc)
 .debug_loc     0x00000000      0x13e ./main.o
 .debug_loc     0x0000013e      0x3c3 ./mytimer.o
 .debug_loc     0x00000501      0x3c6 C:/Users/knekritz/UMKarts/gc/SoftConsole/gc_MSS_MSS_CM3_0/gc_MSS_MSS_CM3_0_hw_platform/Debug/CMSIS/startup_gcc/newlib_stubs.o
 .debug_loc     0x000008c7      0x510 C:\Users\knekritz\UMKarts\gc\SoftConsole\gc_MSS_MSS_CM3_0\gc_MSS_MSS_CM3_0_hw_platform\Debug\libgc_MSS_MSS_CM3_0_hw_platform.a(mss_uart.o)
 .debug_loc     0x00000dd7       0x99 C:\Users\knekritz\UMKarts\gc\SoftConsole\gc_MSS_MSS_CM3_0\gc_MSS_MSS_CM3_0_hw_platform\Debug\libgc_MSS_MSS_CM3_0_hw_platform.a(system_a2fxxxm3.o)

.debug_macinfo  0x00000000    0x25a05
 *(.debug_macinfo)
 .debug_macinfo
                0x00000000     0x8488 ./main.o
 .debug_macinfo
                0x00008488     0x7d9b ./mytimer.o
 .debug_macinfo
                0x00010223     0x9965 C:/Users/knekritz/UMKarts/gc/SoftConsole/gc_MSS_MSS_CM3_0/gc_MSS_MSS_CM3_0_hw_platform/Debug/CMSIS/startup_gcc/newlib_stubs.o
 .debug_macinfo
                0x00019b88     0x63e4 C:\Users\knekritz\UMKarts\gc\SoftConsole\gc_MSS_MSS_CM3_0\gc_MSS_MSS_CM3_0_hw_platform\Debug\libgc_MSS_MSS_CM3_0_hw_platform.a(mss_uart.o)
 .debug_macinfo
                0x0001ff6c     0x5a99 C:\Users\knekritz\UMKarts\gc\SoftConsole\gc_MSS_MSS_CM3_0\gc_MSS_MSS_CM3_0_hw_platform\Debug\libgc_MSS_MSS_CM3_0_hw_platform.a(system_a2fxxxm3.o)

.debug_weaknames
 *(.debug_weaknames)

.debug_funcnames
 *(.debug_funcnames)

.debug_typenames
 *(.debug_typenames)

.debug_varnames
 *(.debug_varnames)

.note.gnu.arm.ident
 *(.note.gnu.arm.ident)

.ARM.attributes
                0x00000000       0x25
 *(.ARM.attributes)
 .ARM.attributes
                0x00000000       0x19 c:/actel/libero_v9.1/softconsole/sourcery-g++/bin/../lib/gcc/arm-none-eabi/4.4.1/thumb2/crti.o
 .ARM.attributes
                0x00000019       0x29 c:/actel/libero_v9.1/softconsole/sourcery-g++/bin/../lib/gcc/arm-none-eabi/4.4.1/thumb2/crtbegin.o
 .ARM.attributes
                0x00000042       0x31 ./main.o
 .ARM.attributes
                0x00000073       0x31 ./mytimer.o
 .ARM.attributes
                0x000000a4       0x21 C:/Users/knekritz/UMKarts/gc/SoftConsole/gc_MSS_MSS_CM3_0/gc_MSS_MSS_CM3_0_hw_platform/Debug/CMSIS/startup_gcc/startup_a2fxxxm3.o
 .ARM.attributes
                0x000000c5       0x31 C:/Users/knekritz/UMKarts/gc/SoftConsole/gc_MSS_MSS_CM3_0/gc_MSS_MSS_CM3_0_hw_platform/Debug/CMSIS/startup_gcc/newlib_stubs.o
 .ARM.attributes
                0x000000f6       0x31 C:\Users\knekritz\UMKarts\gc\SoftConsole\gc_MSS_MSS_CM3_0\gc_MSS_MSS_CM3_0_hw_platform\Debug\libgc_MSS_MSS_CM3_0_hw_platform.a(mss_uart.o)
 .ARM.attributes
                0x00000127       0x31 C:\Users\knekritz\UMKarts\gc\SoftConsole\gc_MSS_MSS_CM3_0\gc_MSS_MSS_CM3_0_hw_platform\Debug\libgc_MSS_MSS_CM3_0_hw_platform.a(system_a2fxxxm3.o)
 .ARM.attributes
                0x00000158       0x1b c:/actel/libero_v9.1/softconsole/sourcery-g++/bin/../lib/gcc/arm-none-eabi/4.4.1/thumb2\libgcc.a(_arm_addsubdf3.o)
 .ARM.attributes
                0x00000173       0x1b c:/actel/libero_v9.1/softconsole/sourcery-g++/bin/../lib/gcc/arm-none-eabi/4.4.1/thumb2\libgcc.a(_arm_muldivdf3.o)
 .ARM.attributes
                0x0000018e       0x1b c:/actel/libero_v9.1/softconsole/sourcery-g++/bin/../lib/gcc/arm-none-eabi/4.4.1/thumb2\libgcc.a(_arm_cmpdf2.o)
 .ARM.attributes
                0x000001a9       0x1b c:/actel/libero_v9.1/softconsole/sourcery-g++/bin/../lib/gcc/arm-none-eabi/4.4.1/thumb2\libgcc.a(_arm_fixunsdfsi.o)
 .ARM.attributes
                0x000001c4       0x29 c:/actel/libero_v9.1/softconsole/sourcery-g++/bin/../lib/gcc/arm-none-eabi/4.4.1/../../../../arm-none-eabi/lib/thumb2\libc.a(lib_a-errno.o)
 .ARM.attributes
                0x000001ed       0x29 c:/actel/libero_v9.1/softconsole/sourcery-g++/bin/../lib/gcc/arm-none-eabi/4.4.1/../../../../arm-none-eabi/lib/thumb2\libc.a(lib_a-impure.o)
 .ARM.attributes
                0x00000216       0x29 c:/actel/libero_v9.1/softconsole/sourcery-g++/bin/../lib/gcc/arm-none-eabi/4.4.1/../../../../arm-none-eabi/lib/thumb2\libc.a(lib_a-init.o)
 .ARM.attributes
                0x0000023f       0x29 c:/actel/libero_v9.1/softconsole/sourcery-g++/bin/../lib/gcc/arm-none-eabi/4.4.1/../../../../arm-none-eabi/lib/thumb2\libc.a(lib_a-malloc.o)
 .ARM.attributes
                0x00000268       0x29 c:/actel/libero_v9.1/softconsole/sourcery-g++/bin/../lib/gcc/arm-none-eabi/4.4.1/../../../../arm-none-eabi/lib/thumb2\libc.a(lib_a-mallocr.o)
 .ARM.attributes
                0x00000291       0x29 c:/actel/libero_v9.1/softconsole/sourcery-g++/bin/../lib/gcc/arm-none-eabi/4.4.1/../../../../arm-none-eabi/lib/thumb2\libc.a(lib_a-mlock.o)
 .ARM.attributes
                0x000002ba       0x29 c:/actel/libero_v9.1/softconsole/sourcery-g++/bin/../lib/gcc/arm-none-eabi/4.4.1/../../../../arm-none-eabi/lib/thumb2\libc.a(lib_a-printf.o)
 .ARM.attributes
                0x000002e3       0x29 c:/actel/libero_v9.1/softconsole/sourcery-g++/bin/../lib/gcc/arm-none-eabi/4.4.1/../../../../arm-none-eabi/lib/thumb2\libc.a(lib_a-puts.o)
 .ARM.attributes
                0x0000030c       0x29 c:/actel/libero_v9.1/softconsole/sourcery-g++/bin/../lib/gcc/arm-none-eabi/4.4.1/../../../../arm-none-eabi/lib/thumb2\libc.a(lib_a-sbrkr.o)
 .ARM.attributes
                0x00000335       0x29 c:/actel/libero_v9.1/softconsole/sourcery-g++/bin/../lib/gcc/arm-none-eabi/4.4.1/../../../../arm-none-eabi/lib/thumb2\libc.a(lib_a-strlen.o)
 .ARM.attributes
                0x0000035e       0x29 c:/actel/libero_v9.1/softconsole/sourcery-g++/bin/../lib/gcc/arm-none-eabi/4.4.1/../../../../arm-none-eabi/lib/thumb2\libc.a(lib_a-vfprintf.o)
 .ARM.attributes
                0x00000387       0x29 c:/actel/libero_v9.1/softconsole/sourcery-g++/bin/../lib/gcc/arm-none-eabi/4.4.1/../../../../arm-none-eabi/lib/thumb2\libc.a(lib_a-wsetup.o)
 .ARM.attributes
                0x000003b0       0x29 c:/actel/libero_v9.1/softconsole/sourcery-g++/bin/../lib/gcc/arm-none-eabi/4.4.1/../../../../arm-none-eabi/lib/thumb2\libc.a(lib_a-dtoa.o)
 .ARM.attributes
                0x000003d9       0x29 c:/actel/libero_v9.1/softconsole/sourcery-g++/bin/../lib/gcc/arm-none-eabi/4.4.1/../../../../arm-none-eabi/lib/thumb2\libc.a(lib_a-fflush.o)
 .ARM.attributes
                0x00000402       0x29 c:/actel/libero_v9.1/softconsole/sourcery-g++/bin/../lib/gcc/arm-none-eabi/4.4.1/../../../../arm-none-eabi/lib/thumb2\libc.a(lib_a-findfp.o)
 .ARM.attributes
                0x0000042b       0x29 c:/actel/libero_v9.1/softconsole/sourcery-g++/bin/../lib/gcc/arm-none-eabi/4.4.1/../../../../arm-none-eabi/lib/thumb2\libc.a(lib_a-freer.o)
 .ARM.attributes
                0x00000454       0x29 c:/actel/libero_v9.1/softconsole/sourcery-g++/bin/../lib/gcc/arm-none-eabi/4.4.1/../../../../arm-none-eabi/lib/thumb2\libc.a(lib_a-fvwrite.o)
 .ARM.attributes
                0x0000047d       0x29 c:/actel/libero_v9.1/softconsole/sourcery-g++/bin/../lib/gcc/arm-none-eabi/4.4.1/../../../../arm-none-eabi/lib/thumb2\libc.a(lib_a-fwalk.o)
 .ARM.attributes
                0x000004a6       0x29 c:/actel/libero_v9.1/softconsole/sourcery-g++/bin/../lib/gcc/arm-none-eabi/4.4.1/../../../../arm-none-eabi/lib/thumb2\libc.a(lib_a-locale.o)
 .ARM.attributes
                0x000004cf       0x29 c:/actel/libero_v9.1/softconsole/sourcery-g++/bin/../lib/gcc/arm-none-eabi/4.4.1/../../../../arm-none-eabi/lib/thumb2\libc.a(lib_a-makebuf.o)
 .ARM.attributes
                0x000004f8       0x29 c:/actel/libero_v9.1/softconsole/sourcery-g++/bin/../lib/gcc/arm-none-eabi/4.4.1/../../../../arm-none-eabi/lib/thumb2\libc.a(lib_a-memchr.o)
 .ARM.attributes
                0x00000521       0x29 c:/actel/libero_v9.1/softconsole/sourcery-g++/bin/../lib/gcc/arm-none-eabi/4.4.1/../../../../arm-none-eabi/lib/thumb2\libc.a(lib_a-memcpy.o)
 .ARM.attributes
                0x0000054a       0x29 c:/actel/libero_v9.1/softconsole/sourcery-g++/bin/../lib/gcc/arm-none-eabi/4.4.1/../../../../arm-none-eabi/lib/thumb2\libc.a(lib_a-memmove.o)
 .ARM.attributes
                0x00000573       0x29 c:/actel/libero_v9.1/softconsole/sourcery-g++/bin/../lib/gcc/arm-none-eabi/4.4.1/../../../../arm-none-eabi/lib/thumb2\libc.a(lib_a-memset.o)
 .ARM.attributes
                0x0000059c       0x29 c:/actel/libero_v9.1/softconsole/sourcery-g++/bin/../lib/gcc/arm-none-eabi/4.4.1/../../../../arm-none-eabi/lib/thumb2\libc.a(lib_a-mprec.o)
 .ARM.attributes
                0x000005c5       0x29 c:/actel/libero_v9.1/softconsole/sourcery-g++/bin/../lib/gcc/arm-none-eabi/4.4.1/../../../../arm-none-eabi/lib/thumb2\libc.a(lib_a-reallocr.o)
 .ARM.attributes
                0x000005ee       0x29 c:/actel/libero_v9.1/softconsole/sourcery-g++/bin/../lib/gcc/arm-none-eabi/4.4.1/../../../../arm-none-eabi/lib/thumb2\libc.a(lib_a-reent.o)
 .ARM.attributes
                0x00000617       0x29 c:/actel/libero_v9.1/softconsole/sourcery-g++/bin/../lib/gcc/arm-none-eabi/4.4.1/../../../../arm-none-eabi/lib/thumb2\libc.a(lib_a-s_isinfd.o)
 .ARM.attributes
                0x00000640       0x29 c:/actel/libero_v9.1/softconsole/sourcery-g++/bin/../lib/gcc/arm-none-eabi/4.4.1/../../../../arm-none-eabi/lib/thumb2\libc.a(lib_a-s_isnand.o)
 .ARM.attributes
                0x00000669       0x29 c:/actel/libero_v9.1/softconsole/sourcery-g++/bin/../lib/gcc/arm-none-eabi/4.4.1/../../../../arm-none-eabi/lib/thumb2\libc.a(lib_a-stdio.o)
 .ARM.attributes
                0x00000692       0x29 c:/actel/libero_v9.1/softconsole/sourcery-g++/bin/../lib/gcc/arm-none-eabi/4.4.1/../../../../arm-none-eabi/lib/thumb2\libc.a(lib_a-strcmp.o)
 .ARM.attributes
                0x000006bb       0x29 c:/actel/libero_v9.1/softconsole/sourcery-g++/bin/../lib/gcc/arm-none-eabi/4.4.1/../../../../arm-none-eabi/lib/thumb2\libc.a(lib_a-callocr.o)
 .ARM.attributes
                0x000006e4       0x29 c:/actel/libero_v9.1/softconsole/sourcery-g++/bin/../lib/gcc/arm-none-eabi/4.4.1/../../../../arm-none-eabi/lib/thumb2\libc.a(lib_a-closer.o)
 .ARM.attributes
                0x0000070d       0x29 c:/actel/libero_v9.1/softconsole/sourcery-g++/bin/../lib/gcc/arm-none-eabi/4.4.1/../../../../arm-none-eabi/lib/thumb2\libc.a(lib_a-fclose.o)
 .ARM.attributes
                0x00000736       0x29 c:/actel/libero_v9.1/softconsole/sourcery-g++/bin/../lib/gcc/arm-none-eabi/4.4.1/../../../../arm-none-eabi/lib/thumb2\libc.a(lib_a-fstatr.o)
 .ARM.attributes
                0x0000075f       0x29 c:/actel/libero_v9.1/softconsole/sourcery-g++/bin/../lib/gcc/arm-none-eabi/4.4.1/../../../../arm-none-eabi/lib/thumb2\libc.a(lib_a-isattyr.o)
 .ARM.attributes
                0x00000788       0x29 c:/actel/libero_v9.1/softconsole/sourcery-g++/bin/../lib/gcc/arm-none-eabi/4.4.1/../../../../arm-none-eabi/lib/thumb2\libc.a(lib_a-lseekr.o)
 .ARM.attributes
                0x000007b1       0x29 c:/actel/libero_v9.1/softconsole/sourcery-g++/bin/../lib/gcc/arm-none-eabi/4.4.1/../../../../arm-none-eabi/lib/thumb2\libc.a(lib_a-readr.o)
 .ARM.attributes
                0x000007da       0x1b c:/actel/libero_v9.1/softconsole/sourcery-g++/bin/../lib/gcc/arm-none-eabi/4.4.1/thumb2\libgcc.a(_udivsi3.o)
 .ARM.attributes
                0x000007f5       0x1b c:/actel/libero_v9.1/softconsole/sourcery-g++/bin/../lib/gcc/arm-none-eabi/4.4.1/thumb2\libgcc.a(_dvmd_tls.o)
 .ARM.attributes
                0x00000810       0x1b c:/actel/libero_v9.1/softconsole/sourcery-g++/bin/../lib/gcc/arm-none-eabi/4.4.1/thumb2\libgcc.a(_arm_fixdfsi.o)
 .ARM.attributes
                0x0000082b       0x1b c:/actel/libero_v9.1/softconsole/sourcery-g++/bin/../lib/gcc/arm-none-eabi/4.4.1/thumb2\libgcc.a(_aeabi_uldivmod.o)
 .ARM.attributes
                0x00000846       0x29 c:/actel/libero_v9.1/softconsole/sourcery-g++/bin/../lib/gcc/arm-none-eabi/4.4.1/thumb2\libgcc.a(bpabi.o)
 .ARM.attributes
                0x0000086f       0x29 c:/actel/libero_v9.1/softconsole/sourcery-g++/bin/../lib/gcc/arm-none-eabi/4.4.1/thumb2\libgcc.a(_divdi3.o)
 .ARM.attributes
                0x00000898       0x29 c:/actel/libero_v9.1/softconsole/sourcery-g++/bin/../lib/gcc/arm-none-eabi/4.4.1/thumb2\libgcc.a(_udivdi3.o)
 .ARM.attributes
                0x000008c1       0x29 c:/actel/libero_v9.1/softconsole/sourcery-g++/bin/../lib/gcc/arm-none-eabi/4.4.1/thumb2/crtend.o
 .ARM.attributes
                0x000008ea       0x19 c:/actel/libero_v9.1/softconsole/sourcery-g++/bin/../lib/gcc/arm-none-eabi/4.4.1/thumb2/crtn.o

/DISCARD/
 *(.note.GNU-stack)
 *(.isr_vector)
OUTPUT(gc_MSS_MSS_CM3_0_app elf32-littlearm)

.debug_ranges   0x00000000      0x290
 .debug_ranges  0x00000000       0x40 ./main.o
 .debug_ranges  0x00000040       0xb8 ./mytimer.o
 .debug_ranges  0x000000f8       0xa0 C:/Users/knekritz/UMKarts/gc/SoftConsole/gc_MSS_MSS_CM3_0/gc_MSS_MSS_CM3_0_hw_platform/Debug/CMSIS/startup_gcc/newlib_stubs.o
 .debug_ranges  0x00000198       0xd0 C:\Users\knekritz\UMKarts\gc\SoftConsole\gc_MSS_MSS_CM3_0\gc_MSS_MSS_CM3_0_hw_platform\Debug\libgc_MSS_MSS_CM3_0_hw_platform.a(mss_uart.o)
 .debug_ranges  0x00000268       0x28 C:\Users\knekritz\UMKarts\gc\SoftConsole\gc_MSS_MSS_CM3_0\gc_MSS_MSS_CM3_0_hw_platform\Debug\libgc_MSS_MSS_CM3_0_hw_platform.a(system_a2fxxxm3.o)
