Archive member included because of file (symbol)

C:\Users\mikechri\Downloads\gc\gc\SoftConsole\gc_MSS_MSS_CM3_0\gc_MSS_MSS_CM3_0_hw_platform\Debug\libgc_MSS_MSS_CM3_0_hw_platform.a(mss_uart.o)
                              C:/Users/mikechri/Downloads/gc/gc/SoftConsole/gc_MSS_MSS_CM3_0/gc_MSS_MSS_CM3_0_hw_platform/Debug/CMSIS/startup_gcc/newlib_stubs.o (g_mss_uart0)
C:\Users\mikechri\Downloads\gc\gc\SoftConsole\gc_MSS_MSS_CM3_0\gc_MSS_MSS_CM3_0_hw_platform\Debug\libgc_MSS_MSS_CM3_0_hw_platform.a(system_a2fxxxm3.o)
                              C:\Users\mikechri\Downloads\gc\gc\SoftConsole\gc_MSS_MSS_CM3_0\gc_MSS_MSS_CM3_0_hw_platform\Debug\libgc_MSS_MSS_CM3_0_hw_platform.a(mss_uart.o) (g_FrequencyPCLK0)
c:/actel/libero_v9.1/softconsole/sourcery-g++/bin/../lib/gcc/arm-none-eabi/4.4.1/thumb2\libgcc.a(_arm_addsubdf3.o)
                              ./main.o (__aeabi_dsub)
c:/actel/libero_v9.1/softconsole/sourcery-g++/bin/../lib/gcc/arm-none-eabi/4.4.1/thumb2\libgcc.a(_arm_muldivdf3.o)
                              ./main.o (__aeabi_dmul)
c:/actel/libero_v9.1/softconsole/sourcery-g++/bin/../lib/gcc/arm-none-eabi/4.4.1/thumb2\libgcc.a(_arm_cmpdf2.o)
                              ./main.o (__aeabi_dcmplt)
c:/actel/libero_v9.1/softconsole/sourcery-g++/bin/../lib/gcc/arm-none-eabi/4.4.1/thumb2\libgcc.a(_arm_fixunsdfsi.o)
                              ./main.o (__aeabi_d2uiz)
c:/actel/libero_v9.1/softconsole/sourcery-g++/bin/../lib/gcc/arm-none-eabi/4.4.1/../../../../arm-none-eabi/lib/thumb2\libc.a(lib_a-errno.o)
                              C:/Users/mikechri/Downloads/gc/gc/SoftConsole/gc_MSS_MSS_CM3_0/gc_MSS_MSS_CM3_0_hw_platform/Debug/CMSIS/startup_gcc/newlib_stubs.o (__errno)
c:/actel/libero_v9.1/softconsole/sourcery-g++/bin/../lib/gcc/arm-none-eabi/4.4.1/../../../../arm-none-eabi/lib/thumb2\libc.a(lib_a-impure.o)
                              c:/actel/libero_v9.1/softconsole/sourcery-g++/bin/../lib/gcc/arm-none-eabi/4.4.1/../../../../arm-none-eabi/lib/thumb2\libc.a(lib_a-errno.o) (_impure_ptr)
c:/actel/libero_v9.1/softconsole/sourcery-g++/bin/../lib/gcc/arm-none-eabi/4.4.1/../../../../arm-none-eabi/lib/thumb2\libc.a(lib_a-init.o)
                              C:/Users/mikechri/Downloads/gc/gc/SoftConsole/gc_MSS_MSS_CM3_0/gc_MSS_MSS_CM3_0_hw_platform/Debug/CMSIS/startup_gcc/startup_a2fxxxm3.o (__libc_init_array)
c:/actel/libero_v9.1/softconsole/sourcery-g++/bin/../lib/gcc/arm-none-eabi/4.4.1/../../../../arm-none-eabi/lib/thumb2\libc.a(lib_a-malloc.o)
                              ./controller.o (malloc)
c:/actel/libero_v9.1/softconsole/sourcery-g++/bin/../lib/gcc/arm-none-eabi/4.4.1/../../../../arm-none-eabi/lib/thumb2\libc.a(lib_a-mallocr.o)
                              c:/actel/libero_v9.1/softconsole/sourcery-g++/bin/../lib/gcc/arm-none-eabi/4.4.1/../../../../arm-none-eabi/lib/thumb2\libc.a(lib_a-malloc.o) (_malloc_r)
c:/actel/libero_v9.1/softconsole/sourcery-g++/bin/../lib/gcc/arm-none-eabi/4.4.1/../../../../arm-none-eabi/lib/thumb2\libc.a(lib_a-mlock.o)
                              c:/actel/libero_v9.1/softconsole/sourcery-g++/bin/../lib/gcc/arm-none-eabi/4.4.1/../../../../arm-none-eabi/lib/thumb2\libc.a(lib_a-mallocr.o) (__malloc_lock)
c:/actel/libero_v9.1/softconsole/sourcery-g++/bin/../lib/gcc/arm-none-eabi/4.4.1/../../../../arm-none-eabi/lib/thumb2\libc.a(lib_a-printf.o)
                              ./controller.o (printf)
c:/actel/libero_v9.1/softconsole/sourcery-g++/bin/../lib/gcc/arm-none-eabi/4.4.1/../../../../arm-none-eabi/lib/thumb2\libc.a(lib_a-puts.o)
                              ./main.o (puts)
c:/actel/libero_v9.1/softconsole/sourcery-g++/bin/../lib/gcc/arm-none-eabi/4.4.1/../../../../arm-none-eabi/lib/thumb2\libc.a(lib_a-sbrkr.o)
                              c:/actel/libero_v9.1/softconsole/sourcery-g++/bin/../lib/gcc/arm-none-eabi/4.4.1/../../../../arm-none-eabi/lib/thumb2\libc.a(lib_a-mallocr.o) (_sbrk_r)
c:/actel/libero_v9.1/softconsole/sourcery-g++/bin/../lib/gcc/arm-none-eabi/4.4.1/../../../../arm-none-eabi/lib/thumb2\libc.a(lib_a-strlen.o)
                              c:/actel/libero_v9.1/softconsole/sourcery-g++/bin/../lib/gcc/arm-none-eabi/4.4.1/../../../../arm-none-eabi/lib/thumb2\libc.a(lib_a-puts.o) (strlen)
c:/actel/libero_v9.1/softconsole/sourcery-g++/bin/../lib/gcc/arm-none-eabi/4.4.1/../../../../arm-none-eabi/lib/thumb2\libc.a(lib_a-vfprintf.o)
                              c:/actel/libero_v9.1/softconsole/sourcery-g++/bin/../lib/gcc/arm-none-eabi/4.4.1/../../../../arm-none-eabi/lib/thumb2\libc.a(lib_a-printf.o) (_vfprintf_r)
c:/actel/libero_v9.1/softconsole/sourcery-g++/bin/../lib/gcc/arm-none-eabi/4.4.1/../../../../arm-none-eabi/lib/thumb2\libc.a(lib_a-wsetup.o)
                              c:/actel/libero_v9.1/softconsole/sourcery-g++/bin/../lib/gcc/arm-none-eabi/4.4.1/../../../../arm-none-eabi/lib/thumb2\libc.a(lib_a-vfprintf.o) (__swsetup_r)
[...]
Memory Configuration

Name             Origin             Length             Attributes
rom              0x60000000         0x00040000         xr
romMirror        0x00000000         0x00040000         xr
ram              0x20000000         0x00010000         xrw
*default*        0x00000000         0xffffffff

Linker script and memory map

LOAD c:/actel/libero_v9.1/softconsole/sourcery-g++/bin/../lib/gcc/arm-none-eabi/4.4.1/thumb2/crti.o
LOAD c:/actel/libero_v9.1/softconsole/sourcery-g++/bin/../lib/gcc/arm-none-eabi/4.4.1/thumb2/crtbegin.o
LOAD ./controller.o
LOAD ./main.o
LOAD ./mytimer.o
LOAD C:/Users/mikechri/Downloads/gc/gc/SoftConsole/gc_MSS_MSS_CM3_0/gc_MSS_MSS_CM3_0_hw_platform/Debug/CMSIS/startup_gcc/startup_a2fxxxm3.o
LOAD C:/Users/mikechri/Downloads/gc/gc/SoftConsole/gc_MSS_MSS_CM3_0/gc_MSS_MSS_CM3_0_hw_platform/Debug/CMSIS/startup_gcc/newlib_stubs.o
LOAD C:\Users\mikechri\Downloads\gc\gc\SoftConsole\gc_MSS_MSS_CM3_0\gc_MSS_MSS_CM3_0_hw_platform\Debug\libgc_MSS_MSS_CM3_0_hw_platform.a
START GROUP
LOAD c:/actel/libero_v9.1/softconsole/sourcery-g++/bin/../lib/gcc/arm-none-eabi/4.4.1/thumb2\libgcc.a
LOAD c:/actel/libero_v9.1/softconsole/sourcery-g++/bin/../lib/gcc/arm-none-eabi/4.4.1/../../../../arm-none-eabi/lib/thumb2\libc.a
END GROUP
LOAD c:/actel/libero_v9.1/softconsole/sourcery-g++/bin/../lib/gcc/arm-none-eabi/4.4.1/thumb2/crtend.o
LOAD c:/actel/libero_v9.1/softconsole/sourcery-g++/bin/../lib/gcc/arm-none-eabi/4.4.1/thumb2/crtn.o
START GROUP
LOAD c:/actel/libero_v9.1/softconsole/sourcery-g++/bin/../lib/gcc/arm-none-eabi/4.4.1/../../../../arm-none-eabi/lib/thumb2\libc.a
LOAD c:/actel/libero_v9.1/softconsole/sourcery-g++/bin/../lib/gcc/arm-none-eabi/4.4.1/thumb2\libgcc.a
LOAD c:/actel/libero_v9.1/softconsole/sourcery-g++/bin/../lib/gcc/arm-none-eabi/4.4.1/../../../../arm-none-eabi/lib/thumb2\libm.a
END GROUP
                0x00000000                __DYNAMIC = 0x0
                0x20000000                RAM_START_ADDRESS = 0x20000000
                0x00010000                RAM_SIZE = 0x10000
                0x00002000                MAIN_STACK_SIZE = 0x2000
                0x00001000                PROCESS_STACK_SIZE = 0x1000
                0x20010000                PROVIDE (__main_stack_start, (RAM_START_ADDRESS + RAM_SIZE))
                0x2000e000                PROVIDE (__process_stack_start, (__main_stack_start - MAIN_STACK_SIZE))
                0x20010000                PROVIDE (_estack, __main_stack_start)
                0x00000001                PROVIDE (__mirrored_nvm, 0x1)

.init           0x00000000      0x470 load address 0x60000000
 *(.isr_vector)
 .isr_vector    0x00000000      0x470 C:/Users/mikechri/Downloads/gc/gc/SoftConsole/gc_MSS_MSS_CM3_0/gc_MSS_MSS_CM3_0_hw_platform/Debug/CMSIS/startup_gcc/startup_a2fxxxm3.o
                0x00000000                g_pfnVectors
                0x00000298                Reset_Handler
                0x00000308                NMI_Handler
                0x0000030a                HardFault_Handler
                0x0000030c                MemManage_Handler
                0x0000030e                BusFault_Handler
                0x00000310                UsageFault_Handler
                0x00000312                SVC_Handler
                0x00000314                DebugMon_Handler
                0x00000316                PendSV_Handler
                0x00000318                SysTick_Handler
                0x0000031a                WdogWakeup_IRQHandler
                0x0000031c                BrownOut_1_5V_IRQHandler
                0x0000031e                BrownOut_3_3V_IRQHandler
                0x00000320                RTC_Match_IRQHandler
                0x00000322                RTCIF_Pub_IRQHandler
                0x00000324                EthernetMAC_IRQHandler
                0x00000326                IAP_IRQHandler
                0x00000328                ENVM0_IRQHandler
                0x0000032a                ENVM1_IRQHandler
                0x0000032c                DMA_IRQHandler
                0x00000332                SPI0_IRQHandler
                0x00000334                SPI1_IRQHandler
                0x00000336                I2C0_IRQHandler
                0x00000338                I2C0_SMBAlert_IRQHandler
                0x0000033a                I2C0_SMBus_IRQHandler
                0x0000033c                I2C1_IRQHandler
                0x0000033e                I2C1_SMBAlert_IRQHandler
                0x00000340                I2C1_SMBus_IRQHandler
                0x00000342                Timer1_IRQHandler
                0x00000344                Timer2_IRQHandler
                0x00000346                PLL_Lock_IRQHandler
                0x00000348                PLL_LockLost_IRQHandler
                0x0000034a                CommError_IRQHandler
                0x0000034e                GPIO0_IRQHandler
                0x00000350                GPIO1_IRQHandler
                0x00000352                GPIO2_IRQHandler
                0x00000354                GPIO3_IRQHandler
                0x00000356                GPIO4_IRQHandler
                0x00000358                GPIO5_IRQHandler
                0x0000035a                GPIO6_IRQHandler
                0x0000035c                GPIO7_IRQHandler
                0x0000035e                GPIO8_IRQHandler
                0x00000360                GPIO9_IRQHandler
                0x00000362                GPIO10_IRQHandler
                0x00000364                GPIO11_IRQHandler
                0x00000366                GPIO12_IRQHandler
                0x00000368                GPIO13_IRQHandler
                0x0000036a                GPIO14_IRQHandler
                0x0000036c                GPIO15_IRQHandler
                0x0000036e                GPIO16_IRQHandler
                0x00000370                GPIO17_IRQHandler
                0x00000372                GPIO18_IRQHandler
                0x00000374                GPIO19_IRQHandler
                0x00000376                GPIO20_IRQHandler
                0x00000378                GPIO21_IRQHandler
                0x0000037a                GPIO22_IRQHandler
                0x0000037c                GPIO23_IRQHandler
                0x0000037e                GPIO24_IRQHandler
                0x00000380                GPIO25_IRQHandler
                0x00000382                GPIO26_IRQHandler
                0x00000384                GPIO27_IRQHandler
                0x00000386                GPIO28_IRQHandler
                0x00000388                GPIO29_IRQHandler
                0x0000038a                GPIO30_IRQHandler
                0x0000038c                GPIO31_IRQHandler
                0x0000038e                ACE_PC0_Flag0_IRQHandler
                0x00000390                ACE_PC0_Flag1_IRQHandler
                0x00000392                ACE_PC0_Flag2_IRQHandler
                0x00000394                ACE_PC0_Flag3_IRQHandler
                0x00000396                ACE_PC1_Flag0_IRQHandler
                0x00000398                ACE_PC1_Flag1_IRQHandler
                0x0000039a                ACE_PC1_Flag2_IRQHandler
                0x0000039c                ACE_PC1_Flag3_IRQHandler
                0x0000039e                ACE_PC2_Flag0_IRQHandler
                0x000003a0                ACE_PC2_Flag1_IRQHandler
                0x000003a2                ACE_PC2_Flag2_IRQHandler
                0x000003a4                ACE_PC2_Flag3_IRQHandler
                0x000003a6                ACE_ADC0_DataValid_IRQHandler
                0x000003a8                ACE_ADC1_DataValid_IRQHandler
                0x000003aa                ACE_ADC2_DataValid_IRQHandler
                0x000003ac                ACE_ADC0_CalDone_IRQHandler
                0x000003ae                ACE_ADC1_CalDone_IRQHandler
                0x000003b0                ACE_ADC2_CalDone_IRQHandler
                0x000003b2                ACE_ADC0_CalStart_IRQHandler
                0x000003b4                ACE_ADC1_CalStart_IRQHandler
                0x000003b6                ACE_ADC2_CalStart_IRQHandler
                0x000003b8                ACE_Comp0_Fall_IRQHandler
                0x000003ba                ACE_Comp1_Fall_IRQHandler
                0x000003bc                ACE_Comp2_Fall_IRQHandler
                0x000003be                ACE_Comp3_Fall_IRQHandler
                0x000003c0                ACE_Comp4_Fall_IRQHandler
                0x000003c2                ACE_Comp5_Fall_IRQHandler
                0x000003c4                ACE_Comp6_Fall_IRQHandler
                0x000003c6                ACE_Comp7_Fall_IRQHandler
                0x000003c8                ACE_Comp8_Fall_IRQHandler
                0x000003ca                ACE_Comp9_Fall_IRQHandler
                0x000003cc                ACE_Comp10_Fall_IRQHandler
                0x000003ce                ACE_Comp11_Fall_IRQHandler
                0x000003d0                ACE_Comp0_Rise_IRQHandler
                0x000003d2                ACE_Comp1_Rise_IRQHandler
                0x000003d4                ACE_Comp2_Rise_IRQHandler
                0x000003d6                ACE_Comp3_Rise_IRQHandler
                0x000003d8                ACE_Comp4_Rise_IRQHandler
                0x000003da                ACE_Comp5_Rise_IRQHandler
                0x000003dc                ACE_Comp6_Rise_IRQHandler
                0x000003de                ACE_Comp7_Rise_IRQHandler
                0x000003e0                ACE_Comp8_Rise_IRQHandler
                0x000003e2                ACE_Comp9_Rise_IRQHandler
                0x000003e4                ACE_Comp10_Rise_IRQHandler
                0x000003e6                ACE_Comp11_Rise_IRQHandler
                0x000003e8                ACE_ADC0_FifoFull_IRQHandler
                0x000003ea                ACE_ADC0_FifoAFull_IRQHandler
                0x000003ec                ACE_ADC0_FifoEmpty_IRQHandler
                0x000003ee                ACE_ADC1_FifoFull_IRQHandler
                0x000003f0                ACE_ADC1_FifoAFull_IRQHandler
                0x000003f2                ACE_ADC1_FifoEmpty_IRQHandler
                0x000003f4                ACE_ADC2_FifoFull_IRQHandler
                0x000003f6                ACE_ADC2_FifoAFull_IRQHandler
                0x000003f8                ACE_ADC2_FifoEmpty_IRQHandler
                0x000003fa                ACE_PPE_Flag0_IRQHandler
                0x000003fc                ACE_PPE_Flag1_IRQHandler
                0x000003fe                ACE_PPE_Flag2_IRQHandler
                0x00000400                ACE_PPE_Flag3_IRQHandler
                0x00000402                ACE_PPE_Flag4_IRQHandler
                0x00000404                ACE_PPE_Flag5_IRQHandler
                0x00000406                ACE_PPE_Flag6_IRQHandler
                0x00000408                ACE_PPE_Flag7_IRQHandler
                0x0000040a                ACE_PPE_Flag8_IRQHandler
                0x0000040c                ACE_PPE_Flag9_IRQHandler
                0x0000040e                ACE_PPE_Flag10_IRQHandler
                0x00000410                ACE_PPE_Flag11_IRQHandler
                0x00000412                ACE_PPE_Flag12_IRQHandler
                0x00000414                ACE_PPE_Flag13_IRQHandler
                0x00000416                ACE_PPE_Flag14_IRQHandler
                0x00000418                ACE_PPE_Flag15_IRQHandler
                0x0000041a                ACE_PPE_Flag16_IRQHandler
                0x0000041c                ACE_PPE_Flag17_IRQHandler
                0x0000041e                ACE_PPE_Flag18_IRQHandler
                0x00000420                ACE_PPE_Flag19_IRQHandler
                0x00000422                ACE_PPE_Flag20_IRQHandler
                0x00000424                ACE_PPE_Flag21_IRQHandler
                0x00000426                ACE_PPE_Flag22_IRQHandler
                0x00000428                ACE_PPE_Flag23_IRQHandler
                0x0000042a                ACE_PPE_Flag24_IRQHandler
                0x0000042c                ACE_PPE_Flag25_IRQHandler
                0x0000042e                ACE_PPE_Flag26_IRQHandler
                0x00000430                ACE_PPE_Flag27_IRQHandler
                0x00000432                ACE_PPE_Flag28_IRQHandler
                0x00000434                ACE_PPE_Flag29_IRQHandler
                0x00000436                ACE_PPE_Flag30_IRQHandler
                0x00000438                ACE_PPE_Flag31_IRQHandler
 *sys_boot.o(.text)
                0x00000470                . = ALIGN (0x4)

.text           0x00000470     0x79a8 load address 0x60000470
 CREATE_OBJECT_SYMBOLS
                0x60000470                __text_load = LOADADDR (.text)
                0x00000470                __text_start = .
 *(.text .text.* .gnu.linkonce.t.*)
 .text          0x00000470       0x30 c:/actel/libero_v9.1/softconsole/sourcery-g++/bin/../lib/gcc/arm-none-eabi/4.4.1/thumb2/crtbegin.o
 .text.CONTROLLER_print
                0x000004a0      0x234 ./controller.o
                0x000004a0                CONTROLLER_print
 .text.CONTROLLER_init
                0x000006d4       0x18 ./controller.o
                0x000006d4                CONTROLLER_init
 .text.CONTROLLER_setup_mem
                0x000006ec       0x34 ./controller.o
                0x000006ec                CONTROLLER_setup_mem
 .text.CONTROLLER_load
                0x00000720       0x3c ./controller.o
                0x00000720                CONTROLLER_load
 .text.NVIC_EnableIRQ
                0x0000075c       0x38 ./main.o
 .text.NVIC_ClearPendingIRQ
                0x00000794       0x3c ./main.o
 .text.setPWM   0x000007d0      0x12c ./main.o
                0x000007d0                setPWM
 .text.Fabric_IRQHandler
                0x000008fc       0x2c ./main.o
                0x000008fc                Fabric_IRQHandler
 .text.main     0x00000928      0x198 ./main.o
                0x00000928                main
 .text.MYTIMER_init
                0x00000ac0        0xc ./mytimer.o
                0x00000ac0                MYTIMER_init
 .text.MYTIMER_enable
                0x00000acc       0x24 ./mytimer.o
                0x00000acc                MYTIMER_enable
 .text.MYTIMER_setOverflowVal
                0x00000af0       0x24 ./mytimer.o
                0x00000af0                MYTIMER_setOverflowVal
 .text.MYTIMER_enable_allInterrupts
                0x00000b14       0x24 ./mytimer.o
                0x00000b14                MYTIMER_enable_allInterrupts
 .text.MYTIMER_enable_compareInt
                0x00000b38       0x24 ./mytimer.o
                0x00000b38                MYTIMER_enable_compareInt
 .text.MYTIMER_setCompareVal
                0x00000b5c       0x20 ./mytimer.o
                0x00000b5c                MYTIMER_setCompareVal
 .text.MYTIMER_enable_overflowInt
                0x00000b7c       0x24 ./mytimer.o
                0x00000b7c                MYTIMER_enable_overflowInt
 .text.MYTIMER_getInterrupt_status
                0x00000ba0       0x18 ./mytimer.o
                0x00000ba0                MYTIMER_getInterrupt_status
 .text.MYTIMER_enable_pwm
                0x00000bb8       0x24 ./mytimer.o
                0x00000bb8                MYTIMER_enable_pwm
 .text.MYTIMER_enable_capture
                0x00000bdc       0x24 ./mytimer.o
                0x00000bdc                MYTIMER_enable_capture
 .text.MYTIMER_set_motor_direction
                0x00000c00       0x9c ./mytimer.o
                0x00000c00                MYTIMER_set_motor_direction
 .text.MYTIMER_set_servo_direction
                0x00000c9c       0x9c ./mytimer.o
                0x00000c9c                MYTIMER_set_servo_direction
 .text._close   0x00000d38       0x18 C:/Users/mikechri/Downloads/gc/gc/SoftConsole/gc_MSS_MSS_CM3_0/gc_MSS_MSS_CM3_0_hw_platform/Debug/CMSIS/startup_gcc/newlib_stubs.o
                0x00000d38                _close
 .text._exit    0x00000d50        0xc C:/Users/mikechri/Downloads/gc/gc/SoftConsole/gc_MSS_MSS_CM3_0/gc_MSS_MSS_CM3_0_hw_platform/Debug/CMSIS/startup_gcc/newlib_stubs.o
                0x00000d50                _exit
 .text._fstat   0x00000d5c       0x24 C:/Users/mikechri/Downloads/gc/gc/SoftConsole/gc_MSS_MSS_CM3_0/gc_MSS_MSS_CM3_0_hw_platform/Debug/CMSIS/startup_gcc/newlib_stubs.o
                0x00000d5c                _fstat
 .text._isatty  0x00000d80       0x18 C:/Users/mikechri/Downloads/gc/gc/SoftConsole/gc_MSS_MSS_CM3_0/gc_MSS_MSS_CM3_0_hw_platform/Debug/CMSIS/startup_gcc/newlib_stubs.o
                0x00000d80                _isatty
 .text._lseek   0x00000d98       0x1c C:/Users/mikechri/Downloads/gc/gc/SoftConsole/gc_MSS_MSS_CM3_0/gc_MSS_MSS_CM3_0_hw_platform/Debug/CMSIS/startup_gcc/newlib_stubs.o
                0x00000d98                _lseek
 .text._read    0x00000db4       0x1c C:/Users/mikechri/Downloads/gc/gc/SoftConsole/gc_MSS_MSS_CM3_0/gc_MSS_MSS_CM3_0_hw_platform/Debug/CMSIS/startup_gcc/newlib_stubs.o
                0x00000db4                _read
 .text._write_r
                0x00000dd0       0x5c C:/Users/mikechri/Downloads/gc/gc/SoftConsole/gc_MSS_MSS_CM3_0/gc_MSS_MSS_CM3_0_hw_platform/Debug/CMSIS/startup_gcc/newlib_stubs.o
                0x00000dd0                _write_r
 .text._sbrk    0x00000e2c       0x94 C:/Users/mikechri/Downloads/gc/gc/SoftConsole/gc_MSS_MSS_CM3_0/gc_MSS_MSS_CM3_0_hw_platform/Debug/CMSIS/startup_gcc/newlib_stubs.o
                0x00000e2c                _sbrk
 .text.NVIC_ClearPendingIRQ
                0x00000ec0       0x3c C:\Users\mikechri\Downloads\gc\gc\SoftConsole\gc_MSS_MSS_CM3_0\gc_MSS_MSS_CM3_0_hw_platform\Debug\libgc_MSS_MSS_CM3_0_hw_platform.a(mss_uart.o)
 .text.MSS_UART_init
                0x00000efc      0x204 C:\Users\mikechri\Downloads\gc\gc\SoftConsole\gc_MSS_MSS_CM3_0\gc_MSS_MSS_CM3_0_hw_platform\Debug\libgc_MSS_MSS_CM3_0_hw_platform.a(mss_uart.o)
                0x00000efc                MSS_UART_init
 .text.MSS_UART_polled_tx
                0x00001100       0xe4 C:\Users\mikechri\Downloads\gc\gc\SoftConsole\gc_MSS_MSS_CM3_0\gc_MSS_MSS_CM3_0_hw_platform\Debug\libgc_MSS_MSS_CM3_0_hw_platform.a(mss_uart.o)
                0x00001100                MSS_UART_polled_tx
 .text.MSS_UART_isr
                0x000011e4      0x11c C:\Users\mikechri\Downloads\gc\gc\SoftConsole\gc_MSS_MSS_CM3_0\gc_MSS_MSS_CM3_0_hw_platform\Debug\libgc_MSS_MSS_CM3_0_hw_platform.a(mss_uart.o)
 .text.default_tx_handler
                0x00001300      0x108 C:\Users\mikechri\Downloads\gc\gc\SoftConsole\gc_MSS_MSS_CM3_0\gc_MSS_MSS_CM3_0_hw_platform\Debug\libgc_MSS_MSS_CM3_0_hw_platform.a(mss_uart.o)
 .text.UART0_IRQHandler
                0x00001408       0x2c C:\Users\mikechri\Downloads\gc\gc\SoftConsole\gc_MSS_MSS_CM3_0\gc_MSS_MSS_CM3_0_hw_platform\Debug\libgc_MSS_MSS_CM3_0_hw_platform.a(mss_uart.o)
                0x00001408                UART0_IRQHandler
 .text.UART1_IRQHandler
                0x00001434       0x2c C:\Users\mikechri\Downloads\gc\gc\SoftConsole\gc_MSS_MSS_CM3_0\gc_MSS_MSS_CM3_0_hw_platform\Debug\libgc_MSS_MSS_CM3_0_hw_platform.a(mss_uart.o)
                0x00001434                UART1_IRQHandler
 .text.SystemInit
                0x00001460        0xc C:\Users\mikechri\Downloads\gc\gc\SoftConsole\gc_MSS_MSS_CM3_0\gc_MSS_MSS_CM3_0_hw_platform\Debug\libgc_MSS_MSS_CM3_0_hw_platform.a(system_a2fxxxm3.o)
                0x00001460                SystemInit
 .text.SystemCoreClockUpdate
                0x0000146c      0x150 C:\Users\mikechri\Downloads\gc\gc\SoftConsole\gc_MSS_MSS_CM3_0\gc_MSS_MSS_CM3_0_hw_platform\Debug\libgc_MSS_MSS_CM3_0_hw_platform.a(system_a2fxxxm3.o)
                0x0000146c                SystemCoreClockUpdate
 .text.GetSystemClock
                0x000015bc       0xe8 C:\Users\mikechri\Downloads\gc\gc\SoftConsole\gc_MSS_MSS_CM3_0\gc_MSS_MSS_CM3_0_hw_platform\Debug\libgc_MSS_MSS_CM3_0_hw_platform.a(system_a2fxxxm3.o)
 .text          0x000016a4      0x370 c:/actel/libero_v9.1/softconsole/sourcery-g++/bin/../lib/gcc/arm-none-eabi/4.4.1/thumb2\libgcc.a(_arm_addsubdf3.o)
                0x000016a4                __aeabi_drsub
                0x000016ac                __aeabi_dsub
                0x000016ac                __subdf3
                0x000016b0                __aeabi_dadd
                0x000016b0                __adddf3
                0x00001928                __floatunsidf
                0x00001928                __aeabi_ui2d
                0x00001948                __floatsidf
                0x00001948                __aeabi_i2d
                0x0000196c                __aeabi_f2d
                0x0000196c                __extendsfdf2
                0x000019a8                __floatundidf
                0x000019a8                __aeabi_ul2d
                0x000019b8                __floatdidf
                0x000019b8                __aeabi_l2d
 .text          0x00001a14      0x424 c:/actel/libero_v9.1/softconsole/sourcery-g++/bin/../lib/gcc/arm-none-eabi/4.4.1/thumb2\libgcc.a(_arm_muldivdf3.o)
                0x00001a14                __aeabi_dmul
                0x00001a14                __muldf3
                0x00001c68                __divdf3
                0x00001c68                __aeabi_ddiv
 .text          0x00001e38      0x110 c:/actel/libero_v9.1/softconsole/sourcery-g++/bin/../lib/gcc/arm-none-eabi/4.4.1/thumb2\libgcc.a(_arm_cmpdf2.o)
                0x00001e38                __gtdf2
                0x00001e38                __gedf2
                0x00001e40                __ltdf2
                0x00001e40                __ledf2
                0x00001e48                __nedf2
                0x00001e48                __eqdf2
                0x00001e48                __cmpdf2
                0x00001ec4                __aeabi_cdrcmple
                0x00001ed4                __aeabi_cdcmpeq
                0x00001ed4                __aeabi_cdcmple
                0x00001ee4                __aeabi_dcmpeq
                0x00001ef8                __aeabi_dcmplt
                0x00001f0c                __aeabi_dcmple
                0x00001f20                __aeabi_dcmpge
                0x00001f34                __aeabi_dcmpgt
 .text          0x00001f48       0x40 c:/actel/libero_v9.1/softconsole/sourcery-g++/bin/../lib/gcc/arm-none-eabi/4.4.1/thumb2\libgcc.a(_arm_fixunsdfsi.o)
                0x00001f48                __aeabi_d2uiz
                0x00001f48                __fixunsdfsi
 .text          0x00001f88       0x50 c:/actel/libero_v9.1/softconsole/sourcery-g++/bin/../lib/gcc/arm-none-eabi/4.4.1/../../../../arm-none-eabi/lib/thumb2\libc.a(lib_a-init.o)
                0x00001f88                __libc_init_array
 .text          0x00001fd8       0x20 c:/actel/libero_v9.1/softconsole/sourcery-g++/bin/../lib/gcc/arm-none-eabi/4.4.1/../../../../arm-none-eabi/lib/thumb2\libc.a(lib_a-malloc.o)
                0x00001fd8                free
                0x00001fe8                malloc
 .text          0x00001ff8      0x5a4 c:/actel/libero_v9.1/softconsole/sourcery-g++/bin/../lib/gcc/arm-none-eabi/4.4.1/../../../../arm-none-eabi/lib/thumb2\libc.a(lib_a-mallocr.o)
                0x00001ff8                _malloc_r
 .text          0x0000259c        0x8 c:/actel/libero_v9.1/softconsole/sourcery-g++/bin/../lib/gcc/arm-none-eabi/4.4.1/../../../../arm-none-eabi/lib/thumb2\libc.a(lib_a-mlock.o)
                0x0000259c                __malloc_lock
                0x000025a0                __malloc_unlock
 .text          0x000025a4       0x64 c:/actel/libero_v9.1/softconsole/sourcery-g++/bin/../lib/gcc/arm-none-eabi/4.4.1/../../../../arm-none-eabi/lib/thumb2\libc.a(lib_a-printf.o)
                0x000025a4                printf
                0x000025dc                _printf_r
 .text          0x00002608       0x88 c:/actel/libero_v9.1/softconsole/sourcery-g++/bin/../lib/gcc/arm-none-eabi/4.4.1/../../../../arm-none-eabi/lib/thumb2\libc.a(lib_a-puts.o)
                0x00002608                _puts_r
                0x00002680                puts
 .text          0x00002690       0x28 c:/actel/libero_v9.1/softconsole/sourcery-g++/bin/../lib/gcc/arm-none-eabi/4.4.1/../../../../arm-none-eabi/lib/thumb2\libc.a(lib_a-sbrkr.o)
                0x00002690                _sbrk_r
 .text          0x000026b8       0x60 c:/actel/libero_v9.1/softconsole/sourcery-g++/bin/../lib/gcc/arm-none-eabi/4.4.1/../../../../arm-none-eabi/lib/thumb2\libc.a(lib_a-strlen.o)
                0x000026b8                strlen
 .text          0x00002718     0x1940 c:/actel/libero_v9.1/softconsole/sourcery-g++/bin/../lib/gcc/arm-none-eabi/4.4.1/../../../../arm-none-eabi/lib/thumb2\libc.a(lib_a-vfprintf.o)
                0x00002734                _vfprintf_r
                0x0000403c                vfprintf
 .text          0x00004058      0x104 c:/actel/libero_v9.1/softconsole/sourcery-g++/bin/../lib/gcc/arm-none-eabi/4.4.1/../../../../arm-none-eabi/lib/thumb2\libc.a(lib_a-wsetup.o)
                0x00004058                __swsetup_r
 *fill*         0x0000415c        0x4 00
 .text          0x00004160      0xfb8 c:/actel/libero_v9.1/softconsole/sourcery-g++/bin/../lib/gcc/arm-none-eabi/4.4.1/../../../../arm-none-eabi/lib/thumb2\libc.a(lib_a-dtoa.o)
                0x00004280                _dtoa_r
 .text          0x00005118      0x178 c:/actel/libero_v9.1/softconsole/sourcery-g++/bin/../lib/gcc/arm-none-eabi/4.4.1/../../../../arm-none-eabi/lib/thumb2\libc.a(lib_a-fflush.o)
                0x00005118                _fflush_r
                0x00005268                fflush
 .text          0x00005290      0x1c8 c:/actel/libero_v9.1/softconsole/sourcery-g++/bin/../lib/gcc/arm-none-eabi/4.4.1/../../../../arm-none-eabi/lib/thumb2\libc.a(lib_a-findfp.o)
                0x00005290                __sfp_lock_acquire
                0x00005294                __sfp_lock_release
                0x00005298                __sinit_lock_acquire
                0x0000529c                __sinit_lock_release
                0x000052a8                __fp_unlock_all
                0x000052c0                __fp_lock_all
                0x000052d8                _cleanup_r
                0x000052e4                _cleanup
                0x00005340                __sfmoreglue
                0x00005370                __sfp
                0x000053f8                __sinit
 .text          0x00005458      0x268 c:/actel/libero_v9.1/softconsole/sourcery-g++/bin/../lib/gcc/arm-none-eabi/4.4.1/../../../../arm-none-eabi/lib/thumb2\libc.a(lib_a-freer.o)
                0x00005458                _malloc_trim_r
                0x00005500                _free_r
 .text          0x000056c0      0x334 c:/actel/libero_v9.1/softconsole/sourcery-g++/bin/../lib/gcc/arm-none-eabi/4.4.1/../../../../arm-none-eabi/lib/thumb2\libc.a(lib_a-fvwrite.o)
                0x000056c0                __sfvwrite_r
 .text          0x000059f4       0xa0 c:/actel/libero_v9.1/softconsole/sourcery-g++/bin/../lib/gcc/arm-none-eabi/4.4.1/../../../../arm-none-eabi/lib/thumb2\libc.a(lib_a-fwalk.o)
                0x000059f4                _fwalk_reent
                0x00005a48                _fwalk
 .text          0x00005a94       0x74 c:/actel/libero_v9.1/softconsole/sourcery-g++/bin/../lib/gcc/arm-none-eabi/4.4.1/../../../../arm-none-eabi/lib/thumb2\libc.a(lib_a-locale.o)
                0x00005a94                __locale_charset
                0x00005aa0                _localeconv_r
                0x00005aa8                localeconv
                0x00005ab0                _setlocale_r
                0x00005af8                setlocale
 .text          0x00005b08       0xdc c:/actel/libero_v9.1/softconsole/sourcery-g++/bin/../lib/gcc/arm-none-eabi/4.4.1/../../../../arm-none-eabi/lib/thumb2\libc.a(lib_a-makebuf.o)
                0x00005b08                __smakebuf_r
 .text          0x00005be4       0x74 c:/actel/libero_v9.1/softconsole/sourcery-g++/bin/../lib/gcc/arm-none-eabi/4.4.1/../../../../arm-none-eabi/lib/thumb2\libc.a(lib_a-memchr.o)
                0x00005be4                memchr
 .text          0x00005c58      0x190 c:/actel/libero_v9.1/softconsole/sourcery-g++/bin/../lib/gcc/arm-none-eabi/4.4.1/../../../../arm-none-eabi/lib/thumb2\libc.a(lib_a-memcpy.o)
                0x00005c58                memcpy
 .text          0x00005de8       0xb8 c:/actel/libero_v9.1/softconsole/sourcery-g++/bin/../lib/gcc/arm-none-eabi/4.4.1/../../../../arm-none-eabi/lib/thumb2\libc.a(lib_a-memmove.o)
                0x00005de8                memmove
 .text          0x00005ea0       0xd4 c:/actel/libero_v9.1/softconsole/sourcery-g++/bin/../lib/gcc/arm-none-eabi/4.4.1/../../../../arm-none-eabi/lib/thumb2\libc.a(lib_a-memset.o)
                0x00005ea0                memset
 .text          0x00005f74      0x958 c:/actel/libero_v9.1/softconsole/sourcery-g++/bin/../lib/gcc/arm-none-eabi/4.4.1/../../../../arm-none-eabi/lib/thumb2\libc.a(lib_a-mprec.o)
                0x00005f74                __hi0bits
                0x00005fb4                __lo0bits
                0x00006018                __mcmp
                0x00006058                __ulp
                0x000060a4                __b2d
                0x0000614c                __ratio
                0x000061ac                _mprec_log10
                0x000061e4                __copybits
                0x00006234                __any_on
                0x0000628c                _Bfree
                0x000062c4                _Balloc
                0x00006330                __d2b
                0x00006400                __mdiff
                0x000064f8                __lshift
                0x000065b4                __multiply
                0x000066e8                __i2b
                0x000066fc                __multadd
                0x00006784                __pow5mult
                0x00006830                __s2b
 .text          0x000068cc      0x3b4 c:/actel/libero_v9.1/softconsole/sourcery-g++/bin/../lib/gcc/arm-none-eabi/4.4.1/../../../../arm-none-eabi/lib/thumb2\libc.a(lib_a-reallocr.o)
                0x000068cc                _realloc_r
 .text          0x00006c80       0x24 c:/actel/libero_v9.1/softconsole/sourcery-g++/bin/../lib/gcc/arm-none-eabi/4.4.1/../../../../arm-none-eabi/lib/thumb2\libc.a(lib_a-s_isinfd.o)
                0x00006c80                __isinfd
 .text          0x00006ca4       0x1c c:/actel/libero_v9.1/softconsole/sourcery-g++/bin/../lib/gcc/arm-none-eabi/4.4.1/../../../../arm-none-eabi/lib/thumb2\libc.a(lib_a-s_isnand.o)
                0x00006ca4                __isnand
 .text          0x00006cc0       0x90 c:/actel/libero_v9.1/softconsole/sourcery-g++/bin/../lib/gcc/arm-none-eabi/4.4.1/../../../../arm-none-eabi/lib/thumb2\libc.a(lib_a-stdio.o)
                0x00006cc0                __sclose
                0x00006cc8                __sseek
                0x00006cf0                __swrite
                0x00006d2c                __sread
 .text          0x00006d50      0x1dc c:/actel/libero_v9.1/softconsole/sourcery-g++/bin/../lib/gcc/arm-none-eabi/4.4.1/../../../../arm-none-eabi/lib/thumb2\libc.a(lib_a-strcmp.o)
                0x00006d50                strcmp
 .text          0x00006f2c       0x5c c:/actel/libero_v9.1/softconsole/sourcery-g++/bin/../lib/gcc/arm-none-eabi/4.4.1/../../../../arm-none-eabi/lib/thumb2\libc.a(lib_a-callocr.o)
                0x00006f2c                _calloc_r
 .text          0x00006f88       0x28 c:/actel/libero_v9.1/softconsole/sourcery-g++/bin/../lib/gcc/arm-none-eabi/4.4.1/../../../../arm-none-eabi/lib/thumb2\libc.a(lib_a-closer.o)
                0x00006f88                _close_r
 .text          0x00006fb0       0xcc c:/actel/libero_v9.1/softconsole/sourcery-g++/bin/../lib/gcc/arm-none-eabi/4.4.1/../../../../arm-none-eabi/lib/thumb2\libc.a(lib_a-fclose.o)
                0x00006fb0                _fclose_r
                0x0000706c                fclose
 .text          0x0000707c       0x2c c:/actel/libero_v9.1/softconsole/sourcery-g++/bin/../lib/gcc/arm-none-eabi/4.4.1/../../../../arm-none-eabi/lib/thumb2\libc.a(lib_a-fstatr.o)
                0x0000707c                _fstat_r
 .text          0x000070a8       0x28 c:/actel/libero_v9.1/softconsole/sourcery-g++/bin/../lib/gcc/arm-none-eabi/4.4.1/../../../../arm-none-eabi/lib/thumb2\libc.a(lib_a-isattyr.o)
                0x000070a8                _isatty_r
 .text          0x000070d0       0x2c c:/actel/libero_v9.1/softconsole/sourcery-g++/bin/../lib/gcc/arm-none-eabi/4.4.1/../../../../arm-none-eabi/lib/thumb2\libc.a(lib_a-lseekr.o)
                0x000070d0                _lseek_r
 .text          0x000070fc       0x2c c:/actel/libero_v9.1/softconsole/sourcery-g++/bin/../lib/gcc/arm-none-eabi/4.4.1/../../../../arm-none-eabi/lib/thumb2\libc.a(lib_a-readr.o)
                0x000070fc                _read_r
 .text          0x00007128      0x278 c:/actel/libero_v9.1/softconsole/sourcery-g++/bin/../lib/gcc/arm-none-eabi/4.4.1/thumb2\libgcc.a(_udivsi3.o)
                0x00007128                __aeabi_uidiv
                0x00007128                __udivsi3
                0x00007384                __aeabi_uidivmod
 .text          0x000073a0        0x4 c:/actel/libero_v9.1/softconsole/sourcery-g++/bin/../lib/gcc/arm-none-eabi/4.4.1/thumb2\libgcc.a(_dvmd_tls.o)
                0x000073a0                __aeabi_idiv0
                0x000073a0                __aeabi_ldiv0
 .text          0x000073a4       0x50 c:/actel/libero_v9.1/softconsole/sourcery-g++/bin/../lib/gcc/arm-none-eabi/4.4.1/thumb2\libgcc.a(_arm_fixdfsi.o)
                0x000073a4                __aeabi_d2iz
                0x000073a4                __fixdfsi
 .text          0x000073f4       0x2c c:/actel/libero_v9.1/softconsole/sourcery-g++/bin/../lib/gcc/arm-none-eabi/4.4.1/thumb2\libgcc.a(_aeabi_uldivmod.o)
                0x000073f4                __aeabi_uldivmod
 .text          0x00007420       0x58 c:/actel/libero_v9.1/softconsole/sourcery-g++/bin/../lib/gcc/arm-none-eabi/4.4.1/thumb2\libgcc.a(bpabi.o)
                0x00007420                __gnu_uldivmod_helper
                0x0000744c                __gnu_ldivmod_helper
 .text          0x00007478      0x364 c:/actel/libero_v9.1/softconsole/sourcery-g++/bin/../lib/gcc/arm-none-eabi/4.4.1/thumb2\libgcc.a(_divdi3.o)
                0x00007478                __divdi3
 .text          0x000077dc      0x300 c:/actel/libero_v9.1/softconsole/sourcery-g++/bin/../lib/gcc/arm-none-eabi/4.4.1/thumb2\libgcc.a(_udivdi3.o)
                0x000077dc                __udivdi3
 *(.plt)
 *(.gnu.warning)
 *(.glue_7t)
 .glue_7t       0x00000000        0x0 linker stubs
 *(.glue_7)
 .glue_7        0x00000000        0x0 linker stubs
 *(.vfp11_veneer)
 .vfp11_veneer  0x00000000        0x0 linker stubs
                0x00007adc                . = ALIGN (0x4)
 *crtbegin.o(.ctors)
 *(EXCLUDE_FILE(*crtend.o) .ctors)
 *(SORT(.ctors.*))
 *crtend.o(.ctors)
 *crtbegin.o(.dtors)
 *(EXCLUDE_FILE(*crtend.o) .dtors)
 *(SORT(.dtors.*))
 *crtend.o(.dtors)
 *(.rodata .rodata.* .gnu.linkonce.r.*)
 .rodata        0x00007adc       0xa0 ./controller.o
 .rodata        0x00007b7c        0x4 ./main.o
 .rodata        0x00007b80       0x1c C:/Users/mikechri/Downloads/gc/gc/SoftConsole/gc_MSS_MSS_CM3_0/gc_MSS_MSS_CM3_0_hw_platform/Debug/CMSIS/startup_gcc/newlib_stubs.o
 .rodata.C.18.2576
                0x00007b9c       0x10 C:\Users\mikechri\Downloads\gc\gc\SoftConsole\gc_MSS_MSS_CM3_0\gc_MSS_MSS_CM3_0_hw_platform\Debug\libgc_MSS_MSS_CM3_0_hw_platform.a(system_a2fxxxm3.o)
 .rodata        0x00007bac        0x4 c:/actel/libero_v9.1/softconsole/sourcery-g++/bin/../lib/gcc/arm-none-eabi/4.4.1/../../../../arm-none-eabi/lib/thumb2\libc.a(lib_a-impure.o)
                0x00007bac                _global_impure_ptr
 .rodata.str1.4
                0x00007bb0        0x2 c:/actel/libero_v9.1/softconsole/sourcery-g++/bin/../lib/gcc/arm-none-eabi/4.4.1/../../../../arm-none-eabi/lib/thumb2\libc.a(lib_a-impure.o)
                                  0x4 (size before relaxing)
 *fill*         0x00007bb2        0x2 00
 .rodata.str1.4
                0x00007bb4        0x2 c:/actel/libero_v9.1/softconsole/sourcery-g++/bin/../lib/gcc/arm-none-eabi/4.4.1/../../../../arm-none-eabi/lib/thumb2\libc.a(lib_a-puts.o)
                                  0x4 (size before relaxing)
 *fill*         0x00007bb6        0x2 00
 .rodata        0x00007bb8       0x20 c:/actel/libero_v9.1/softconsole/sourcery-g++/bin/../lib/gcc/arm-none-eabi/4.4.1/../../../../arm-none-eabi/lib/thumb2\libc.a(lib_a-vfprintf.o)
 .rodata.str1.4
                0x00007bd8       0x42 c:/actel/libero_v9.1/softconsole/sourcery-g++/bin/../lib/gcc/arm-none-eabi/4.4.1/../../../../arm-none-eabi/lib/thumb2\libc.a(lib_a-vfprintf.o)
                                 0x44 (size before relaxing)
 *fill*         0x00007c1a        0x2 00
 .rodata.str1.4
                0x00007c1c       0x10 c:/actel/libero_v9.1/softconsole/sourcery-g++/bin/../lib/gcc/arm-none-eabi/4.4.1/../../../../arm-none-eabi/lib/thumb2\libc.a(lib_a-dtoa.o)
                                 0x14 (size before relaxing)
 .rodata        0x00007c2c       0x60 c:/actel/libero_v9.1/softconsole/sourcery-g++/bin/../lib/gcc/arm-none-eabi/4.4.1/../../../../arm-none-eabi/lib/thumb2\libc.a(lib_a-findfp.o)
                0x00007c2c                __sf_fake_stdin
                0x00007c4c                __sf_fake_stdout
                0x00007c6c                __sf_fake_stderr
 .rodata        0x00007c8c       0x34 c:/actel/libero_v9.1/softconsole/sourcery-g++/bin/../lib/gcc/arm-none-eabi/4.4.1/../../../../arm-none-eabi/lib/thumb2\libc.a(lib_a-locale.o)
 .rodata.str1.4
                0x00007cc0       0x10 c:/actel/libero_v9.1/softconsole/sourcery-g++/bin/../lib/gcc/arm-none-eabi/4.4.1/../../../../arm-none-eabi/lib/thumb2\libc.a(lib_a-locale.o)
                                 0x18 (size before relaxing)
 .rodata        0x00007cd0      0x128 c:/actel/libero_v9.1/softconsole/sourcery-g++/bin/../lib/gcc/arm-none-eabi/4.4.1/../../../../arm-none-eabi/lib/thumb2\libc.a(lib_a-mprec.o)
                0x00007cd0                __mprec_tens
                0x00007da8                __mprec_bigtens
                0x00007dd0                __mprec_tinytens
 *(.ARM.extab* .gnu.linkonce.armextab.*)
 *(.gcc_except_table)
 *(.eh_frame_hdr)
 *(.eh_frame)
 *(.init)
 .init          0x00007df8        0x4 c:/actel/libero_v9.1/softconsole/sourcery-g++/bin/../lib/gcc/arm-none-eabi/4.4.1/thumb2/crti.o
                0x00007df8                _init
 .init          0x00007dfc        0x8 c:/actel/libero_v9.1/softconsole/sourcery-g++/bin/../lib/gcc/arm-none-eabi/4.4.1/thumb2/crtn.o
 *(.fini)
 .fini          0x00007e04        0x4 c:/actel/libero_v9.1/softconsole/sourcery-g++/bin/../lib/gcc/arm-none-eabi/4.4.1/thumb2/crti.o
                0x00007e04                _fini
 .fini          0x00007e08        0x8 c:/actel/libero_v9.1/softconsole/sourcery-g++/bin/../lib/gcc/arm-none-eabi/4.4.1/thumb2/crtn.o
                0x00007e10                PROVIDE (__preinit_array_start, .)
 *(.preinit_array)
                0x00007e10                PROVIDE (__preinit_array_end, .)
                0x00007e10                PROVIDE (__init_array_start, .)
 *(SORT(.init_array.*))
 *(.init_array)
 .init_array    0x00007e10        0x4 c:/actel/libero_v9.1/softconsole/sourcery-g++/bin/../lib/gcc/arm-none-eabi/4.4.1/thumb2/crtbegin.o
                0x00007e14                PROVIDE (__init_array_end, .)
                0x00007e14                PROVIDE (__fini_array_start, .)
 *(.fini_array)
 .fini_array    0x00007e14        0x4 c:/actel/libero_v9.1/softconsole/sourcery-g++/bin/../lib/gcc/arm-none-eabi/4.4.1/thumb2/crtbegin.o
 *(SORT(.fini_array.*))
                0x00007e18                PROVIDE (__fini_array_end, .)
                0x00007e18                __exidx_start = .

.v4_bx          0x00007e18        0x0 load address 0x60007e18
 .v4_bx         0x00000000        0x0 linker stubs

.ARM.exidx      0x20000000        0x8 load address 0x60007e18
 *(.ARM.exidx* .gnu.linkonce.armexidx.*)
 .ARM.exidx     0x20000000        0x8 c:/actel/libero_v9.1/softconsole/sourcery-g++/bin/../lib/gcc/arm-none-eabi/4.4.1/thumb2\libgcc.a(_divdi3.o)
 .ARM.exidx     0x20000008        0x0 c:/actel/libero_v9.1/softconsole/sourcery-g++/bin/../lib/gcc/arm-none-eabi/4.4.1/thumb2\libgcc.a(_udivdi3.o)
                                  0x8 (size before relaxing)
                0x20000008                __exidx_end = .
                0x20000008                _etext = .

.data           0x20000008      0x520 load address 0x60007e20
                0x60007e20                __data_load = LOADADDR (.data)
                0x60007e20                _sidata = LOADADDR (.data)
                0x20000008                __data_start = .
                0x20000008                _sdata = .
 *(.jcr)
 .jcr           0x20000008        0x0 c:/actel/libero_v9.1/softconsole/sourcery-g++/bin/../lib/gcc/arm-none-eabi/4.4.1/thumb2/crtbegin.o
 .jcr           0x20000008        0x4 c:/actel/libero_v9.1/softconsole/sourcery-g++/bin/../lib/gcc/arm-none-eabi/4.4.1/thumb2/crtend.o
 *(.got.plt)
 *(.got)
 *(.shdata)
 *(.data .data.* .gnu.linkonce.d.*)
 .data.SystemFrequency
                0x2000000c        0x4 C:\Users\mikechri\Downloads\gc\gc\SoftConsole\gc_MSS_MSS_CM3_0\gc_MSS_MSS_CM3_0_hw_platform\Debug\libgc_MSS_MSS_CM3_0_hw_platform.a(system_a2fxxxm3.o)
                0x2000000c                SystemFrequency
 .data.SystemCoreClock
                0x20000010        0x4 C:\Users\mikechri\Downloads\gc\gc\SoftConsole\gc_MSS_MSS_CM3_0\gc_MSS_MSS_CM3_0_hw_platform\Debug\libgc_MSS_MSS_CM3_0_hw_platform.a(system_a2fxxxm3.o)
                0x20000010                SystemCoreClock
 .data.g_FrequencyPCLK0
                0x20000014        0x4 C:\Users\mikechri\Downloads\gc\gc\SoftConsole\gc_MSS_MSS_CM3_0\gc_MSS_MSS_CM3_0_hw_platform\Debug\libgc_MSS_MSS_CM3_0_hw_platform.a(system_a2fxxxm3.o)
                0x20000014                g_FrequencyPCLK0
 .data.g_FrequencyPCLK1
                0x20000018        0x4 C:\Users\mikechri\Downloads\gc\gc\SoftConsole\gc_MSS_MSS_CM3_0\gc_MSS_MSS_CM3_0_hw_platform\Debug\libgc_MSS_MSS_CM3_0_hw_platform.a(system_a2fxxxm3.o)
                0x20000018                g_FrequencyPCLK1
 .data.g_FrequencyACE
                0x2000001c        0x4 C:\Users\mikechri\Downloads\gc\gc\SoftConsole\gc_MSS_MSS_CM3_0\gc_MSS_MSS_CM3_0_hw_platform\Debug\libgc_MSS_MSS_CM3_0_hw_platform.a(system_a2fxxxm3.o)
                0x2000001c                g_FrequencyACE
 .data.g_FrequencyFPGA
                0x20000020        0x4 C:\Users\mikechri\Downloads\gc\gc\SoftConsole\gc_MSS_MSS_CM3_0\gc_MSS_MSS_CM3_0_hw_platform\Debug\libgc_MSS_MSS_CM3_0_hw_platform.a(system_a2fxxxm3.o)
                0x20000020                g_FrequencyFPGA
 .data          0x20000024       0xf4 c:/actel/libero_v9.1/softconsole/sourcery-g++/bin/../lib/gcc/arm-none-eabi/4.4.1/../../../../arm-none-eabi/lib/thumb2\libc.a(lib_a-impure.o)
                0x20000024                _impure_ptr
 .data          0x20000118      0x410 c:/actel/libero_v9.1/softconsole/sourcery-g++/bin/../lib/gcc/arm-none-eabi/4.4.1/../../../../arm-none-eabi/lib/thumb2\libc.a(lib_a-mallocr.o)
                0x20000118                __malloc_av_
                0x20000520                __malloc_sbrk_base
                0x20000524                __malloc_trim_threshold
                0x20000528                . = ALIGN (0x4)
                0x20000528                _edata = .

.bss            0x20000528       0xd8 load address 0x60008340
                0x20000528                __bss_start__ = .
                0x20000528                _sbss = .
 *(.shbss)
 *(.bss .bss.* .gnu.linkonce.b.*)
 .bss           0x20000528        0x1 c:/actel/libero_v9.1/softconsole/sourcery-g++/bin/../lib/gcc/arm-none-eabi/4.4.1/thumb2/crtbegin.o
 *fill*         0x20000529        0x3 00
 .bss.g_stdio_uart_init_done
                0x2000052c        0x4 C:/Users/mikechri/Downloads/gc/gc/SoftConsole/gc_MSS_MSS_CM3_0/gc_MSS_MSS_CM3_0_hw_platform/Debug/CMSIS/startup_gcc/newlib_stubs.o
 .bss.heap_end.3594
                0x20000530        0x4 C:/Users/mikechri/Downloads/gc/gc/SoftConsole/gc_MSS_MSS_CM3_0/gc_MSS_MSS_CM3_0_hw_platform/Debug/CMSIS/startup_gcc/newlib_stubs.o
 .bss           0x20000534       0x34 c:/actel/libero_v9.1/softconsole/sourcery-g++/bin/../lib/gcc/arm-none-eabi/4.4.1/../../../../arm-none-eabi/lib/thumb2\libc.a(lib_a-mallocr.o)
                0x20000534                __malloc_top_pad
                0x20000538                __malloc_current_mallinfo
                0x20000560                __malloc_max_sbrked_mem
                0x20000564                __malloc_max_total_mem
 *(COMMON)
 COMMON         0x20000568        0x8 ./controller.o
                0x20000568                MEM
                0x2000056c                CONTROLLER
 COMMON         0x20000570       0x3c ./main.o
                0x20000570                lastVals
                0x20000598                prevClock
                0x2000059c                count
                0x200005a0                curClock
                0x200005a4                period
                0x200005a8                cmpVal
 COMMON         0x200005ac       0x50 C:\Users\mikechri\Downloads\gc\gc\SoftConsole\gc_MSS_MSS_CM3_0\gc_MSS_MSS_CM3_0_hw_platform\Debug\libgc_MSS_MSS_CM3_0_hw_platform.a(mss_uart.o)
                0x200005ac                g_mss_uart1
                0x200005d4                g_mss_uart0
 COMMON         0x200005fc        0x4 c:/actel/libero_v9.1/softconsole/sourcery-g++/bin/../lib/gcc/arm-none-eabi/4.4.1/../../../../arm-none-eabi/lib/thumb2\libc.a(lib_a-reent.o)
                0x200005fc                errno
                0x20000600                . = ALIGN (0x8)
                0x20000600                __bss_end__ = .
                0x20000600                _end = .
                0x20000600                __end = _end
                0x20000600                _ebss = .
                0x20000600                PROVIDE (end, .)

.stab
 *(.stab)

.stabstr
 *(.stabstr)

.debug
 *(.debug)

.line
 *(.line)

.debug_srcinfo
 *(.debug_srcinfo)

.debug_sfnames
 *(.debug_sfnames)

.comment        0x00000000      0x102
 .comment       0x00000000       0x2b ./controller.o
 .comment       0x0000002b       0x2b ./main.o
 .comment       0x00000056       0x2b ./mytimer.o
 .comment       0x00000081       0x2b C:/Users/mikechri/Downloads/gc/gc/SoftConsole/gc_MSS_MSS_CM3_0/gc_MSS_MSS_CM3_0_hw_platform/Debug/CMSIS/startup_gcc/newlib_stubs.o
 .comment       0x000000ac       0x2b C:\Users\mikechri\Downloads\gc\gc\SoftConsole\gc_MSS_MSS_CM3_0\gc_MSS_MSS_CM3_0_hw_platform\Debug\libgc_MSS_MSS_CM3_0_hw_platform.a(mss_uart.o)
 .comment       0x000000d7       0x2b C:\Users\mikechri\Downloads\gc\gc\SoftConsole\gc_MSS_MSS_CM3_0\gc_MSS_MSS_CM3_0_hw_platform\Debug\libgc_MSS_MSS_CM3_0_hw_platform.a(system_a2fxxxm3.o)

.debug_aranges  0x00000000      0x2e8
 *(.debug_aranges)
 .debug_aranges
                0x00000000       0x38 ./controller.o
 .debug_aranges
                0x00000038       0x40 ./main.o
 .debug_aranges
                0x00000078       0xc0 ./mytimer.o
 .debug_aranges
                0x00000138       0xa8 C:/Users/mikechri/Downloads/gc/gc/SoftConsole/gc_MSS_MSS_CM3_0/gc_MSS_MSS_CM3_0_hw_platform/Debug/CMSIS/startup_gcc/newlib_stubs.o
 .debug_aranges
                0x000001e0       0xd8 C:\Users\mikechri\Downloads\gc\gc\SoftConsole\gc_MSS_MSS_CM3_0\gc_MSS_MSS_CM3_0_hw_platform\Debug\libgc_MSS_MSS_CM3_0_hw_platform.a(mss_uart.o)
 .debug_aranges
                0x000002b8       0x30 C:\Users\mikechri\Downloads\gc\gc\SoftConsole\gc_MSS_MSS_CM3_0\gc_MSS_MSS_CM3_0_hw_platform\Debug\libgc_MSS_MSS_CM3_0_hw_platform.a(system_a2fxxxm3.o)

.debug_pubnames
                0x00000000      0x73b
 *(.debug_pubnames)
 .debug_pubnames
                0x00000000       0x7f ./controller.o
 .debug_pubnames
                0x0000007f       0xa8 ./main.o
 .debug_pubnames
                0x00000127      0x259 ./mytimer.o
 .debug_pubnames
                0x00000380       0xeb C:/Users/mikechri/Downloads/gc/gc/SoftConsole/gc_MSS_MSS_CM3_0/gc_MSS_MSS_CM3_0_hw_platform/Debug/CMSIS/startup_gcc/newlib_stubs.o
 .debug_pubnames
                0x0000046b      0x21c C:\Users\mikechri\Downloads\gc\gc\SoftConsole\gc_MSS_MSS_CM3_0\gc_MSS_MSS_CM3_0_hw_platform\Debug\libgc_MSS_MSS_CM3_0_hw_platform.a(mss_uart.o)
 .debug_pubnames
                0x00000687       0xb4 C:\Users\mikechri\Downloads\gc\gc\SoftConsole\gc_MSS_MSS_CM3_0\gc_MSS_MSS_CM3_0_hw_platform\Debug\libgc_MSS_MSS_CM3_0_hw_platform.a(system_a2fxxxm3.o)

.debug_info     0x00000000     0x3ad6
 *(.debug_info .gnu.linkonce.wi.*)
 .debug_info    0x00000000      0x2a3 ./controller.o
 .debug_info    0x000002a3      0x923 ./main.o
 .debug_info    0x00000bc6      0x340 ./mytimer.o
 .debug_info    0x00000f06     0x10f0 C:/Users/mikechri/Downloads/gc/gc/SoftConsole/gc_MSS_MSS_CM3_0/gc_MSS_MSS_CM3_0_hw_platform/Debug/CMSIS/startup_gcc/newlib_stubs.o
 .debug_info    0x00001ff6     0x15a4 C:\Users\mikechri\Downloads\gc\gc\SoftConsole\gc_MSS_MSS_CM3_0\gc_MSS_MSS_CM3_0_hw_platform\Debug\libgc_MSS_MSS_CM3_0_hw_platform.a(mss_uart.o)
 .debug_info    0x0000359a      0x53c C:\Users\mikechri\Downloads\gc\gc\SoftConsole\gc_MSS_MSS_CM3_0\gc_MSS_MSS_CM3_0_hw_platform\Debug\libgc_MSS_MSS_CM3_0_hw_platform.a(system_a2fxxxm3.o)

.debug_abbrev   0x00000000      0x8ba
 *(.debug_abbrev)
 .debug_abbrev  0x00000000       0xd1 ./controller.o
 .debug_abbrev  0x000000d1      0x19b ./main.o
 .debug_abbrev  0x0000026c      0x104 ./mytimer.o
 .debug_abbrev  0x00000370      0x1f4 C:/Users/mikechri/Downloads/gc/gc/SoftConsole/gc_MSS_MSS_CM3_0/gc_MSS_MSS_CM3_0_hw_platform/Debug/CMSIS/startup_gcc/newlib_stubs.o
 .debug_abbrev  0x00000564      0x245 C:\Users\mikechri\Downloads\gc\gc\SoftConsole\gc_MSS_MSS_CM3_0\gc_MSS_MSS_CM3_0_hw_platform\Debug\libgc_MSS_MSS_CM3_0_hw_platform.a(mss_uart.o)
 .debug_abbrev  0x000007a9      0x111 C:\Users\mikechri\Downloads\gc\gc\SoftConsole\gc_MSS_MSS_CM3_0\gc_MSS_MSS_CM3_0_hw_platform\Debug\libgc_MSS_MSS_CM3_0_hw_platform.a(system_a2fxxxm3.o)

.debug_line     0x00000000     0x18a6
 *(.debug_line)
 .debug_line    0x00000000      0x1b8 ./controller.o
 .debug_line    0x000001b8      0x4fe ./main.o
 .debug_line    0x000006b6      0x4d6 ./mytimer.o
 .debug_line    0x00000b8c      0x515 C:/Users/mikechri/Downloads/gc/gc/SoftConsole/gc_MSS_MSS_CM3_0/gc_MSS_MSS_CM3_0_hw_platform/Debug/CMSIS/startup_gcc/newlib_stubs.o
 .debug_line    0x000010a1      0x581 C:\Users\mikechri\Downloads\gc\gc\SoftConsole\gc_MSS_MSS_CM3_0\gc_MSS_MSS_CM3_0_hw_platform\Debug\libgc_MSS_MSS_CM3_0_hw_platform.a(mss_uart.o)
 .debug_line    0x00001622      0x284 C:\Users\mikechri\Downloads\gc\gc\SoftConsole\gc_MSS_MSS_CM3_0\gc_MSS_MSS_CM3_0_hw_platform\Debug\libgc_MSS_MSS_CM3_0_hw_platform.a(system_a2fxxxm3.o)

.debug_frame    0x00000000     0x14f4
 *(.debug_frame)
 .debug_frame   0x00000000       0x78 ./controller.o
 .debug_frame   0x00000078       0xb0 ./main.o
 .debug_frame   0x00000128      0x21c ./mytimer.o
 .debug_frame   0x00000344      0x220 C:/Users/mikechri/Downloads/gc/gc/SoftConsole/gc_MSS_MSS_CM3_0/gc_MSS_MSS_CM3_0_hw_platform/Debug/CMSIS/startup_gcc/newlib_stubs.o
 .debug_frame   0x00000564      0x2e4 C:\Users\mikechri\Downloads\gc\gc\SoftConsole\gc_MSS_MSS_CM3_0\gc_MSS_MSS_CM3_0_hw_platform\Debug\libgc_MSS_MSS_CM3_0_hw_platform.a(mss_uart.o)
 .debug_frame   0x00000848       0x64 C:\Users\mikechri\Downloads\gc\gc\SoftConsole\gc_MSS_MSS_CM3_0\gc_MSS_MSS_CM3_0_hw_platform\Debug\libgc_MSS_MSS_CM3_0_hw_platform.a(system_a2fxxxm3.o)
 .debug_frame   0x000008ac       0x20 c:/actel/libero_v9.1/softconsole/sourcery-g++/bin/../lib/gcc/arm-none-eabi/4.4.1/../../../../arm-none-eabi/lib/thumb2\libc.a(lib_a-errno.o)
 .debug_frame   0x000008cc       0x2c c:/actel/libero_v9.1/softconsole/sourcery-g++/bin/../lib/gcc/arm-none-eabi/4.4.1/../../../../arm-none-eabi/lib/thumb2\libc.a(lib_a-init.o)
 .debug_frame   0x000008f8       0x30 c:/actel/libero_v9.1/softconsole/sourcery-g++/bin/../lib/gcc/arm-none-eabi/4.4.1/../../../../arm-none-eabi/lib/thumb2\libc.a(lib_a-malloc.o)
 .debug_frame   0x00000928       0x3c c:/actel/libero_v9.1/softconsole/sourcery-g++/bin/../lib/gcc/arm-none-eabi/4.4.1/../../../../arm-none-eabi/lib/thumb2\libc.a(lib_a-mallocr.o)
 .debug_frame   0x00000964       0x30 c:/actel/libero_v9.1/softconsole/sourcery-g++/bin/../lib/gcc/arm-none-eabi/4.4.1/../../../../arm-none-eabi/lib/thumb2\libc.a(lib_a-mlock.o)
 .debug_frame   0x00000994       0x5c c:/actel/libero_v9.1/softconsole/sourcery-g++/bin/../lib/gcc/arm-none-eabi/4.4.1/../../../../arm-none-eabi/lib/thumb2\libc.a(lib_a-printf.o)
 .debug_frame   0x000009f0       0x40 c:/actel/libero_v9.1/softconsole/sourcery-g++/bin/../lib/gcc/arm-none-eabi/4.4.1/../../../../arm-none-eabi/lib/thumb2\libc.a(lib_a-puts.o)
 .debug_frame   0x00000a30       0x2c c:/actel/libero_v9.1/softconsole/sourcery-g++/bin/../lib/gcc/arm-none-eabi/4.4.1/../../../../arm-none-eabi/lib/thumb2\libc.a(lib_a-sbrkr.o)
 .debug_frame   0x00000a5c       0x20 c:/actel/libero_v9.1/softconsole/sourcery-g++/bin/../lib/gcc/arm-none-eabi/4.4.1/../../../../arm-none-eabi/lib/thumb2\libc.a(lib_a-strlen.o)
 .debug_frame   0x00000a7c       0x70 c:/actel/libero_v9.1/softconsole/sourcery-g++/bin/../lib/gcc/arm-none-eabi/4.4.1/../../../../arm-none-eabi/lib/thumb2\libc.a(lib_a-vfprintf.o)
 .debug_frame   0x00000aec       0x2c c:/actel/libero_v9.1/softconsole/sourcery-g++/bin/../lib/gcc/arm-none-eabi/4.4.1/../../../../arm-none-eabi/lib/thumb2\libc.a(lib_a-wsetup.o)
 .debug_frame   0x00000b18       0x64 c:/actel/libero_v9.1/softconsole/sourcery-g++/bin/../lib/gcc/arm-none-eabi/4.4.1/../../../../arm-none-eabi/lib/thumb2\libc.a(lib_a-dtoa.o)
 .debug_frame   0x00000b7c       0x40 c:/actel/libero_v9.1/softconsole/sourcery-g++/bin/../lib/gcc/arm-none-eabi/4.4.1/../../../../arm-none-eabi/lib/thumb2\libc.a(lib_a-fflush.o)
 .debug_frame   0x00000bbc      0x11c c:/actel/libero_v9.1/softconsole/sourcery-g++/bin/../lib/gcc/arm-none-eabi/4.4.1/../../../../arm-none-eabi/lib/thumb2\libc.a(lib_a-findfp.o)
 .debug_frame   0x00000cd8       0x50 c:/actel/libero_v9.1/softconsole/sourcery-g++/bin/../lib/gcc/arm-none-eabi/4.4.1/../../../../arm-none-eabi/lib/thumb2\libc.a(lib_a-freer.o)
 .debug_frame   0x00000d28       0x3c c:/actel/libero_v9.1/softconsole/sourcery-g++/bin/../lib/gcc/arm-none-eabi/4.4.1/../../../../arm-none-eabi/lib/thumb2\libc.a(lib_a-fvwrite.o)
 .debug_frame   0x00000d64       0x54 c:/actel/libero_v9.1/softconsole/sourcery-g++/bin/../lib/gcc/arm-none-eabi/4.4.1/../../../../arm-none-eabi/lib/thumb2\libc.a(lib_a-fwalk.o)
 .debug_frame   0x00000db8       0x6c c:/actel/libero_v9.1/softconsole/sourcery-g++/bin/../lib/gcc/arm-none-eabi/4.4.1/../../../../arm-none-eabi/lib/thumb2\libc.a(lib_a-locale.o)
 .debug_frame   0x00000e24       0x34 c:/actel/libero_v9.1/softconsole/sourcery-g++/bin/../lib/gcc/arm-none-eabi/4.4.1/../../../../arm-none-eabi/lib/thumb2\libc.a(lib_a-makebuf.o)
 .debug_frame   0x00000e58       0x28 c:/actel/libero_v9.1/softconsole/sourcery-g++/bin/../lib/gcc/arm-none-eabi/4.4.1/../../../../arm-none-eabi/lib/thumb2\libc.a(lib_a-memchr.o)
 .debug_frame   0x00000e80       0x34 c:/actel/libero_v9.1/softconsole/sourcery-g++/bin/../lib/gcc/arm-none-eabi/4.4.1/../../../../arm-none-eabi/lib/thumb2\libc.a(lib_a-memcpy.o)
 .debug_frame   0x00000eb4       0x2c c:/actel/libero_v9.1/softconsole/sourcery-g++/bin/../lib/gcc/arm-none-eabi/4.4.1/../../../../arm-none-eabi/lib/thumb2\libc.a(lib_a-memmove.o)
 .debug_frame   0x00000ee0       0x28 c:/actel/libero_v9.1/softconsole/sourcery-g++/bin/../lib/gcc/arm-none-eabi/4.4.1/../../../../arm-none-eabi/lib/thumb2\libc.a(lib_a-memset.o)
 .debug_frame   0x00000f08      0x240 c:/actel/libero_v9.1/softconsole/sourcery-g++/bin/../lib/gcc/arm-none-eabi/4.4.1/../../../../arm-none-eabi/lib/thumb2\libc.a(lib_a-mprec.o)
 .debug_frame   0x00001148       0x3c c:/actel/libero_v9.1/softconsole/sourcery-g++/bin/../lib/gcc/arm-none-eabi/4.4.1/../../../../arm-none-eabi/lib/thumb2\libc.a(lib_a-reallocr.o)
 .debug_frame   0x00001184       0x64 c:/actel/libero_v9.1/softconsole/sourcery-g++/bin/../lib/gcc/arm-none-eabi/4.4.1/../../../../arm-none-eabi/lib/thumb2\libc.a(lib_a-reent.o)
 .debug_frame   0x000011e8       0x20 c:/actel/libero_v9.1/softconsole/sourcery-g++/bin/../lib/gcc/arm-none-eabi/4.4.1/../../../../arm-none-eabi/lib/thumb2\libc.a(lib_a-s_isinfd.o)
 .debug_frame   0x00001208       0x20 c:/actel/libero_v9.1/softconsole/sourcery-g++/bin/../lib/gcc/arm-none-eabi/4.4.1/../../../../arm-none-eabi/lib/thumb2\libc.a(lib_a-s_isnand.o)
 .debug_frame   0x00001228       0x70 c:/actel/libero_v9.1/softconsole/sourcery-g++/bin/../lib/gcc/arm-none-eabi/4.4.1/../../../../arm-none-eabi/lib/thumb2\libc.a(lib_a-stdio.o)
 .debug_frame   0x00001298       0x30 c:/actel/libero_v9.1/softconsole/sourcery-g++/bin/../lib/gcc/arm-none-eabi/4.4.1/../../../../arm-none-eabi/lib/thumb2\libc.a(lib_a-strcmp.o)
 .debug_frame   0x000012c8       0x2c c:/actel/libero_v9.1/softconsole/sourcery-g++/bin/../lib/gcc/arm-none-eabi/4.4.1/../../../../arm-none-eabi/lib/thumb2\libc.a(lib_a-callocr.o)
 .debug_frame   0x000012f4       0x2c c:/actel/libero_v9.1/softconsole/sourcery-g++/bin/../lib/gcc/arm-none-eabi/4.4.1/../../../../arm-none-eabi/lib/thumb2\libc.a(lib_a-closer.o)
 .debug_frame   0x00001320       0x3c c:/actel/libero_v9.1/softconsole/sourcery-g++/bin/../lib/gcc/arm-none-eabi/4.4.1/../../../../arm-none-eabi/lib/thumb2\libc.a(lib_a-fclose.o)
 .debug_frame   0x0000135c       0x2c c:/actel/libero_v9.1/softconsole/sourcery-g++/bin/../lib/gcc/arm-none-eabi/4.4.1/../../../../arm-none-eabi/lib/thumb2\libc.a(lib_a-fstatr.o)
 .debug_frame   0x00001388       0x2c c:/actel/libero_v9.1/softconsole/sourcery-g++/bin/../lib/gcc/arm-none-eabi/4.4.1/../../../../arm-none-eabi/lib/thumb2\libc.a(lib_a-isattyr.o)
 .debug_frame   0x000013b4       0x2c c:/actel/libero_v9.1/softconsole/sourcery-g++/bin/../lib/gcc/arm-none-eabi/4.4.1/../../../../arm-none-eabi/lib/thumb2\libc.a(lib_a-lseekr.o)
 .debug_frame   0x000013e0       0x2c c:/actel/libero_v9.1/softconsole/sourcery-g++/bin/../lib/gcc/arm-none-eabi/4.4.1/../../../../arm-none-eabi/lib/thumb2\libc.a(lib_a-readr.o)
 .debug_frame   0x0000140c       0x20 c:/actel/libero_v9.1/softconsole/sourcery-g++/bin/../lib/gcc/arm-none-eabi/4.4.1/thumb2\libgcc.a(_udivsi3.o)
 .debug_frame   0x0000142c       0x50 c:/actel/libero_v9.1/softconsole/sourcery-g++/bin/../lib/gcc/arm-none-eabi/4.4.1/thumb2\libgcc.a(bpabi.o)
 .debug_frame   0x0000147c       0x3c c:/actel/libero_v9.1/softconsole/sourcery-g++/bin/../lib/gcc/arm-none-eabi/4.4.1/thumb2\libgcc.a(_divdi3.o)
 .debug_frame   0x000014b8       0x3c c:/actel/libero_v9.1/softconsole/sourcery-g++/bin/../lib/gcc/arm-none-eabi/4.4.1/thumb2\libgcc.a(_udivdi3.o)

.debug_str      0x00000000     0x1b23
 *(.debug_str)
 .debug_str     0x00000000      0x1a5 ./controller.o
                                0x1eb (size before relaxing)
 .debug_str     0x000001a5      0xb54 ./main.o
                                0xd09 (size before relaxing)
 .debug_str     0x00000cf9      0x24e ./mytimer.o
                                0x363 (size before relaxing)
 .debug_str     0x00000f47      0x508 C:/Users/mikechri/Downloads/gc/gc/SoftConsole/gc_MSS_MSS_CM3_0/gc_MSS_MSS_CM3_0_hw_platform/Debug/CMSIS/startup_gcc/newlib_stubs.o
                               0x10a2 (size before relaxing)
 .debug_str     0x0000144f      0x5dd C:\Users\mikechri\Downloads\gc\gc\SoftConsole\gc_MSS_MSS_CM3_0\gc_MSS_MSS_CM3_0_hw_platform\Debug\libgc_MSS_MSS_CM3_0_hw_platform.a(mss_uart.o)
                               0x14b3 (size before relaxing)
 .debug_str     0x00001a2c       0xf7 C:\Users\mikechri\Downloads\gc\gc\SoftConsole\gc_MSS_MSS_CM3_0\gc_MSS_MSS_CM3_0_hw_platform\Debug\libgc_MSS_MSS_CM3_0_hw_platform.a(system_a2fxxxm3.o)
                                0x456 (size before relaxing)

.debug_loc      0x00000000      0xef1
 *(.debug_loc)
 .debug_loc     0x00000000       0xac ./controller.o
 .debug_loc     0x000000ac      0x113 ./main.o
 .debug_loc     0x000001bf      0x3c3 ./mytimer.o
 .debug_loc     0x00000582      0x3c6 C:/Users/mikechri/Downloads/gc/gc/SoftConsole/gc_MSS_MSS_CM3_0/gc_MSS_MSS_CM3_0_hw_platform/Debug/CMSIS/startup_gcc/newlib_stubs.o
 .debug_loc     0x00000948      0x510 C:\Users\mikechri\Downloads\gc\gc\SoftConsole\gc_MSS_MSS_CM3_0\gc_MSS_MSS_CM3_0_hw_platform\Debug\libgc_MSS_MSS_CM3_0_hw_platform.a(mss_uart.o)
 .debug_loc     0x00000e58       0x99 C:\Users\mikechri\Downloads\gc\gc\SoftConsole\gc_MSS_MSS_CM3_0\gc_MSS_MSS_CM3_0_hw_platform\Debug\libgc_MSS_MSS_CM3_0_hw_platform.a(system_a2fxxxm3.o)

.debug_macinfo  0x00000000    0x2ad40
 *(.debug_macinfo)
 .debug_macinfo
                0x00000000     0x5301 ./controller.o
 .debug_macinfo
                0x00005301     0x84c2 ./main.o
 .debug_macinfo
                0x0000d7c3     0x7d9b ./mytimer.o
 .debug_macinfo
                0x0001555e     0x9965 C:/Users/mikechri/Downloads/gc/gc/SoftConsole/gc_MSS_MSS_CM3_0/gc_MSS_MSS_CM3_0_hw_platform/Debug/CMSIS/startup_gcc/newlib_stubs.o
 .debug_macinfo
                0x0001eec3     0x63e4 C:\Users\mikechri\Downloads\gc\gc\SoftConsole\gc_MSS_MSS_CM3_0\gc_MSS_MSS_CM3_0_hw_platform\Debug\libgc_MSS_MSS_CM3_0_hw_platform.a(mss_uart.o)
 .debug_macinfo
                0x000252a7     0x5a99 C:\Users\mikechri\Downloads\gc\gc\SoftConsole\gc_MSS_MSS_CM3_0\gc_MSS_MSS_CM3_0_hw_platform\Debug\libgc_MSS_MSS_CM3_0_hw_platform.a(system_a2fxxxm3.o)

.debug_weaknames
 *(.debug_weaknames)

.debug_funcnames
 *(.debug_funcnames)

.debug_typenames
 *(.debug_typenames)

.debug_varnames
 *(.debug_varnames)

.note.gnu.arm.ident
 *(.note.gnu.arm.ident)

.ARM.attributes
                0x00000000       0x25
 *(.ARM.attributes)
 .ARM.attributes
                0x00000000       0x19 c:/actel/libero_v9.1/softconsole/sourcery-g++/bin/../lib/gcc/arm-none-eabi/4.4.1/thumb2/crti.o
 .ARM.attributes
                0x00000019       0x29 c:/actel/libero_v9.1/softconsole/sourcery-g++/bin/../lib/gcc/arm-none-eabi/4.4.1/thumb2/crtbegin.o
 .ARM.attributes
                0x00000042       0x31 ./controller.o
 .ARM.attributes
                0x00000073       0x31 ./main.o
 .ARM.attributes
                0x000000a4       0x31 ./mytimer.o
 .ARM.attributes
                0x000000d5       0x21 C:/Users/mikechri/Downloads/gc/gc/SoftConsole/gc_MSS_MSS_CM3_0/gc_MSS_MSS_CM3_0_hw_platform/Debug/CMSIS/startup_gcc/startup_a2fxxxm3.o
 .ARM.attributes
                0x000000f6       0x31 C:/Users/mikechri/Downloads/gc/gc/SoftConsole/gc_MSS_MSS_CM3_0/gc_MSS_MSS_CM3_0_hw_platform/Debug/CMSIS/startup_gcc/newlib_stubs.o
 .ARM.attributes
                0x00000127       0x31 C:\Users\mikechri\Downloads\gc\gc\SoftConsole\gc_MSS_MSS_CM3_0\gc_MSS_MSS_CM3_0_hw_platform\Debug\libgc_MSS_MSS_CM3_0_hw_platform.a(mss_uart.o)
 .ARM.attributes
                0x00000158       0x31 C:\Users\mikechri\Downloads\gc\gc\SoftConsole\gc_MSS_MSS_CM3_0\gc_MSS_MSS_CM3_0_hw_platform\Debug\libgc_MSS_MSS_CM3_0_hw_platform.a(system_a2fxxxm3.o)
 .ARM.attributes
                0x00000189       0x1b c:/actel/libero_v9.1/softconsole/sourcery-g++/bin/../lib/gcc/arm-none-eabi/4.4.1/thumb2\libgcc.a(_arm_addsubdf3.o)
 .ARM.attributes
                0x000001a4       0x1b c:/actel/libero_v9.1/softconsole/sourcery-g++/bin/../lib/gcc/arm-none-eabi/4.4.1/thumb2\libgcc.a(_arm_muldivdf3.o)
 .ARM.attributes
                0x000001bf       0x1b c:/actel/libero_v9.1/softconsole/sourcery-g++/bin/../lib/gcc/arm-none-eabi/4.4.1/thumb2\libgcc.a(_arm_cmpdf2.o)
 .ARM.attributes
                0x000001da       0x1b c:/actel/libero_v9.1/softconsole/sourcery-g++/bin/../lib/gcc/arm-none-eabi/4.4.1/thumb2\libgcc.a(_arm_fixunsdfsi.o)
 .ARM.attributes
                0x000001f5       0x29 c:/actel/libero_v9.1/softconsole/sourcery-g++/bin/../lib/gcc/arm-none-eabi/4.4.1/../../../../arm-none-eabi/lib/thumb2\libc.a(lib_a-errno.o)
 .ARM.attributes
                0x0000021e       0x29 c:/actel/libero_v9.1/softconsole/sourcery-g++/bin/../lib/gcc/arm-none-eabi/4.4.1/../../../../arm-none-eabi/lib/thumb2\libc.a(lib_a-impure.o)
 .ARM.attributes
                0x00000247       0x29 c:/actel/libero_v9.1/softconsole/sourcery-g++/bin/../lib/gcc/arm-none-eabi/4.4.1/../../../../arm-none-eabi/lib/thumb2\libc.a(lib_a-init.o)
 .ARM.attributes
                0x00000270       0x29 c:/actel/libero_v9.1/softconsole/sourcery-g++/bin/../lib/gcc/arm-none-eabi/4.4.1/../../../../arm-none-eabi/lib/thumb2\libc.a(lib_a-malloc.o)
 .ARM.attributes
                0x00000299       0x29 c:/actel/libero_v9.1/softconsole/sourcery-g++/bin/../lib/gcc/arm-none-eabi/4.4.1/../../../../arm-none-eabi/lib/thumb2\libc.a(lib_a-mallocr.o)
 .ARM.attributes
                0x000002c2       0x29 c:/actel/libero_v9.1/softconsole/sourcery-g++/bin/../lib/gcc/arm-none-eabi/4.4.1/../../../../arm-none-eabi/lib/thumb2\libc.a(lib_a-mlock.o)
 .ARM.attributes
                0x000002eb       0x29 c:/actel/libero_v9.1/softconsole/sourcery-g++/bin/../lib/gcc/arm-none-eabi/4.4.1/../../../../arm-none-eabi/lib/thumb2\libc.a(lib_a-printf.o)
 .ARM.attributes
                0x00000314       0x29 c:/actel/libero_v9.1/softconsole/sourcery-g++/bin/../lib/gcc/arm-none-eabi/4.4.1/../../../../arm-none-eabi/lib/thumb2\libc.a(lib_a-puts.o)
 .ARM.attributes
                0x0000033d       0x29 c:/actel/libero_v9.1/softconsole/sourcery-g++/bin/../lib/gcc/arm-none-eabi/4.4.1/../../../../arm-none-eabi/lib/thumb2\libc.a(lib_a-sbrkr.o)
 .ARM.attributes
                0x00000366       0x29 c:/actel/libero_v9.1/softconsole/sourcery-g++/bin/../lib/gcc/arm-none-eabi/4.4.1/../../../../arm-none-eabi/lib/thumb2\libc.a(lib_a-strlen.o)
 .ARM.attributes
                0x0000038f       0x29 c:/actel/libero_v9.1/softconsole/sourcery-g++/bin/../lib/gcc/arm-none-eabi/4.4.1/../../../../arm-none-eabi/lib/thumb2\libc.a(lib_a-vfprintf.o)
 .ARM.attributes
                0x000003b8       0x29 c:/actel/libero_v9.1/softconsole/sourcery-g++/bin/../lib/gcc/arm-none-eabi/4.4.1/../../../../arm-none-eabi/lib/thumb2\libc.a(lib_a-wsetup.o)
 .ARM.attributes
                0x000003e1       0x29 c:/actel/libero_v9.1/softconsole/sourcery-g++/bin/../lib/gcc/arm-none-eabi/4.4.1/../../../../arm-none-eabi/lib/thumb2\libc.a(lib_a-dtoa.o)
 .ARM.attributes
                0x0000040a       0x29 c:/actel/libero_v9.1/softconsole/sourcery-g++/bin/../lib/gcc/arm-none-eabi/4.4.1/../../../../arm-none-eabi/lib/thumb2\libc.a(lib_a-fflush.o)
 .ARM.attributes
                0x00000433       0x29 c:/actel/libero_v9.1/softconsole/sourcery-g++/bin/../lib/gcc/arm-none-eabi/4.4.1/../../../../arm-none-eabi/lib/thumb2\libc.a(lib_a-findfp.o)
 .ARM.attributes
                0x0000045c       0x29 c:/actel/libero_v9.1/softconsole/sourcery-g++/bin/../lib/gcc/arm-none-eabi/4.4.1/../../../../arm-none-eabi/lib/thumb2\libc.a(lib_a-freer.o)
 .ARM.attributes
                0x00000485       0x29 c:/actel/libero_v9.1/softconsole/sourcery-g++/bin/../lib/gcc/arm-none-eabi/4.4.1/../../../../arm-none-eabi/lib/thumb2\libc.a(lib_a-fvwrite.o)
 .ARM.attributes
                0x000004ae       0x29 c:/actel/libero_v9.1/softconsole/sourcery-g++/bin/../lib/gcc/arm-none-eabi/4.4.1/../../../../arm-none-eabi/lib/thumb2\libc.a(lib_a-fwalk.o)
 .ARM.attributes
                0x000004d7       0x29 c:/actel/libero_v9.1/softconsole/sourcery-g++/bin/../lib/gcc/arm-none-eabi/4.4.1/../../../../arm-none-eabi/lib/thumb2\libc.a(lib_a-locale.o)
 .ARM.attributes
                0x00000500       0x29 c:/actel/libero_v9.1/softconsole/sourcery-g++/bin/../lib/gcc/arm-none-eabi/4.4.1/../../../../arm-none-eabi/lib/thumb2\libc.a(lib_a-makebuf.o)
 .ARM.attributes
                0x00000529       0x29 c:/actel/libero_v9.1/softconsole/sourcery-g++/bin/../lib/gcc/arm-none-eabi/4.4.1/../../../../arm-none-eabi/lib/thumb2\libc.a(lib_a-memchr.o)
 .ARM.attributes
                0x00000552       0x29 c:/actel/libero_v9.1/softconsole/sourcery-g++/bin/../lib/gcc/arm-none-eabi/4.4.1/../../../../arm-none-eabi/lib/thumb2\libc.a(lib_a-memcpy.o)
 .ARM.attributes
                0x0000057b       0x29 c:/actel/libero_v9.1/softconsole/sourcery-g++/bin/../lib/gcc/arm-none-eabi/4.4.1/../../../../arm-none-eabi/lib/thumb2\libc.a(lib_a-memmove.o)
 .ARM.attributes
                0x000005a4       0x29 c:/actel/libero_v9.1/softconsole/sourcery-g++/bin/../lib/gcc/arm-none-eabi/4.4.1/../../../../arm-none-eabi/lib/thumb2\libc.a(lib_a-memset.o)
 .ARM.attributes
                0x000005cd       0x29 c:/actel/libero_v9.1/softconsole/sourcery-g++/bin/../lib/gcc/arm-none-eabi/4.4.1/../../../../arm-none-eabi/lib/thumb2\libc.a(lib_a-mprec.o)
 .ARM.attributes
                0x000005f6       0x29 c:/actel/libero_v9.1/softconsole/sourcery-g++/bin/../lib/gcc/arm-none-eabi/4.4.1/../../../../arm-none-eabi/lib/thumb2\libc.a(lib_a-reallocr.o)
 .ARM.attributes
                0x0000061f       0x29 c:/actel/libero_v9.1/softconsole/sourcery-g++/bin/../lib/gcc/arm-none-eabi/4.4.1/../../../../arm-none-eabi/lib/thumb2\libc.a(lib_a-reent.o)
 .ARM.attributes
                0x00000648       0x29 c:/actel/libero_v9.1/softconsole/sourcery-g++/bin/../lib/gcc/arm-none-eabi/4.4.1/../../../../arm-none-eabi/lib/thumb2\libc.a(lib_a-s_isinfd.o)
 .ARM.attributes
                0x00000671       0x29 c:/actel/libero_v9.1/softconsole/sourcery-g++/bin/../lib/gcc/arm-none-eabi/4.4.1/../../../../arm-none-eabi/lib/thumb2\libc.a(lib_a-s_isnand.o)
 .ARM.attributes
                0x0000069a       0x29 c:/actel/libero_v9.1/softconsole/sourcery-g++/bin/../lib/gcc/arm-none-eabi/4.4.1/../../../../arm-none-eabi/lib/thumb2\libc.a(lib_a-stdio.o)
 .ARM.attributes
                0x000006c3       0x29 c:/actel/libero_v9.1/softconsole/sourcery-g++/bin/../lib/gcc/arm-none-eabi/4.4.1/../../../../arm-none-eabi/lib/thumb2\libc.a(lib_a-strcmp.o)
 .ARM.attributes
                0x000006ec       0x29 c:/actel/libero_v9.1/softconsole/sourcery-g++/bin/../lib/gcc/arm-none-eabi/4.4.1/../../../../arm-none-eabi/lib/thumb2\libc.a(lib_a-callocr.o)
 .ARM.attributes
                0x00000715       0x29 c:/actel/libero_v9.1/softconsole/sourcery-g++/bin/../lib/gcc/arm-none-eabi/4.4.1/../../../../arm-none-eabi/lib/thumb2\libc.a(lib_a-closer.o)
 .ARM.attributes
                0x0000073e       0x29 c:/actel/libero_v9.1/softconsole/sourcery-g++/bin/../lib/gcc/arm-none-eabi/4.4.1/../../../../arm-none-eabi/lib/thumb2\libc.a(lib_a-fclose.o)
 .ARM.attributes
                0x00000767       0x29 c:/actel/libero_v9.1/softconsole/sourcery-g++/bin/../lib/gcc/arm-none-eabi/4.4.1/../../../../arm-none-eabi/lib/thumb2\libc.a(lib_a-fstatr.o)
 .ARM.attributes
                0x00000790       0x29 c:/actel/libero_v9.1/softconsole/sourcery-g++/bin/../lib/gcc/arm-none-eabi/4.4.1/../../../../arm-none-eabi/lib/thumb2\libc.a(lib_a-isattyr.o)
 .ARM.attributes
                0x000007b9       0x29 c:/actel/libero_v9.1/softconsole/sourcery-g++/bin/../lib/gcc/arm-none-eabi/4.4.1/../../../../arm-none-eabi/lib/thumb2\libc.a(lib_a-lseekr.o)
 .ARM.attributes
                0x000007e2       0x29 c:/actel/libero_v9.1/softconsole/sourcery-g++/bin/../lib/gcc/arm-none-eabi/4.4.1/../../../../arm-none-eabi/lib/thumb2\libc.a(lib_a-readr.o)
 .ARM.attributes
                0x0000080b       0x1b c:/actel/libero_v9.1/softconsole/sourcery-g++/bin/../lib/gcc/arm-none-eabi/4.4.1/thumb2\libgcc.a(_udivsi3.o)
 .ARM.attributes
                0x00000826       0x1b c:/actel/libero_v9.1/softconsole/sourcery-g++/bin/../lib/gcc/arm-none-eabi/4.4.1/thumb2\libgcc.a(_dvmd_tls.o)
 .ARM.attributes
                0x00000841       0x1b c:/actel/libero_v9.1/softconsole/sourcery-g++/bin/../lib/gcc/arm-none-eabi/4.4.1/thumb2\libgcc.a(_arm_fixdfsi.o)
 .ARM.attributes
                0x0000085c       0x1b c:/actel/libero_v9.1/softconsole/sourcery-g++/bin/../lib/gcc/arm-none-eabi/4.4.1/thumb2\libgcc.a(_aeabi_uldivmod.o)
 .ARM.attributes
                0x00000877       0x29 c:/actel/libero_v9.1/softconsole/sourcery-g++/bin/../lib/gcc/arm-none-eabi/4.4.1/thumb2\libgcc.a(bpabi.o)
 .ARM.attributes
                0x000008a0       0x29 c:/actel/libero_v9.1/softconsole/sourcery-g++/bin/../lib/gcc/arm-none-eabi/4.4.1/thumb2\libgcc.a(_divdi3.o)
 .ARM.attributes
                0x000008c9       0x29 c:/actel/libero_v9.1/softconsole/sourcery-g++/bin/../lib/gcc/arm-none-eabi/4.4.1/thumb2\libgcc.a(_udivdi3.o)
 .ARM.attributes
                0x000008f2       0x29 c:/actel/libero_v9.1/softconsole/sourcery-g++/bin/../lib/gcc/arm-none-eabi/4.4.1/thumb2/crtend.o
 .ARM.attributes
                0x0000091b       0x19 c:/actel/libero_v9.1/softconsole/sourcery-g++/bin/../lib/gcc/arm-none-eabi/4.4.1/thumb2/crtn.o

/DISCARD/
 *(.note.GNU-stack)
OUTPUT(gc_MSS_MSS_CM3_0_app elf32-littlearm)

.debug_ranges   0x00000000      0x2b8
 .debug_ranges  0x00000000       0x30 ./controller.o
 .debug_ranges  0x00000030       0x38 ./main.o
 .debug_ranges  0x00000068       0xb8 ./mytimer.o
 .debug_ranges  0x00000120       0xa0 C:/Users/mikechri/Downloads/gc/gc/SoftConsole/gc_MSS_MSS_CM3_0/gc_MSS_MSS_CM3_0_hw_platform/Debug/CMSIS/startup_gcc/newlib_stubs.o
 .debug_ranges  0x000001c0       0xd0 C:\Users\mikechri\Downloads\gc\gc\SoftConsole\gc_MSS_MSS_CM3_0\gc_MSS_MSS_CM3_0_hw_platform\Debug\libgc_MSS_MSS_CM3_0_hw_platform.a(mss_uart.o)
 .debug_ranges  0x00000290       0x28 C:\Users\mikechri\Downloads\gc\gc\SoftConsole\gc_MSS_MSS_CM3_0\gc_MSS_MSS_CM3_0_hw_platform\Debug\libgc_MSS_MSS_CM3_0_hw_platform.a(system_a2fxxxm3.o)
