Archive member included because of file (symbol)

C:\Users\knekritz\UMKarts\gc\SoftConsole\gc_MSS_MSS_CM3_0\gc_MSS_MSS_CM3_0_hw_platform\Debug\libgc_MSS_MSS_CM3_0_hw_platform.a(mss_uart.o)
                              C:/Users/knekritz/UMKarts/gc/SoftConsole/gc_MSS_MSS_CM3_0/gc_MSS_MSS_CM3_0_hw_platform/Debug/CMSIS/startup_gcc/newlib_stubs.o (g_mss_uart0)
C:\Users\knekritz\UMKarts\gc\SoftConsole\gc_MSS_MSS_CM3_0\gc_MSS_MSS_CM3_0_hw_platform\Debug\libgc_MSS_MSS_CM3_0_hw_platform.a(system_a2fxxxm3.o)
                              C:\Users\knekritz\UMKarts\gc\SoftConsole\gc_MSS_MSS_CM3_0\gc_MSS_MSS_CM3_0_hw_platform\Debug\libgc_MSS_MSS_CM3_0_hw_platform.a(mss_uart.o) (g_FrequencyPCLK0)
c:/actel/libero_v9.1/softconsole/sourcery-g++/bin/../lib/gcc/arm-none-eabi/4.4.1/thumb2\libgcc.a(_arm_addsubdf3.o)
                              ./main.o (__aeabi_dsub)
c:/actel/libero_v9.1/softconsole/sourcery-g++/bin/../lib/gcc/arm-none-eabi/4.4.1/thumb2\libgcc.a(_arm_muldivdf3.o)
                              ./main.o (__aeabi_dmul)
c:/actel/libero_v9.1/softconsole/sourcery-g++/bin/../lib/gcc/arm-none-eabi/4.4.1/thumb2\libgcc.a(_arm_cmpdf2.o)
                              ./main.o (__aeabi_dcmplt)
c:/actel/libero_v9.1/softconsole/sourcery-g++/bin/../lib/gcc/arm-none-eabi/4.4.1/thumb2\libgcc.a(_arm_fixunsdfsi.o)
                              ./main.o (__aeabi_d2uiz)
c:/actel/libero_v9.1/softconsole/sourcery-g++/bin/../lib/gcc/arm-none-eabi/4.4.1/../../../../arm-none-eabi/lib/thumb2\libc.a(lib_a-errno.o)
                              C:/Users/knekritz/UMKarts/gc/SoftConsole/gc_MSS_MSS_CM3_0/gc_MSS_MSS_CM3_0_hw_platform/Debug/CMSIS/startup_gcc/newlib_stubs.o (__errno)
c:/actel/libero_v9.1/softconsole/sourcery-g++/bin/../lib/gcc/arm-none-eabi/4.4.1/../../../../arm-none-eabi/lib/thumb2\libc.a(lib_a-impure.o)
                              c:/actel/libero_v9.1/softconsole/sourcery-g++/bin/../lib/gcc/arm-none-eabi/4.4.1/../../../../arm-none-eabi/lib/thumb2\libc.a(lib_a-errno.o) (_impure_ptr)
c:/actel/libero_v9.1/softconsole/sourcery-g++/bin/../lib/gcc/arm-none-eabi/4.4.1/../../../../arm-none-eabi/lib/thumb2\libc.a(lib_a-init.o)
                              C:/Users/knekritz/UMKarts/gc/SoftConsole/gc_MSS_MSS_CM3_0/gc_MSS_MSS_CM3_0_hw_platform/Debug/CMSIS/startup_gcc/startup_a2fxxxm3.o (__libc_init_array)
c:/actel/libero_v9.1/softconsole/sourcery-g++/bin/../lib/gcc/arm-none-eabi/4.4.1/../../../../arm-none-eabi/lib/thumb2\libc.a(lib_a-malloc.o)
                              ./controller.o (malloc)
c:/actel/libero_v9.1/softconsole/sourcery-g++/bin/../lib/gcc/arm-none-eabi/4.4.1/../../../../arm-none-eabi/lib/thumb2\libc.a(lib_a-mallocr.o)
                              c:/actel/libero_v9.1/softconsole/sourcery-g++/bin/../lib/gcc/arm-none-eabi/4.4.1/../../../../arm-none-eabi/lib/thumb2\libc.a(lib_a-malloc.o) (_malloc_r)
c:/actel/libero_v9.1/softconsole/sourcery-g++/bin/../lib/gcc/arm-none-eabi/4.4.1/../../../../arm-none-eabi/lib/thumb2\libc.a(lib_a-mlock.o)
                              c:/actel/libero_v9.1/softconsole/sourcery-g++/bin/../lib/gcc/arm-none-eabi/4.4.1/../../../../arm-none-eabi/lib/thumb2\libc.a(lib_a-mallocr.o) (__malloc_lock)
c:/actel/libero_v9.1/softconsole/sourcery-g++/bin/../lib/gcc/arm-none-eabi/4.4.1/../../../../arm-none-eabi/lib/thumb2\libc.a(lib_a-printf.o)
                              ./controller.o (printf)
c:/actel/libero_v9.1/softconsole/sourcery-g++/bin/../lib/gcc/arm-none-eabi/4.4.1/../../../../arm-none-eabi/lib/thumb2\libc.a(lib_a-puts.o)
                              ./main.o (puts)
c:/actel/libero_v9.1/softconsole/sourcery-g++/bin/../lib/gcc/arm-none-eabi/4.4.1/../../../../arm-none-eabi/lib/thumb2\libc.a(lib_a-sbrkr.o)
                              c:/actel/libero_v9.1/softconsole/sourcery-g++/bin/../lib/gcc/arm-none-eabi/4.4.1/../../../../arm-none-eabi/lib/thumb2\libc.a(lib_a-mallocr.o) (_sbrk_r)
c:/actel/libero_v9.1/softconsole/sourcery-g++/bin/../lib/gcc/arm-none-eabi/4.4.1/../../../../arm-none-eabi/lib/thumb2\libc.a(lib_a-strlen.o)
                              c:/actel/libero_v9.1/softconsole/sourcery-g++/bin/../lib/gcc/arm-none-eabi/4.4.1/../../../../arm-none-eabi/lib/thumb2\libc.a(lib_a-puts.o) (strlen)
c:/actel/libero_v9.1/softconsole/sourcery-g++/bin/../lib/gcc/arm-none-eabi/4.4.1/../../../../arm-none-eabi/lib/thumb2\libc.a(lib_a-vfprintf.o)
                              c:/actel/libero_v9.1/softconsole/sourcery-g++/bin/../lib/gcc/arm-none-eabi/4.4.1/../../../../arm-none-eabi/lib/thumb2\libc.a(lib_a-printf.o) (_vfprintf_r)
c:/actel/libero_v9.1/softconsole/sourcery-g++/bin/../lib/gcc/arm-none-eabi/4.4.1/../../../../arm-none-eabi/lib/thumb2\libc.a(lib_a-wsetup.o)
                              c:/actel/libero_v9.1/softconsole/sourcery-g++/bin/../lib/gcc/arm-none-eabi/4.4.1/../../../../arm-none-eabi/lib/thumb2\libc.a(lib_a-vfprintf.o) (__swsetup_r)
c:/actel/libero_v9.1/softconsole/sourcery-g++/bin/../lib/gcc/arm-none-eabi/4.4.1/../../../../arm-none-eabi/lib/thumb2\libc.a(lib_a-dtoa.o)
[...]
Memory Configuration

Name             Origin             Length             Attributes
rom              0x60000000         0x00040000         xr
romMirror        0x00000000         0x00040000         xr
ram              0x20000000         0x00010000         xrw
*default*        0x00000000         0xffffffff

Linker script and memory map

LOAD c:/actel/libero_v9.1/softconsole/sourcery-g++/bin/../lib/gcc/arm-none-eabi/4.4.1/thumb2/crti.o
LOAD c:/actel/libero_v9.1/softconsole/sourcery-g++/bin/../lib/gcc/arm-none-eabi/4.4.1/thumb2/crtbegin.o
LOAD ./controller.o
LOAD ./main.o
LOAD ./mytimer.o
LOAD C:/Users/knekritz/UMKarts/gc/SoftConsole/gc_MSS_MSS_CM3_0/gc_MSS_MSS_CM3_0_hw_platform/Debug/CMSIS/startup_gcc/startup_a2fxxxm3.o
LOAD C:/Users/knekritz/UMKarts/gc/SoftConsole/gc_MSS_MSS_CM3_0/gc_MSS_MSS_CM3_0_hw_platform/Debug/CMSIS/startup_gcc/newlib_stubs.o
LOAD C:\Users\knekritz\UMKarts\gc\SoftConsole\gc_MSS_MSS_CM3_0\gc_MSS_MSS_CM3_0_hw_platform\Debug\libgc_MSS_MSS_CM3_0_hw_platform.a
START GROUP
LOAD c:/actel/libero_v9.1/softconsole/sourcery-g++/bin/../lib/gcc/arm-none-eabi/4.4.1/thumb2\libgcc.a
LOAD c:/actel/libero_v9.1/softconsole/sourcery-g++/bin/../lib/gcc/arm-none-eabi/4.4.1/../../../../arm-none-eabi/lib/thumb2\libc.a
END GROUP
LOAD c:/actel/libero_v9.1/softconsole/sourcery-g++/bin/../lib/gcc/arm-none-eabi/4.4.1/thumb2/crtend.o
LOAD c:/actel/libero_v9.1/softconsole/sourcery-g++/bin/../lib/gcc/arm-none-eabi/4.4.1/thumb2/crtn.o
START GROUP
LOAD c:/actel/libero_v9.1/softconsole/sourcery-g++/bin/../lib/gcc/arm-none-eabi/4.4.1/../../../../arm-none-eabi/lib/thumb2\libc.a
LOAD c:/actel/libero_v9.1/softconsole/sourcery-g++/bin/../lib/gcc/arm-none-eabi/4.4.1/thumb2\libgcc.a
LOAD c:/actel/libero_v9.1/softconsole/sourcery-g++/bin/../lib/gcc/arm-none-eabi/4.4.1/../../../../arm-none-eabi/lib/thumb2\libm.a
END GROUP
                0x00000000                __DYNAMIC = 0x0
                0x20000000                RAM_START_ADDRESS = 0x20000000
                0x00010000                RAM_SIZE = 0x10000
                0x00002000                MAIN_STACK_SIZE = 0x2000
                0x00001000                PROCESS_STACK_SIZE = 0x1000
                0x20010000                PROVIDE (__main_stack_start, (RAM_START_ADDRESS + RAM_SIZE))
                0x2000e000                PROVIDE (__process_stack_start, (__main_stack_start - MAIN_STACK_SIZE))
                0x20010000                PROVIDE (_estack, __main_stack_start)
                0x00000001                PROVIDE (__mirrored_nvm, 0x1)

.init           0x00000000      0x470 load address 0x60000000
 *(.isr_vector)
 .isr_vector    0x00000000      0x470 C:/Users/knekritz/UMKarts/gc/SoftConsole/gc_MSS_MSS_CM3_0/gc_MSS_MSS_CM3_0_hw_platform/Debug/CMSIS/startup_gcc/startup_a2fxxxm3.o
                0x00000000                g_pfnVectors
                0x00000298                Reset_Handler
                0x00000308                NMI_Handler
                0x0000030a                HardFault_Handler
                0x0000030c                MemManage_Handler
                0x0000030e                BusFault_Handler
                0x00000310                UsageFault_Handler
                0x00000312                SVC_Handler
                0x00000314                DebugMon_Handler
                0x00000316                PendSV_Handler
                0x00000318                SysTick_Handler
                0x0000031a                WdogWakeup_IRQHandler
                0x0000031c                BrownOut_1_5V_IRQHandler
                0x0000031e                BrownOut_3_3V_IRQHandler
                0x00000320                RTC_Match_IRQHandler
                0x00000322                RTCIF_Pub_IRQHandler
                0x00000324                EthernetMAC_IRQHandler
                0x00000326                IAP_IRQHandler
                0x00000328                ENVM0_IRQHandler
                0x0000032a                ENVM1_IRQHandler
                0x0000032c                DMA_IRQHandler
                0x00000332                SPI0_IRQHandler
                0x00000334                SPI1_IRQHandler
                0x00000336                I2C0_IRQHandler
                0x00000338                I2C0_SMBAlert_IRQHandler
                0x0000033a                I2C0_SMBus_IRQHandler
                0x0000033c                I2C1_IRQHandler
                0x0000033e                I2C1_SMBAlert_IRQHandler
                0x00000340                I2C1_SMBus_IRQHandler
                0x00000342                Timer1_IRQHandler
                0x00000344                Timer2_IRQHandler
                0x00000346                PLL_Lock_IRQHandler
                0x00000348                PLL_LockLost_IRQHandler
                0x0000034a                CommError_IRQHandler
                0x0000034e                GPIO0_IRQHandler
                0x00000350                GPIO1_IRQHandler
                0x00000352                GPIO2_IRQHandler
                0x00000354                GPIO3_IRQHandler
                0x00000356                GPIO4_IRQHandler
                0x00000358                GPIO5_IRQHandler
                0x0000035a                GPIO6_IRQHandler
                0x0000035c                GPIO7_IRQHandler
                0x0000035e                GPIO8_IRQHandler
                0x00000360                GPIO9_IRQHandler
                0x00000362                GPIO10_IRQHandler
                0x00000364                GPIO11_IRQHandler
                0x00000366                GPIO12_IRQHandler
                0x00000368                GPIO13_IRQHandler
                0x0000036a                GPIO14_IRQHandler
                0x0000036c                GPIO15_IRQHandler
                0x0000036e                GPIO16_IRQHandler
                0x00000370                GPIO17_IRQHandler
                0x00000372                GPIO18_IRQHandler
                0x00000374                GPIO19_IRQHandler
                0x00000376                GPIO20_IRQHandler
                0x00000378                GPIO21_IRQHandler
                0x0000037a                GPIO22_IRQHandler
                0x0000037c                GPIO23_IRQHandler
                0x0000037e                GPIO24_IRQHandler
                0x00000380                GPIO25_IRQHandler
                0x00000382                GPIO26_IRQHandler
                0x00000384                GPIO27_IRQHandler
                0x00000386                GPIO28_IRQHandler
                0x00000388                GPIO29_IRQHandler
                0x0000038a                GPIO30_IRQHandler
                0x0000038c                GPIO31_IRQHandler
                0x0000038e                ACE_PC0_Flag0_IRQHandler
                0x00000390                ACE_PC0_Flag1_IRQHandler
                0x00000392                ACE_PC0_Flag2_IRQHandler
                0x00000394                ACE_PC0_Flag3_IRQHandler
                0x00000396                ACE_PC1_Flag0_IRQHandler
                0x00000398                ACE_PC1_Flag1_IRQHandler
                0x0000039a                ACE_PC1_Flag2_IRQHandler
                0x0000039c                ACE_PC1_Flag3_IRQHandler
                0x0000039e                ACE_PC2_Flag0_IRQHandler
                0x000003a0                ACE_PC2_Flag1_IRQHandler
                0x000003a2                ACE_PC2_Flag2_IRQHandler
                0x000003a4                ACE_PC2_Flag3_IRQHandler
                0x000003a6                ACE_ADC0_DataValid_IRQHandler
                0x000003a8                ACE_ADC1_DataValid_IRQHandler
                0x000003aa                ACE_ADC2_DataValid_IRQHandler
                0x000003ac                ACE_ADC0_CalDone_IRQHandler
                0x000003ae                ACE_ADC1_CalDone_IRQHandler
                0x000003b0                ACE_ADC2_CalDone_IRQHandler
                0x000003b2                ACE_ADC0_CalStart_IRQHandler
                0x000003b4                ACE_ADC1_CalStart_IRQHandler
                0x000003b6                ACE_ADC2_CalStart_IRQHandler
                0x000003b8                ACE_Comp0_Fall_IRQHandler
                0x000003ba                ACE_Comp1_Fall_IRQHandler
                0x000003bc                ACE_Comp2_Fall_IRQHandler
                0x000003be                ACE_Comp3_Fall_IRQHandler
                0x000003c0                ACE_Comp4_Fall_IRQHandler
                0x000003c2                ACE_Comp5_Fall_IRQHandler
                0x000003c4                ACE_Comp6_Fall_IRQHandler
                0x000003c6                ACE_Comp7_Fall_IRQHandler
                0x000003c8                ACE_Comp8_Fall_IRQHandler
                0x000003ca                ACE_Comp9_Fall_IRQHandler
                0x000003cc                ACE_Comp10_Fall_IRQHandler
                0x000003ce                ACE_Comp11_Fall_IRQHandler
                0x000003d0                ACE_Comp0_Rise_IRQHandler
                0x000003d2                ACE_Comp1_Rise_IRQHandler
                0x000003d4                ACE_Comp2_Rise_IRQHandler
                0x000003d6                ACE_Comp3_Rise_IRQHandler
                0x000003d8                ACE_Comp4_Rise_IRQHandler
                0x000003da                ACE_Comp5_Rise_IRQHandler
                0x000003dc                ACE_Comp6_Rise_IRQHandler
                0x000003de                ACE_Comp7_Rise_IRQHandler
                0x000003e0                ACE_Comp8_Rise_IRQHandler
                0x000003e2                ACE_Comp9_Rise_IRQHandler
                0x000003e4                ACE_Comp10_Rise_IRQHandler
                0x000003e6                ACE_Comp11_Rise_IRQHandler
                0x000003e8                ACE_ADC0_FifoFull_IRQHandler
                0x000003ea                ACE_ADC0_FifoAFull_IRQHandler
                0x000003ec                ACE_ADC0_FifoEmpty_IRQHandler
                0x000003ee                ACE_ADC1_FifoFull_IRQHandler
                0x000003f0                ACE_ADC1_FifoAFull_IRQHandler
                0x000003f2                ACE_ADC1_FifoEmpty_IRQHandler
                0x000003f4                ACE_ADC2_FifoFull_IRQHandler
                0x000003f6                ACE_ADC2_FifoAFull_IRQHandler
                0x000003f8                ACE_ADC2_FifoEmpty_IRQHandler
                0x000003fa                ACE_PPE_Flag0_IRQHandler
                0x000003fc                ACE_PPE_Flag1_IRQHandler
                0x000003fe                ACE_PPE_Flag2_IRQHandler
                0x00000400                ACE_PPE_Flag3_IRQHandler
                0x00000402                ACE_PPE_Flag4_IRQHandler
                0x00000404                ACE_PPE_Flag5_IRQHandler
                0x00000406                ACE_PPE_Flag6_IRQHandler
                0x00000408                ACE_PPE_Flag7_IRQHandler
                0x0000040a                ACE_PPE_Flag8_IRQHandler
                0x0000040c                ACE_PPE_Flag9_IRQHandler
                0x0000040e                ACE_PPE_Flag10_IRQHandler
                0x00000410                ACE_PPE_Flag11_IRQHandler
                0x00000412                ACE_PPE_Flag12_IRQHandler
                0x00000414                ACE_PPE_Flag13_IRQHandler
                0x00000416                ACE_PPE_Flag14_IRQHandler
                0x00000418                ACE_PPE_Flag15_IRQHandler
                0x0000041a                ACE_PPE_Flag16_IRQHandler
                0x0000041c                ACE_PPE_Flag17_IRQHandler
                0x0000041e                ACE_PPE_Flag18_IRQHandler
                0x00000420                ACE_PPE_Flag19_IRQHandler
                0x00000422                ACE_PPE_Flag20_IRQHandler
                0x00000424                ACE_PPE_Flag21_IRQHandler
                0x00000426                ACE_PPE_Flag22_IRQHandler
                0x00000428                ACE_PPE_Flag23_IRQHandler
                0x0000042a                ACE_PPE_Flag24_IRQHandler
                0x0000042c                ACE_PPE_Flag25_IRQHandler
                0x0000042e                ACE_PPE_Flag26_IRQHandler
                0x00000430                ACE_PPE_Flag27_IRQHandler
                0x00000432                ACE_PPE_Flag28_IRQHandler
                0x00000434                ACE_PPE_Flag29_IRQHandler
                0x00000436                ACE_PPE_Flag30_IRQHandler
                0x00000438                ACE_PPE_Flag31_IRQHandler
 *sys_boot.o(.text)
                0x00000470                . = ALIGN (0x4)

.text           0x00000470     0x7788 load address 0x60000470
 CREATE_OBJECT_SYMBOLS
                0x60000470                __text_load = LOADADDR (.text)
                0x00000470                __text_start = .
 *(.text .text.* .gnu.linkonce.t.*)
 .text          0x00000470       0x30 c:/actel/libero_v9.1/softconsole/sourcery-g++/bin/../lib/gcc/arm-none-eabi/4.4.1/thumb2/crtbegin.o
 .text.CONTROLLER_setup_mem
                0x000004a0       0x34 ./controller.o
                0x000004a0                CONTROLLER_setup_mem
 .text.CONTROLLER_load
                0x000004d4       0x3c ./controller.o
                0x000004d4                CONTROLLER_load
 .text.NVIC_EnableIRQ
                0x00000510       0x38 ./main.o
 .text.NVIC_ClearPendingIRQ
                0x00000548       0x3c ./main.o
 .text.setPWM   0x00000584      0x12c ./main.o
                0x00000584                setPWM
 .text.Fabric_IRQHandler
                0x000006b0       0x98 ./main.o
                0x000006b0                Fabric_IRQHandler
 .text.main     0x00000748      0x1b0 ./main.o
                0x00000748                main
 .text.MYTIMER_init
                0x000008f8        0xc ./mytimer.o
                0x000008f8                MYTIMER_init
 .text.MYTIMER_enable
                0x00000904       0x24 ./mytimer.o
                0x00000904                MYTIMER_enable
 .text.MYTIMER_setOverflowVal
                0x00000928       0x24 ./mytimer.o
                0x00000928                MYTIMER_setOverflowVal
 .text.MYTIMER_enable_allInterrupts
                0x0000094c       0x24 ./mytimer.o
                0x0000094c                MYTIMER_enable_allInterrupts
 .text.MYTIMER_enable_compareInt
                0x00000970       0x24 ./mytimer.o
                0x00000970                MYTIMER_enable_compareInt
 .text.MYTIMER_setCompareVal
                0x00000994       0x20 ./mytimer.o
                0x00000994                MYTIMER_setCompareVal
 .text.MYTIMER_enable_overflowInt
                0x000009b4       0x24 ./mytimer.o
                0x000009b4                MYTIMER_enable_overflowInt
 .text.MYTIMER_getInterrupt_status
                0x000009d8       0x18 ./mytimer.o
                0x000009d8                MYTIMER_getInterrupt_status
 .text.MYTIMER_enable_pwm
                0x000009f0       0x24 ./mytimer.o
                0x000009f0                MYTIMER_enable_pwm
 .text.MYTIMER_enable_capture
                0x00000a14       0x24 ./mytimer.o
                0x00000a14                MYTIMER_enable_capture
 .text.MYTIMER_set_motor_direction
                0x00000a38       0xb0 ./mytimer.o
                0x00000a38                MYTIMER_set_motor_direction
 .text.MYTIMER_set_servo_direction
                0x00000ae8       0xb0 ./mytimer.o
                0x00000ae8                MYTIMER_set_servo_direction
 .text._close   0x00000b98       0x18 C:/Users/knekritz/UMKarts/gc/SoftConsole/gc_MSS_MSS_CM3_0/gc_MSS_MSS_CM3_0_hw_platform/Debug/CMSIS/startup_gcc/newlib_stubs.o
                0x00000b98                _close
 .text._exit    0x00000bb0        0xc C:/Users/knekritz/UMKarts/gc/SoftConsole/gc_MSS_MSS_CM3_0/gc_MSS_MSS_CM3_0_hw_platform/Debug/CMSIS/startup_gcc/newlib_stubs.o
                0x00000bb0                _exit
 .text._fstat   0x00000bbc       0x24 C:/Users/knekritz/UMKarts/gc/SoftConsole/gc_MSS_MSS_CM3_0/gc_MSS_MSS_CM3_0_hw_platform/Debug/CMSIS/startup_gcc/newlib_stubs.o
                0x00000bbc                _fstat
 .text._isatty  0x00000be0       0x18 C:/Users/knekritz/UMKarts/gc/SoftConsole/gc_MSS_MSS_CM3_0/gc_MSS_MSS_CM3_0_hw_platform/Debug/CMSIS/startup_gcc/newlib_stubs.o
                0x00000be0                _isatty
 .text._lseek   0x00000bf8       0x1c C:/Users/knekritz/UMKarts/gc/SoftConsole/gc_MSS_MSS_CM3_0/gc_MSS_MSS_CM3_0_hw_platform/Debug/CMSIS/startup_gcc/newlib_stubs.o
                0x00000bf8                _lseek
 .text._read    0x00000c14       0x1c C:/Users/knekritz/UMKarts/gc/SoftConsole/gc_MSS_MSS_CM3_0/gc_MSS_MSS_CM3_0_hw_platform/Debug/CMSIS/startup_gcc/newlib_stubs.o
                0x00000c14                _read
 .text._write_r
                0x00000c30       0x5c C:/Users/knekritz/UMKarts/gc/SoftConsole/gc_MSS_MSS_CM3_0/gc_MSS_MSS_CM3_0_hw_platform/Debug/CMSIS/startup_gcc/newlib_stubs.o
                0x00000c30                _write_r
 .text._sbrk    0x00000c8c       0x94 C:/Users/knekritz/UMKarts/gc/SoftConsole/gc_MSS_MSS_CM3_0/gc_MSS_MSS_CM3_0_hw_platform/Debug/CMSIS/startup_gcc/newlib_stubs.o
                0x00000c8c                _sbrk
 .text.NVIC_ClearPendingIRQ
                0x00000d20       0x3c C:\Users\knekritz\UMKarts\gc\SoftConsole\gc_MSS_MSS_CM3_0\gc_MSS_MSS_CM3_0_hw_platform\Debug\libgc_MSS_MSS_CM3_0_hw_platform.a(mss_uart.o)
 .text.MSS_UART_init
                0x00000d5c      0x204 C:\Users\knekritz\UMKarts\gc\SoftConsole\gc_MSS_MSS_CM3_0\gc_MSS_MSS_CM3_0_hw_platform\Debug\libgc_MSS_MSS_CM3_0_hw_platform.a(mss_uart.o)
                0x00000d5c                MSS_UART_init
 .text.MSS_UART_polled_tx
                0x00000f60       0xe4 C:\Users\knekritz\UMKarts\gc\SoftConsole\gc_MSS_MSS_CM3_0\gc_MSS_MSS_CM3_0_hw_platform\Debug\libgc_MSS_MSS_CM3_0_hw_platform.a(mss_uart.o)
                0x00000f60                MSS_UART_polled_tx
 .text.MSS_UART_isr
                0x00001044      0x11c C:\Users\knekritz\UMKarts\gc\SoftConsole\gc_MSS_MSS_CM3_0\gc_MSS_MSS_CM3_0_hw_platform\Debug\libgc_MSS_MSS_CM3_0_hw_platform.a(mss_uart.o)
 .text.default_tx_handler
                0x00001160      0x108 C:\Users\knekritz\UMKarts\gc\SoftConsole\gc_MSS_MSS_CM3_0\gc_MSS_MSS_CM3_0_hw_platform\Debug\libgc_MSS_MSS_CM3_0_hw_platform.a(mss_uart.o)
 .text.UART0_IRQHandler
                0x00001268       0x2c C:\Users\knekritz\UMKarts\gc\SoftConsole\gc_MSS_MSS_CM3_0\gc_MSS_MSS_CM3_0_hw_platform\Debug\libgc_MSS_MSS_CM3_0_hw_platform.a(mss_uart.o)
                0x00001268                UART0_IRQHandler
 .text.UART1_IRQHandler
                0x00001294       0x2c C:\Users\knekritz\UMKarts\gc\SoftConsole\gc_MSS_MSS_CM3_0\gc_MSS_MSS_CM3_0_hw_platform\Debug\libgc_MSS_MSS_CM3_0_hw_platform.a(mss_uart.o)
                0x00001294                UART1_IRQHandler
 .text.SystemInit
                0x000012c0        0xc C:\Users\knekritz\UMKarts\gc\SoftConsole\gc_MSS_MSS_CM3_0\gc_MSS_MSS_CM3_0_hw_platform\Debug\libgc_MSS_MSS_CM3_0_hw_platform.a(system_a2fxxxm3.o)
                0x000012c0                SystemInit
 .text.SystemCoreClockUpdate
                0x000012cc      0x150 C:\Users\knekritz\UMKarts\gc\SoftConsole\gc_MSS_MSS_CM3_0\gc_MSS_MSS_CM3_0_hw_platform\Debug\libgc_MSS_MSS_CM3_0_hw_platform.a(system_a2fxxxm3.o)
                0x000012cc                SystemCoreClockUpdate
 .text.GetSystemClock
                0x0000141c       0xe8 C:\Users\knekritz\UMKarts\gc\SoftConsole\gc_MSS_MSS_CM3_0\gc_MSS_MSS_CM3_0_hw_platform\Debug\libgc_MSS_MSS_CM3_0_hw_platform.a(system_a2fxxxm3.o)
 .text          0x00001504      0x370 c:/actel/libero_v9.1/softconsole/sourcery-g++/bin/../lib/gcc/arm-none-eabi/4.4.1/thumb2\libgcc.a(_arm_addsubdf3.o)
                0x00001504                __aeabi_drsub
                0x0000150c                __aeabi_dsub
                0x0000150c                __subdf3
                0x00001510                __aeabi_dadd
                0x00001510                __adddf3
                0x00001788                __floatunsidf
                0x00001788                __aeabi_ui2d
                0x000017a8                __floatsidf
                0x000017a8                __aeabi_i2d
                0x000017cc                __aeabi_f2d
                0x000017cc                __extendsfdf2
                0x00001808                __floatundidf
                0x00001808                __aeabi_ul2d
                0x00001818                __floatdidf
                0x00001818                __aeabi_l2d
 .text          0x00001874      0x424 c:/actel/libero_v9.1/softconsole/sourcery-g++/bin/../lib/gcc/arm-none-eabi/4.4.1/thumb2\libgcc.a(_arm_muldivdf3.o)
                0x00001874                __aeabi_dmul
                0x00001874                __muldf3
                0x00001ac8                __divdf3
                0x00001ac8                __aeabi_ddiv
 .text          0x00001c98      0x110 c:/actel/libero_v9.1/softconsole/sourcery-g++/bin/../lib/gcc/arm-none-eabi/4.4.1/thumb2\libgcc.a(_arm_cmpdf2.o)
                0x00001c98                __gtdf2
                0x00001c98                __gedf2
                0x00001ca0                __ltdf2
                0x00001ca0                __ledf2
                0x00001ca8                __nedf2
                0x00001ca8                __eqdf2
                0x00001ca8                __cmpdf2
                0x00001d24                __aeabi_cdrcmple
                0x00001d34                __aeabi_cdcmpeq
                0x00001d34                __aeabi_cdcmple
                0x00001d44                __aeabi_dcmpeq
                0x00001d58                __aeabi_dcmplt
                0x00001d6c                __aeabi_dcmple
                0x00001d80                __aeabi_dcmpge
                0x00001d94                __aeabi_dcmpgt
 .text          0x00001da8       0x40 c:/actel/libero_v9.1/softconsole/sourcery-g++/bin/../lib/gcc/arm-none-eabi/4.4.1/thumb2\libgcc.a(_arm_fixunsdfsi.o)
                0x00001da8                __aeabi_d2uiz
                0x00001da8                __fixunsdfsi
 .text          0x00001de8       0x50 c:/actel/libero_v9.1/softconsole/sourcery-g++/bin/../lib/gcc/arm-none-eabi/4.4.1/../../../../arm-none-eabi/lib/thumb2\libc.a(lib_a-init.o)
                0x00001de8                __libc_init_array
 .text          0x00001e38       0x20 c:/actel/libero_v9.1/softconsole/sourcery-g++/bin/../lib/gcc/arm-none-eabi/4.4.1/../../../../arm-none-eabi/lib/thumb2\libc.a(lib_a-malloc.o)
                0x00001e38                free
                0x00001e48                malloc
 .text          0x00001e58      0x5a4 c:/actel/libero_v9.1/softconsole/sourcery-g++/bin/../lib/gcc/arm-none-eabi/4.4.1/../../../../arm-none-eabi/lib/thumb2\libc.a(lib_a-mallocr.o)
                0x00001e58                _malloc_r
 .text          0x000023fc        0x8 c:/actel/libero_v9.1/softconsole/sourcery-g++/bin/../lib/gcc/arm-none-eabi/4.4.1/../../../../arm-none-eabi/lib/thumb2\libc.a(lib_a-mlock.o)
                0x000023fc                __malloc_lock
                0x00002400                __malloc_unlock
 .text          0x00002404       0x64 c:/actel/libero_v9.1/softconsole/sourcery-g++/bin/../lib/gcc/arm-none-eabi/4.4.1/../../../../arm-none-eabi/lib/thumb2\libc.a(lib_a-printf.o)
                0x00002404                printf
                0x0000243c                _printf_r
 .text          0x00002468       0x88 c:/actel/libero_v9.1/softconsole/sourcery-g++/bin/../lib/gcc/arm-none-eabi/4.4.1/../../../../arm-none-eabi/lib/thumb2\libc.a(lib_a-puts.o)
                0x00002468                _puts_r
                0x000024e0                puts
 .text          0x000024f0       0x28 c:/actel/libero_v9.1/softconsole/sourcery-g++/bin/../lib/gcc/arm-none-eabi/4.4.1/../../../../arm-none-eabi/lib/thumb2\libc.a(lib_a-sbrkr.o)
                0x000024f0                _sbrk_r
 .text          0x00002518       0x60 c:/actel/libero_v9.1/softconsole/sourcery-g++/bin/../lib/gcc/arm-none-eabi/4.4.1/../../../../arm-none-eabi/lib/thumb2\libc.a(lib_a-strlen.o)
                0x00002518                strlen
 .text          0x00002578     0x1940 c:/actel/libero_v9.1/softconsole/sourcery-g++/bin/../lib/gcc/arm-none-eabi/4.4.1/../../../../arm-none-eabi/lib/thumb2\libc.a(lib_a-vfprintf.o)
                0x00002594                _vfprintf_r
                0x00003e9c                vfprintf
 .text          0x00003eb8      0x104 c:/actel/libero_v9.1/softconsole/sourcery-g++/bin/../lib/gcc/arm-none-eabi/4.4.1/../../../../arm-none-eabi/lib/thumb2\libc.a(lib_a-wsetup.o)
                0x00003eb8                __swsetup_r
 *fill*         0x00003fbc        0x4 00
 .text          0x00003fc0      0xfb8 c:/actel/libero_v9.1/softconsole/sourcery-g++/bin/../lib/gcc/arm-none-eabi/4.4.1/../../../../arm-none-eabi/lib/thumb2\libc.a(lib_a-dtoa.o)
                0x000040e0                _dtoa_r
 .text          0x00004f78      0x178 c:/actel/libero_v9.1/softconsole/sourcery-g++/bin/../lib/gcc/arm-none-eabi/4.4.1/../../../../arm-none-eabi/lib/thumb2\libc.a(lib_a-fflush.o)
                0x00004f78                _fflush_r
                0x000050c8                fflush
 .text          0x000050f0      0x1c8 c:/actel/libero_v9.1/softconsole/sourcery-g++/bin/../lib/gcc/arm-none-eabi/4.4.1/../../../../arm-none-eabi/lib/thumb2\libc.a(lib_a-findfp.o)
                0x000050f0                __sfp_lock_acquire
                0x000050f4                __sfp_lock_release
                0x000050f8                __sinit_lock_acquire
                0x000050fc                __sinit_lock_release
                0x00005108                __fp_unlock_all
                0x00005120                __fp_lock_all
                0x00005138                _cleanup_r
                0x00005144                _cleanup
                0x000051a0                __sfmoreglue
                0x000051d0                __sfp
                0x00005258                __sinit
 .text          0x000052b8      0x268 c:/actel/libero_v9.1/softconsole/sourcery-g++/bin/../lib/gcc/arm-none-eabi/4.4.1/../../../../arm-none-eabi/lib/thumb2\libc.a(lib_a-freer.o)
                0x000052b8                _malloc_trim_r
                0x00005360                _free_r
 .text          0x00005520      0x334 c:/actel/libero_v9.1/softconsole/sourcery-g++/bin/../lib/gcc/arm-none-eabi/4.4.1/../../../../arm-none-eabi/lib/thumb2\libc.a(lib_a-fvwrite.o)
                0x00005520                __sfvwrite_r
 .text          0x00005854       0xa0 c:/actel/libero_v9.1/softconsole/sourcery-g++/bin/../lib/gcc/arm-none-eabi/4.4.1/../../../../arm-none-eabi/lib/thumb2\libc.a(lib_a-fwalk.o)
                0x00005854                _fwalk_reent
                0x000058a8                _fwalk
 .text          0x000058f4       0x74 c:/actel/libero_v9.1/softconsole/sourcery-g++/bin/../lib/gcc/arm-none-eabi/4.4.1/../../../../arm-none-eabi/lib/thumb2\libc.a(lib_a-locale.o)
                0x000058f4                __locale_charset
                0x00005900                _localeconv_r
                0x00005908                localeconv
                0x00005910                _setlocale_r
                0x00005958                setlocale
 .text          0x00005968       0xdc c:/actel/libero_v9.1/softconsole/sourcery-g++/bin/../lib/gcc/arm-none-eabi/4.4.1/../../../../arm-none-eabi/lib/thumb2\libc.a(lib_a-makebuf.o)
                0x00005968                __smakebuf_r
 .text          0x00005a44       0x74 c:/actel/libero_v9.1/softconsole/sourcery-g++/bin/../lib/gcc/arm-none-eabi/4.4.1/../../../../arm-none-eabi/lib/thumb2\libc.a(lib_a-memchr.o)
                0x00005a44                memchr
 .text          0x00005ab8      0x190 c:/actel/libero_v9.1/softconsole/sourcery-g++/bin/../lib/gcc/arm-none-eabi/4.4.1/../../../../arm-none-eabi/lib/thumb2\libc.a(lib_a-memcpy.o)
                0x00005ab8                memcpy
 .text          0x00005c48       0xb8 c:/actel/libero_v9.1/softconsole/sourcery-g++/bin/../lib/gcc/arm-none-eabi/4.4.1/../../../../arm-none-eabi/lib/thumb2\libc.a(lib_a-memmove.o)
                0x00005c48                memmove
 .text          0x00005d00       0xd4 c:/actel/libero_v9.1/softconsole/sourcery-g++/bin/../lib/gcc/arm-none-eabi/4.4.1/../../../../arm-none-eabi/lib/thumb2\libc.a(lib_a-memset.o)
                0x00005d00                memset
 .text          0x00005dd4      0x958 c:/actel/libero_v9.1/softconsole/sourcery-g++/bin/../lib/gcc/arm-none-eabi/4.4.1/../../../../arm-none-eabi/lib/thumb2\libc.a(lib_a-mprec.o)
                0x00005dd4                __hi0bits
                0x00005e14                __lo0bits
                0x00005e78                __mcmp
                0x00005eb8                __ulp
                0x00005f04                __b2d
                0x00005fac                __ratio
                0x0000600c                _mprec_log10
                0x00006044                __copybits
                0x00006094                __any_on
                0x000060ec                _Bfree
                0x00006124                _Balloc
                0x00006190                __d2b
                0x00006260                __mdiff
                0x00006358                __lshift
                0x00006414                __multiply
                0x00006548                __i2b
                0x0000655c                __multadd
                0x000065e4                __pow5mult
                0x00006690                __s2b
 .text          0x0000672c      0x3b4 c:/actel/libero_v9.1/softconsole/sourcery-g++/bin/../lib/gcc/arm-none-eabi/4.4.1/../../../../arm-none-eabi/lib/thumb2\libc.a(lib_a-reallocr.o)
                0x0000672c                _realloc_r
 .text          0x00006ae0       0x24 c:/actel/libero_v9.1/softconsole/sourcery-g++/bin/../lib/gcc/arm-none-eabi/4.4.1/../../../../arm-none-eabi/lib/thumb2\libc.a(lib_a-s_isinfd.o)
                0x00006ae0                __isinfd
 .text          0x00006b04       0x1c c:/actel/libero_v9.1/softconsole/sourcery-g++/bin/../lib/gcc/arm-none-eabi/4.4.1/../../../../arm-none-eabi/lib/thumb2\libc.a(lib_a-s_isnand.o)
                0x00006b04                __isnand
 .text          0x00006b20       0x90 c:/actel/libero_v9.1/softconsole/sourcery-g++/bin/../lib/gcc/arm-none-eabi/4.4.1/../../../../arm-none-eabi/lib/thumb2\libc.a(lib_a-stdio.o)
                0x00006b20                __sclose
                0x00006b28                __sseek
                0x00006b50                __swrite
                0x00006b8c                __sread
 .text          0x00006bb0      0x1dc c:/actel/libero_v9.1/softconsole/sourcery-g++/bin/../lib/gcc/arm-none-eabi/4.4.1/../../../../arm-none-eabi/lib/thumb2\libc.a(lib_a-strcmp.o)
                0x00006bb0                strcmp
 .text          0x00006d8c       0x5c c:/actel/libero_v9.1/softconsole/sourcery-g++/bin/../lib/gcc/arm-none-eabi/4.4.1/../../../../arm-none-eabi/lib/thumb2\libc.a(lib_a-callocr.o)
                0x00006d8c                _calloc_r
 .text          0x00006de8       0x28 c:/actel/libero_v9.1/softconsole/sourcery-g++/bin/../lib/gcc/arm-none-eabi/4.4.1/../../../../arm-none-eabi/lib/thumb2\libc.a(lib_a-closer.o)
                0x00006de8                _close_r
 .text          0x00006e10       0xcc c:/actel/libero_v9.1/softconsole/sourcery-g++/bin/../lib/gcc/arm-none-eabi/4.4.1/../../../../arm-none-eabi/lib/thumb2\libc.a(lib_a-fclose.o)
                0x00006e10                _fclose_r
                0x00006ecc                fclose
 .text          0x00006edc       0x2c c:/actel/libero_v9.1/softconsole/sourcery-g++/bin/../lib/gcc/arm-none-eabi/4.4.1/../../../../arm-none-eabi/lib/thumb2\libc.a(lib_a-fstatr.o)
                0x00006edc                _fstat_r
 .text          0x00006f08       0x28 c:/actel/libero_v9.1/softconsole/sourcery-g++/bin/../lib/gcc/arm-none-eabi/4.4.1/../../../../arm-none-eabi/lib/thumb2\libc.a(lib_a-isattyr.o)
                0x00006f08                _isatty_r
 .text          0x00006f30       0x2c c:/actel/libero_v9.1/softconsole/sourcery-g++/bin/../lib/gcc/arm-none-eabi/4.4.1/../../../../arm-none-eabi/lib/thumb2\libc.a(lib_a-lseekr.o)
                0x00006f30                _lseek_r
 .text          0x00006f5c       0x2c c:/actel/libero_v9.1/softconsole/sourcery-g++/bin/../lib/gcc/arm-none-eabi/4.4.1/../../../../arm-none-eabi/lib/thumb2\libc.a(lib_a-readr.o)
                0x00006f5c                _read_r
 .text          0x00006f88      0x278 c:/actel/libero_v9.1/softconsole/sourcery-g++/bin/../lib/gcc/arm-none-eabi/4.4.1/thumb2\libgcc.a(_udivsi3.o)
                0x00006f88                __aeabi_uidiv
                0x00006f88                __udivsi3
                0x000071e4                __aeabi_uidivmod
 .text          0x00007200        0x4 c:/actel/libero_v9.1/softconsole/sourcery-g++/bin/../lib/gcc/arm-none-eabi/4.4.1/thumb2\libgcc.a(_dvmd_tls.o)
                0x00007200                __aeabi_idiv0
                0x00007200                __aeabi_ldiv0
 .text          0x00007204       0x50 c:/actel/libero_v9.1/softconsole/sourcery-g++/bin/../lib/gcc/arm-none-eabi/4.4.1/thumb2\libgcc.a(_arm_fixdfsi.o)
                0x00007204                __aeabi_d2iz
                0x00007204                __fixdfsi
 .text          0x00007254       0x2c c:/actel/libero_v9.1/softconsole/sourcery-g++/bin/../lib/gcc/arm-none-eabi/4.4.1/thumb2\libgcc.a(_aeabi_uldivmod.o)
                0x00007254                __aeabi_uldivmod
 .text          0x00007280       0x58 c:/actel/libero_v9.1/softconsole/sourcery-g++/bin/../lib/gcc/arm-none-eabi/4.4.1/thumb2\libgcc.a(bpabi.o)
                0x00007280                __gnu_uldivmod_helper
                0x000072ac                __gnu_ldivmod_helper
 .text          0x000072d8      0x364 c:/actel/libero_v9.1/softconsole/sourcery-g++/bin/../lib/gcc/arm-none-eabi/4.4.1/thumb2\libgcc.a(_divdi3.o)
                0x000072d8                __divdi3
 .text          0x0000763c      0x300 c:/actel/libero_v9.1/softconsole/sourcery-g++/bin/../lib/gcc/arm-none-eabi/4.4.1/thumb2\libgcc.a(_udivdi3.o)
                0x0000763c                __udivdi3
 *(.plt)
 *(.gnu.warning)
 *(.glue_7t)
 .glue_7t       0x00000000        0x0 linker stubs
 *(.glue_7)
 .glue_7        0x00000000        0x0 linker stubs
 *(.vfp11_veneer)
 .vfp11_veneer  0x00000000        0x0 linker stubs
                0x0000793c                . = ALIGN (0x4)
 *crtbegin.o(.ctors)
 *(EXCLUDE_FILE(*crtend.o) .ctors)
 *(SORT(.ctors.*))
 *crtend.o(.ctors)
 *crtbegin.o(.dtors)
 *(EXCLUDE_FILE(*crtend.o) .dtors)
 *(SORT(.dtors.*))
 *crtend.o(.dtors)
 *(.rodata .rodata.* .gnu.linkonce.r.*)
 .rodata        0x0000793c       0x10 ./main.o
 .rodata        0x0000794c       0x10 ./mytimer.o
 .rodata        0x0000795c       0x1c C:/Users/knekritz/UMKarts/gc/SoftConsole/gc_MSS_MSS_CM3_0/gc_MSS_MSS_CM3_0_hw_platform/Debug/CMSIS/startup_gcc/newlib_stubs.o
 .rodata.C.18.2576
                0x00007978       0x10 C:\Users\knekritz\UMKarts\gc\SoftConsole\gc_MSS_MSS_CM3_0\gc_MSS_MSS_CM3_0_hw_platform\Debug\libgc_MSS_MSS_CM3_0_hw_platform.a(system_a2fxxxm3.o)
 .rodata        0x00007988        0x4 c:/actel/libero_v9.1/softconsole/sourcery-g++/bin/../lib/gcc/arm-none-eabi/4.4.1/../../../../arm-none-eabi/lib/thumb2\libc.a(lib_a-impure.o)
                0x00007988                _global_impure_ptr
 .rodata.str1.4
                0x0000798c        0x2 c:/actel/libero_v9.1/softconsole/sourcery-g++/bin/../lib/gcc/arm-none-eabi/4.4.1/../../../../arm-none-eabi/lib/thumb2\libc.a(lib_a-impure.o)
                                  0x4 (size before relaxing)
 *fill*         0x0000798e        0x2 00
 .rodata.str1.4
                0x00007990        0x2 c:/actel/libero_v9.1/softconsole/sourcery-g++/bin/../lib/gcc/arm-none-eabi/4.4.1/../../../../arm-none-eabi/lib/thumb2\libc.a(lib_a-puts.o)
                                  0x4 (size before relaxing)
 *fill*         0x00007992        0x2 00
 .rodata        0x00007994       0x20 c:/actel/libero_v9.1/softconsole/sourcery-g++/bin/../lib/gcc/arm-none-eabi/4.4.1/../../../../arm-none-eabi/lib/thumb2\libc.a(lib_a-vfprintf.o)
 .rodata.str1.4
                0x000079b4       0x42 c:/actel/libero_v9.1/softconsole/sourcery-g++/bin/../lib/gcc/arm-none-eabi/4.4.1/../../../../arm-none-eabi/lib/thumb2\libc.a(lib_a-vfprintf.o)
                                 0x44 (size before relaxing)
 *fill*         0x000079f6        0x2 00
 .rodata.str1.4
                0x000079f8       0x10 c:/actel/libero_v9.1/softconsole/sourcery-g++/bin/../lib/gcc/arm-none-eabi/4.4.1/../../../../arm-none-eabi/lib/thumb2\libc.a(lib_a-dtoa.o)
                                 0x14 (size before relaxing)
 .rodata        0x00007a08       0x60 c:/actel/libero_v9.1/softconsole/sourcery-g++/bin/../lib/gcc/arm-none-eabi/4.4.1/../../../../arm-none-eabi/lib/thumb2\libc.a(lib_a-findfp.o)
                0x00007a08                __sf_fake_stdin
                0x00007a28                __sf_fake_stdout
                0x00007a48                __sf_fake_stderr
 .rodata        0x00007a68       0x34 c:/actel/libero_v9.1/softconsole/sourcery-g++/bin/../lib/gcc/arm-none-eabi/4.4.1/../../../../arm-none-eabi/lib/thumb2\libc.a(lib_a-locale.o)
 .rodata.str1.4
                0x00007a9c       0x10 c:/actel/libero_v9.1/softconsole/sourcery-g++/bin/../lib/gcc/arm-none-eabi/4.4.1/../../../../arm-none-eabi/lib/thumb2\libc.a(lib_a-locale.o)
                                 0x18 (size before relaxing)
 *fill*         0x00007aac        0x4 00
 .rodata        0x00007ab0      0x128 c:/actel/libero_v9.1/softconsole/sourcery-g++/bin/../lib/gcc/arm-none-eabi/4.4.1/../../../../arm-none-eabi/lib/thumb2\libc.a(lib_a-mprec.o)
                0x00007ab0                __mprec_tens
                0x00007b88                __mprec_bigtens
                0x00007bb0                __mprec_tinytens
 *(.ARM.extab* .gnu.linkonce.armextab.*)
 *(.gcc_except_table)
 *(.eh_frame_hdr)
 *(.eh_frame)
 *(.init)
 .init          0x00007bd8        0x4 c:/actel/libero_v9.1/softconsole/sourcery-g++/bin/../lib/gcc/arm-none-eabi/4.4.1/thumb2/crti.o
                0x00007bd8                _init
 .init          0x00007bdc        0x8 c:/actel/libero_v9.1/softconsole/sourcery-g++/bin/../lib/gcc/arm-none-eabi/4.4.1/thumb2/crtn.o
 *(.fini)
 .fini          0x00007be4        0x4 c:/actel/libero_v9.1/softconsole/sourcery-g++/bin/../lib/gcc/arm-none-eabi/4.4.1/thumb2/crti.o
                0x00007be4                _fini
 .fini          0x00007be8        0x8 c:/actel/libero_v9.1/softconsole/sourcery-g++/bin/../lib/gcc/arm-none-eabi/4.4.1/thumb2/crtn.o
                0x00007bf0                PROVIDE (__preinit_array_start, .)
 *(.preinit_array)
                0x00007bf0                PROVIDE (__preinit_array_end, .)
                0x00007bf0                PROVIDE (__init_array_start, .)
 *(SORT(.init_array.*))
 *(.init_array)
 .init_array    0x00007bf0        0x4 c:/actel/libero_v9.1/softconsole/sourcery-g++/bin/../lib/gcc/arm-none-eabi/4.4.1/thumb2/crtbegin.o
                0x00007bf4                PROVIDE (__init_array_end, .)
                0x00007bf4                PROVIDE (__fini_array_start, .)
 *(.fini_array)
 .fini_array    0x00007bf4        0x4 c:/actel/libero_v9.1/softconsole/sourcery-g++/bin/../lib/gcc/arm-none-eabi/4.4.1/thumb2/crtbegin.o
 *(SORT(.fini_array.*))
                0x00007bf8                PROVIDE (__fini_array_end, .)
                0x00007bf8                __exidx_start = .

.v4_bx          0x00007bf8        0x0 load address 0x60007bf8
 .v4_bx         0x00000000        0x0 linker stubs

.ARM.exidx      0x20000000        0x8 load address 0x60007bf8
 *(.ARM.exidx* .gnu.linkonce.armexidx.*)
 .ARM.exidx     0x20000000        0x8 c:/actel/libero_v9.1/softconsole/sourcery-g++/bin/../lib/gcc/arm-none-eabi/4.4.1/thumb2\libgcc.a(_divdi3.o)
 .ARM.exidx     0x20000008        0x0 c:/actel/libero_v9.1/softconsole/sourcery-g++/bin/../lib/gcc/arm-none-eabi/4.4.1/thumb2\libgcc.a(_udivdi3.o)
                                  0x8 (size before relaxing)
                0x20000008                __exidx_end = .
                0x20000008                _etext = .

.data           0x20000008      0x520 load address 0x60007c00
                0x60007c00                __data_load = LOADADDR (.data)
                0x60007c00                _sidata = LOADADDR (.data)
                0x20000008                __data_start = .
                0x20000008                _sdata = .
 *(.jcr)
 .jcr           0x20000008        0x0 c:/actel/libero_v9.1/softconsole/sourcery-g++/bin/../lib/gcc/arm-none-eabi/4.4.1/thumb2/crtbegin.o
 .jcr           0x20000008        0x4 c:/actel/libero_v9.1/softconsole/sourcery-g++/bin/../lib/gcc/arm-none-eabi/4.4.1/thumb2/crtend.o
 *(.got.plt)
 *(.got)
 *(.shdata)
 *(.data .data.* .gnu.linkonce.d.*)
 .data.SystemFrequency
                0x2000000c        0x4 C:\Users\knekritz\UMKarts\gc\SoftConsole\gc_MSS_MSS_CM3_0\gc_MSS_MSS_CM3_0_hw_platform\Debug\libgc_MSS_MSS_CM3_0_hw_platform.a(system_a2fxxxm3.o)
                0x2000000c                SystemFrequency
 .data.SystemCoreClock
                0x20000010        0x4 C:\Users\knekritz\UMKarts\gc\SoftConsole\gc_MSS_MSS_CM3_0\gc_MSS_MSS_CM3_0_hw_platform\Debug\libgc_MSS_MSS_CM3_0_hw_platform.a(system_a2fxxxm3.o)
                0x20000010                SystemCoreClock
 .data.g_FrequencyPCLK0
                0x20000014        0x4 C:\Users\knekritz\UMKarts\gc\SoftConsole\gc_MSS_MSS_CM3_0\gc_MSS_MSS_CM3_0_hw_platform\Debug\libgc_MSS_MSS_CM3_0_hw_platform.a(system_a2fxxxm3.o)
                0x20000014                g_FrequencyPCLK0
 .data.g_FrequencyPCLK1
                0x20000018        0x4 C:\Users\knekritz\UMKarts\gc\SoftConsole\gc_MSS_MSS_CM3_0\gc_MSS_MSS_CM3_0_hw_platform\Debug\libgc_MSS_MSS_CM3_0_hw_platform.a(system_a2fxxxm3.o)
                0x20000018                g_FrequencyPCLK1
 .data.g_FrequencyACE
                0x2000001c        0x4 C:\Users\knekritz\UMKarts\gc\SoftConsole\gc_MSS_MSS_CM3_0\gc_MSS_MSS_CM3_0_hw_platform\Debug\libgc_MSS_MSS_CM3_0_hw_platform.a(system_a2fxxxm3.o)
                0x2000001c                g_FrequencyACE
 .data.g_FrequencyFPGA
                0x20000020        0x4 C:\Users\knekritz\UMKarts\gc\SoftConsole\gc_MSS_MSS_CM3_0\gc_MSS_MSS_CM3_0_hw_platform\Debug\libgc_MSS_MSS_CM3_0_hw_platform.a(system_a2fxxxm3.o)
                0x20000020                g_FrequencyFPGA
 .data          0x20000024       0xf4 c:/actel/libero_v9.1/softconsole/sourcery-g++/bin/../lib/gcc/arm-none-eabi/4.4.1/../../../../arm-none-eabi/lib/thumb2\libc.a(lib_a-impure.o)
                0x20000024                _impure_ptr
 .data          0x20000118      0x410 c:/actel/libero_v9.1/softconsole/sourcery-g++/bin/../lib/gcc/arm-none-eabi/4.4.1/../../../../arm-none-eabi/lib/thumb2\libc.a(lib_a-mallocr.o)
                0x20000118                __malloc_av_
                0x20000520                __malloc_sbrk_base
                0x20000524                __malloc_trim_threshold
                0x20000528                . = ALIGN (0x4)
                0x20000528                _edata = .

.bss            0x20000528       0xd8 load address 0x60008120
                0x20000528                __bss_start__ = .
                0x20000528                _sbss = .
 *(.shbss)
 *(.bss .bss.* .gnu.linkonce.b.*)
 .bss           0x20000528        0x1 c:/actel/libero_v9.1/softconsole/sourcery-g++/bin/../lib/gcc/arm-none-eabi/4.4.1/thumb2/crtbegin.o
 *fill*         0x20000529        0x3 00
 .bss.g_stdio_uart_init_done
                0x2000052c        0x4 C:/Users/knekritz/UMKarts/gc/SoftConsole/gc_MSS_MSS_CM3_0/gc_MSS_MSS_CM3_0_hw_platform/Debug/CMSIS/startup_gcc/newlib_stubs.o
 .bss.heap_end.3594
                0x20000530        0x4 C:/Users/knekritz/UMKarts/gc/SoftConsole/gc_MSS_MSS_CM3_0/gc_MSS_MSS_CM3_0_hw_platform/Debug/CMSIS/startup_gcc/newlib_stubs.o
 .bss           0x20000534       0x34 c:/actel/libero_v9.1/softconsole/sourcery-g++/bin/../lib/gcc/arm-none-eabi/4.4.1/../../../../arm-none-eabi/lib/thumb2\libc.a(lib_a-mallocr.o)
                0x20000534                __malloc_top_pad
                0x20000538                __malloc_current_mallinfo
                0x20000560                __malloc_max_sbrked_mem
                0x20000564                __malloc_max_total_mem
 *(COMMON)
 COMMON         0x20000568        0x8 ./controller.o
                0x20000568                MEM
                0x2000056c                CONTROLLER
 COMMON         0x20000570       0x3c ./main.o
                0x20000570                lastVals
                0x20000598                prevClock
                0x2000059c                count
                0x200005a0                curClock
                0x200005a4                period
                0x200005a8                cmpVal
 COMMON         0x200005ac       0x50 C:\Users\knekritz\UMKarts\gc\SoftConsole\gc_MSS_MSS_CM3_0\gc_MSS_MSS_CM3_0_hw_platform\Debug\libgc_MSS_MSS_CM3_0_hw_platform.a(mss_uart.o)
                0x200005ac                g_mss_uart1
                0x200005d4                g_mss_uart0
 COMMON         0x200005fc        0x4 c:/actel/libero_v9.1/softconsole/sourcery-g++/bin/../lib/gcc/arm-none-eabi/4.4.1/../../../../arm-none-eabi/lib/thumb2\libc.a(lib_a-reent.o)
                0x200005fc                errno
                0x20000600                . = ALIGN (0x8)
                0x20000600                __bss_end__ = .
                0x20000600                _end = .
                0x20000600                __end = _end
                0x20000600                _ebss = .
                0x20000600                PROVIDE (end, .)

.stab
 *(.stab)

.stabstr
 *(.stabstr)

.debug
 *(.debug)

.line
 *(.line)

.debug_srcinfo
 *(.debug_srcinfo)

.debug_sfnames
 *(.debug_sfnames)

.comment        0x00000000      0x102
 .comment       0x00000000       0x2b ./controller.o
 .comment       0x0000002b       0x2b ./main.o
 .comment       0x00000056       0x2b ./mytimer.o
 .comment       0x00000081       0x2b C:/Users/knekritz/UMKarts/gc/SoftConsole/gc_MSS_MSS_CM3_0/gc_MSS_MSS_CM3_0_hw_platform/Debug/CMSIS/startup_gcc/newlib_stubs.o
 .comment       0x000000ac       0x2b C:\Users\knekritz\UMKarts\gc\SoftConsole\gc_MSS_MSS_CM3_0\gc_MSS_MSS_CM3_0_hw_platform\Debug\libgc_MSS_MSS_CM3_0_hw_platform.a(mss_uart.o)
 .comment       0x000000d7       0x2b C:\Users\knekritz\UMKarts\gc\SoftConsole\gc_MSS_MSS_CM3_0\gc_MSS_MSS_CM3_0_hw_platform\Debug\libgc_MSS_MSS_CM3_0_hw_platform.a(system_a2fxxxm3.o)

.debug_aranges  0x00000000      0x2e8
 *(.debug_aranges)
 .debug_aranges
                0x00000000       0x38 ./controller.o
 .debug_aranges
                0x00000038       0x40 ./main.o
 .debug_aranges
                0x00000078       0xc0 ./mytimer.o
 .debug_aranges
                0x00000138       0xa8 C:/Users/knekritz/UMKarts/gc/SoftConsole/gc_MSS_MSS_CM3_0/gc_MSS_MSS_CM3_0_hw_platform/Debug/CMSIS/startup_gcc/newlib_stubs.o
 .debug_aranges
                0x000001e0       0xd8 C:\Users\knekritz\UMKarts\gc\SoftConsole\gc_MSS_MSS_CM3_0\gc_MSS_MSS_CM3_0_hw_platform\Debug\libgc_MSS_MSS_CM3_0_hw_platform.a(mss_uart.o)
 .debug_aranges
                0x000002b8       0x30 C:\Users\knekritz\UMKarts\gc\SoftConsole\gc_MSS_MSS_CM3_0\gc_MSS_MSS_CM3_0_hw_platform\Debug\libgc_MSS_MSS_CM3_0_hw_platform.a(system_a2fxxxm3.o)

.debug_pubnames
                0x00000000      0x73a
 *(.debug_pubnames)
 .debug_pubnames
                0x00000000       0x7f ./controller.o
 .debug_pubnames
                0x0000007f       0xa7 ./main.o
 .debug_pubnames
                0x00000126      0x259 ./mytimer.o
 .debug_pubnames
                0x0000037f       0xeb C:/Users/knekritz/UMKarts/gc/SoftConsole/gc_MSS_MSS_CM3_0/gc_MSS_MSS_CM3_0_hw_platform/Debug/CMSIS/startup_gcc/newlib_stubs.o
 .debug_pubnames
                0x0000046a      0x21c C:\Users\knekritz\UMKarts\gc\SoftConsole\gc_MSS_MSS_CM3_0\gc_MSS_MSS_CM3_0_hw_platform\Debug\libgc_MSS_MSS_CM3_0_hw_platform.a(mss_uart.o)
 .debug_pubnames
                0x00000686       0xb4 C:\Users\knekritz\UMKarts\gc\SoftConsole\gc_MSS_MSS_CM3_0\gc_MSS_MSS_CM3_0_hw_platform\Debug\libgc_MSS_MSS_CM3_0_hw_platform.a(system_a2fxxxm3.o)

.debug_info     0x00000000     0x3af6
 *(.debug_info .gnu.linkonce.wi.*)
 .debug_info    0x00000000      0x2aa ./controller.o
 .debug_info    0x000002aa      0x93c ./main.o
 .debug_info    0x00000be6      0x340 ./mytimer.o
 .debug_info    0x00000f26     0x10f0 C:/Users/knekritz/UMKarts/gc/SoftConsole/gc_MSS_MSS_CM3_0/gc_MSS_MSS_CM3_0_hw_platform/Debug/CMSIS/startup_gcc/newlib_stubs.o
 .debug_info    0x00002016     0x15a4 C:\Users\knekritz\UMKarts\gc\SoftConsole\gc_MSS_MSS_CM3_0\gc_MSS_MSS_CM3_0_hw_platform\Debug\libgc_MSS_MSS_CM3_0_hw_platform.a(mss_uart.o)
 .debug_info    0x000035ba      0x53c C:\Users\knekritz\UMKarts\gc\SoftConsole\gc_MSS_MSS_CM3_0\gc_MSS_MSS_CM3_0_hw_platform\Debug\libgc_MSS_MSS_CM3_0_hw_platform.a(system_a2fxxxm3.o)

.debug_abbrev   0x00000000      0x8c1
 *(.debug_abbrev)
 .debug_abbrev  0x00000000       0xd1 ./controller.o
 .debug_abbrev  0x000000d1      0x1a2 ./main.o
 .debug_abbrev  0x00000273      0x104 ./mytimer.o
 .debug_abbrev  0x00000377      0x1f4 C:/Users/knekritz/UMKarts/gc/SoftConsole/gc_MSS_MSS_CM3_0/gc_MSS_MSS_CM3_0_hw_platform/Debug/CMSIS/startup_gcc/newlib_stubs.o
 .debug_abbrev  0x0000056b      0x245 C:\Users\knekritz\UMKarts\gc\SoftConsole\gc_MSS_MSS_CM3_0\gc_MSS_MSS_CM3_0_hw_platform\Debug\libgc_MSS_MSS_CM3_0_hw_platform.a(mss_uart.o)
 .debug_abbrev  0x000007b0      0x111 C:\Users\knekritz\UMKarts\gc\SoftConsole\gc_MSS_MSS_CM3_0\gc_MSS_MSS_CM3_0_hw_platform\Debug\libgc_MSS_MSS_CM3_0_hw_platform.a(system_a2fxxxm3.o)

.debug_line     0x00000000     0x1aaa
 *(.debug_line)
 .debug_line    0x00000000      0x3c2 ./controller.o
 .debug_line    0x000003c2      0x4fb ./main.o
 .debug_line    0x000008bd      0x4d3 ./mytimer.o
 .debug_line    0x00000d90      0x515 C:/Users/knekritz/UMKarts/gc/SoftConsole/gc_MSS_MSS_CM3_0/gc_MSS_MSS_CM3_0_hw_platform/Debug/CMSIS/startup_gcc/newlib_stubs.o
 .debug_line    0x000012a5      0x581 C:\Users\knekritz\UMKarts\gc\SoftConsole\gc_MSS_MSS_CM3_0\gc_MSS_MSS_CM3_0_hw_platform\Debug\libgc_MSS_MSS_CM3_0_hw_platform.a(mss_uart.o)
 .debug_line    0x00001826      0x284 C:\Users\knekritz\UMKarts\gc\SoftConsole\gc_MSS_MSS_CM3_0\gc_MSS_MSS_CM3_0_hw_platform\Debug\libgc_MSS_MSS_CM3_0_hw_platform.a(system_a2fxxxm3.o)

.debug_frame    0x00000000     0x14fc
 *(.debug_frame)
 .debug_frame   0x00000000       0x78 ./controller.o
 .debug_frame   0x00000078       0xb0 ./main.o
 .debug_frame   0x00000128      0x224 ./mytimer.o
 .debug_frame   0x0000034c      0x220 C:/Users/knekritz/UMKarts/gc/SoftConsole/gc_MSS_MSS_CM3_0/gc_MSS_MSS_CM3_0_hw_platform/Debug/CMSIS/startup_gcc/newlib_stubs.o
 .debug_frame   0x0000056c      0x2e4 C:\Users\knekritz\UMKarts\gc\SoftConsole\gc_MSS_MSS_CM3_0\gc_MSS_MSS_CM3_0_hw_platform\Debug\libgc_MSS_MSS_CM3_0_hw_platform.a(mss_uart.o)
 .debug_frame   0x00000850       0x64 C:\Users\knekritz\UMKarts\gc\SoftConsole\gc_MSS_MSS_CM3_0\gc_MSS_MSS_CM3_0_hw_platform\Debug\libgc_MSS_MSS_CM3_0_hw_platform.a(system_a2fxxxm3.o)
 .debug_frame   0x000008b4       0x20 c:/actel/libero_v9.1/softconsole/sourcery-g++/bin/../lib/gcc/arm-none-eabi/4.4.1/../../../../arm-none-eabi/lib/thumb2\libc.a(lib_a-errno.o)
 .debug_frame   0x000008d4       0x2c c:/actel/libero_v9.1/softconsole/sourcery-g++/bin/../lib/gcc/arm-none-eabi/4.4.1/../../../../arm-none-eabi/lib/thumb2\libc.a(lib_a-init.o)
 .debug_frame   0x00000900       0x30 c:/actel/libero_v9.1/softconsole/sourcery-g++/bin/../lib/gcc/arm-none-eabi/4.4.1/../../../../arm-none-eabi/lib/thumb2\libc.a(lib_a-malloc.o)
 .debug_frame   0x00000930       0x3c c:/actel/libero_v9.1/softconsole/sourcery-g++/bin/../lib/gcc/arm-none-eabi/4.4.1/../../../../arm-none-eabi/lib/thumb2\libc.a(lib_a-mallocr.o)
 .debug_frame   0x0000096c       0x30 c:/actel/libero_v9.1/softconsole/sourcery-g++/bin/../lib/gcc/arm-none-eabi/4.4.1/../../../../arm-none-eabi/lib/thumb2\libc.a(lib_a-mlock.o)
 .debug_frame   0x0000099c       0x5c c:/actel/libero_v9.1/softconsole/sourcery-g++/bin/../lib/gcc/arm-none-eabi/4.4.1/../../../../arm-none-eabi/lib/thumb2\libc.a(lib_a-printf.o)
 .debug_frame   0x000009f8       0x40 c:/actel/libero_v9.1/softconsole/sourcery-g++/bin/../lib/gcc/arm-none-eabi/4.4.1/../../../../arm-none-eabi/lib/thumb2\libc.a(lib_a-puts.o)
 .debug_frame   0x00000a38       0x2c c:/actel/libero_v9.1/softconsole/sourcery-g++/bin/../lib/gcc/arm-none-eabi/4.4.1/../../../../arm-none-eabi/lib/thumb2\libc.a(lib_a-sbrkr.o)
 .debug_frame   0x00000a64       0x20 c:/actel/libero_v9.1/softconsole/sourcery-g++/bin/../lib/gcc/arm-none-eabi/4.4.1/../../../../arm-none-eabi/lib/thumb2\libc.a(lib_a-strlen.o)
 .debug_frame   0x00000a84       0x70 c:/actel/libero_v9.1/softconsole/sourcery-g++/bin/../lib/gcc/arm-none-eabi/4.4.1/../../../../arm-none-eabi/lib/thumb2\libc.a(lib_a-vfprintf.o)
 .debug_frame   0x00000af4       0x2c c:/actel/libero_v9.1/softconsole/sourcery-g++/bin/../lib/gcc/arm-none-eabi/4.4.1/../../../../arm-none-eabi/lib/thumb2\libc.a(lib_a-wsetup.o)
 .debug_frame   0x00000b20       0x64 c:/actel/libero_v9.1/softconsole/sourcery-g++/bin/../lib/gcc/arm-none-eabi/4.4.1/../../../../arm-none-eabi/lib/thumb2\libc.a(lib_a-dtoa.o)
 .debug_frame   0x00000b84       0x40 c:/actel/libero_v9.1/softconsole/sourcery-g++/bin/../lib/gcc/arm-none-eabi/4.4.1/../../../../arm-none-eabi/lib/thumb2\libc.a(lib_a-fflush.o)
 .debug_frame   0x00000bc4      0x11c c:/actel/libero_v9.1/softconsole/sourcery-g++/bin/../lib/gcc/arm-none-eabi/4.4.1/../../../../arm-none-eabi/lib/thumb2\libc.a(lib_a-findfp.o)
 .debug_frame   0x00000ce0       0x50 c:/actel/libero_v9.1/softconsole/sourcery-g++/bin/../lib/gcc/arm-none-eabi/4.4.1/../../../../arm-none-eabi/lib/thumb2\libc.a(lib_a-freer.o)
 .debug_frame   0x00000d30       0x3c c:/actel/libero_v9.1/softconsole/sourcery-g++/bin/../lib/gcc/arm-none-eabi/4.4.1/../../../../arm-none-eabi/lib/thumb2\libc.a(lib_a-fvwrite.o)
 .debug_frame   0x00000d6c       0x54 c:/actel/libero_v9.1/softconsole/sourcery-g++/bin/../lib/gcc/arm-none-eabi/4.4.1/../../../../arm-none-eabi/lib/thumb2\libc.a(lib_a-fwalk.o)
 .debug_frame   0x00000dc0       0x6c c:/actel/libero_v9.1/softconsole/sourcery-g++/bin/../lib/gcc/arm-none-eabi/4.4.1/../../../../arm-none-eabi/lib/thumb2\libc.a(lib_a-locale.o)
 .debug_frame   0x00000e2c       0x34 c:/actel/libero_v9.1/softconsole/sourcery-g++/bin/../lib/gcc/arm-none-eabi/4.4.1/../../../../arm-none-eabi/lib/thumb2\libc.a(lib_a-makebuf.o)
 .debug_frame   0x00000e60       0x28 c:/actel/libero_v9.1/softconsole/sourcery-g++/bin/../lib/gcc/arm-none-eabi/4.4.1/../../../../arm-none-eabi/lib/thumb2\libc.a(lib_a-memchr.o)
 .debug_frame   0x00000e88       0x34 c:/actel/libero_v9.1/softconsole/sourcery-g++/bin/../lib/gcc/arm-none-eabi/4.4.1/../../../../arm-none-eabi/lib/thumb2\libc.a(lib_a-memcpy.o)
 .debug_frame   0x00000ebc       0x2c c:/actel/libero_v9.1/softconsole/sourcery-g++/bin/../lib/gcc/arm-none-eabi/4.4.1/../../../../arm-none-eabi/lib/thumb2\libc.a(lib_a-memmove.o)
 .debug_frame   0x00000ee8       0x28 c:/actel/libero_v9.1/softconsole/sourcery-g++/bin/../lib/gcc/arm-none-eabi/4.4.1/../../../../arm-none-eabi/lib/thumb2\libc.a(lib_a-memset.o)
 .debug_frame   0x00000f10      0x240 c:/actel/libero_v9.1/softconsole/sourcery-g++/bin/../lib/gcc/arm-none-eabi/4.4.1/../../../../arm-none-eabi/lib/thumb2\libc.a(lib_a-mprec.o)
 .debug_frame   0x00001150       0x3c c:/actel/libero_v9.1/softconsole/sourcery-g++/bin/../lib/gcc/arm-none-eabi/4.4.1/../../../../arm-none-eabi/lib/thumb2\libc.a(lib_a-reallocr.o)
 .debug_frame   0x0000118c       0x64 c:/actel/libero_v9.1/softconsole/sourcery-g++/bin/../lib/gcc/arm-none-eabi/4.4.1/../../../../arm-none-eabi/lib/thumb2\libc.a(lib_a-reent.o)
 .debug_frame   0x000011f0       0x20 c:/actel/libero_v9.1/softconsole/sourcery-g++/bin/../lib/gcc/arm-none-eabi/4.4.1/../../../../arm-none-eabi/lib/thumb2\libc.a(lib_a-s_isinfd.o)
 .debug_frame   0x00001210       0x20 c:/actel/libero_v9.1/softconsole/sourcery-g++/bin/../lib/gcc/arm-none-eabi/4.4.1/../../../../arm-none-eabi/lib/thumb2\libc.a(lib_a-s_isnand.o)
 .debug_frame   0x00001230       0x70 c:/actel/libero_v9.1/softconsole/sourcery-g++/bin/../lib/gcc/arm-none-eabi/4.4.1/../../../../arm-none-eabi/lib/thumb2\libc.a(lib_a-stdio.o)
 .debug_frame   0x000012a0       0x30 c:/actel/libero_v9.1/softconsole/sourcery-g++/bin/../lib/gcc/arm-none-eabi/4.4.1/../../../../arm-none-eabi/lib/thumb2\libc.a(lib_a-strcmp.o)
 .debug_frame   0x000012d0       0x2c c:/actel/libero_v9.1/softconsole/sourcery-g++/bin/../lib/gcc/arm-none-eabi/4.4.1/../../../../arm-none-eabi/lib/thumb2\libc.a(lib_a-callocr.o)
 .debug_frame   0x000012fc       0x2c c:/actel/libero_v9.1/softconsole/sourcery-g++/bin/../lib/gcc/arm-none-eabi/4.4.1/../../../../arm-none-eabi/lib/thumb2\libc.a(lib_a-closer.o)
 .debug_frame   0x00001328       0x3c c:/actel/libero_v9.1/softconsole/sourcery-g++/bin/../lib/gcc/arm-none-eabi/4.4.1/../../../../arm-none-eabi/lib/thumb2\libc.a(lib_a-fclose.o)
 .debug_frame   0x00001364       0x2c c:/actel/libero_v9.1/softconsole/sourcery-g++/bin/../lib/gcc/arm-none-eabi/4.4.1/../../../../arm-none-eabi/lib/thumb2\libc.a(lib_a-fstatr.o)
 .debug_frame   0x00001390       0x2c c:/actel/libero_v9.1/softconsole/sourcery-g++/bin/../lib/gcc/arm-none-eabi/4.4.1/../../../../arm-none-eabi/lib/thumb2\libc.a(lib_a-isattyr.o)
 .debug_frame   0x000013bc       0x2c c:/actel/libero_v9.1/softconsole/sourcery-g++/bin/../lib/gcc/arm-none-eabi/4.4.1/../../../../arm-none-eabi/lib/thumb2\libc.a(lib_a-lseekr.o)
 .debug_frame   0x000013e8       0x2c c:/actel/libero_v9.1/softconsole/sourcery-g++/bin/../lib/gcc/arm-none-eabi/4.4.1/../../../../arm-none-eabi/lib/thumb2\libc.a(lib_a-readr.o)
 .debug_frame   0x00001414       0x20 c:/actel/libero_v9.1/softconsole/sourcery-g++/bin/../lib/gcc/arm-none-eabi/4.4.1/thumb2\libgcc.a(_udivsi3.o)
 .debug_frame   0x00001434       0x50 c:/actel/libero_v9.1/softconsole/sourcery-g++/bin/../lib/gcc/arm-none-eabi/4.4.1/thumb2\libgcc.a(bpabi.o)
 .debug_frame   0x00001484       0x3c c:/actel/libero_v9.1/softconsole/sourcery-g++/bin/../lib/gcc/arm-none-eabi/4.4.1/thumb2\libgcc.a(_divdi3.o)
 .debug_frame   0x000014c0       0x3c c:/actel/libero_v9.1/softconsole/sourcery-g++/bin/../lib/gcc/arm-none-eabi/4.4.1/thumb2\libgcc.a(_udivdi3.o)

.debug_str      0x00000000     0x1b39
 *(.debug_str)
 .debug_str     0x00000000      0x1a8 ./controller.o
                                0x1ec (size before relaxing)
 .debug_str     0x000001a8      0xb6c ./main.o
                                0xd1d (size before relaxing)
 .debug_str     0x00000d14      0x24e ./mytimer.o
                                0x35e (size before relaxing)
 .debug_str     0x00000f62      0x503 C:/Users/knekritz/UMKarts/gc/SoftConsole/gc_MSS_MSS_CM3_0/gc_MSS_MSS_CM3_0_hw_platform/Debug/CMSIS/startup_gcc/newlib_stubs.o
                               0x109d (size before relaxing)
 .debug_str     0x00001465      0x5dd C:\Users\knekritz\UMKarts\gc\SoftConsole\gc_MSS_MSS_CM3_0\gc_MSS_MSS_CM3_0_hw_platform\Debug\libgc_MSS_MSS_CM3_0_hw_platform.a(mss_uart.o)
                               0x14ae (size before relaxing)
 .debug_str     0x00001a42       0xf7 C:\Users\knekritz\UMKarts\gc\SoftConsole\gc_MSS_MSS_CM3_0\gc_MSS_MSS_CM3_0_hw_platform\Debug\libgc_MSS_MSS_CM3_0_hw_platform.a(system_a2fxxxm3.o)
                                0x451 (size before relaxing)

.debug_loc      0x00000000      0xef1
 *(.debug_loc)
 .debug_loc     0x00000000       0xac ./controller.o
 .debug_loc     0x000000ac      0x113 ./main.o
 .debug_loc     0x000001bf      0x3c3 ./mytimer.o
 .debug_loc     0x00000582      0x3c6 C:/Users/knekritz/UMKarts/gc/SoftConsole/gc_MSS_MSS_CM3_0/gc_MSS_MSS_CM3_0_hw_platform/Debug/CMSIS/startup_gcc/newlib_stubs.o
 .debug_loc     0x00000948      0x510 C:\Users\knekritz\UMKarts\gc\SoftConsole\gc_MSS_MSS_CM3_0\gc_MSS_MSS_CM3_0_hw_platform\Debug\libgc_MSS_MSS_CM3_0_hw_platform.a(mss_uart.o)
 .debug_loc     0x00000e58       0x99 C:\Users\knekritz\UMKarts\gc\SoftConsole\gc_MSS_MSS_CM3_0\gc_MSS_MSS_CM3_0_hw_platform\Debug\libgc_MSS_MSS_CM3_0_hw_platform.a(system_a2fxxxm3.o)

.debug_macinfo  0x00000000    0x2d78e
 *(.debug_macinfo)
 .debug_macinfo
                0x00000000     0x7d4f ./controller.o
 .debug_macinfo
                0x00007d4f     0x84c2 ./main.o
 .debug_macinfo
                0x00010211     0x7d9b ./mytimer.o
 .debug_macinfo
                0x00017fac     0x9965 C:/Users/knekritz/UMKarts/gc/SoftConsole/gc_MSS_MSS_CM3_0/gc_MSS_MSS_CM3_0_hw_platform/Debug/CMSIS/startup_gcc/newlib_stubs.o
 .debug_macinfo
                0x00021911     0x63e4 C:\Users\knekritz\UMKarts\gc\SoftConsole\gc_MSS_MSS_CM3_0\gc_MSS_MSS_CM3_0_hw_platform\Debug\libgc_MSS_MSS_CM3_0_hw_platform.a(mss_uart.o)
 .debug_macinfo
                0x00027cf5     0x5a99 C:\Users\knekritz\UMKarts\gc\SoftConsole\gc_MSS_MSS_CM3_0\gc_MSS_MSS_CM3_0_hw_platform\Debug\libgc_MSS_MSS_CM3_0_hw_platform.a(system_a2fxxxm3.o)

.debug_weaknames
 *(.debug_weaknames)

.debug_funcnames
 *(.debug_funcnames)

.debug_typenames
 *(.debug_typenames)

.debug_varnames
 *(.debug_varnames)

.note.gnu.arm.ident
 *(.note.gnu.arm.ident)

.ARM.attributes
                0x00000000       0x25
 *(.ARM.attributes)
 .ARM.attributes
                0x00000000       0x19 c:/actel/libero_v9.1/softconsole/sourcery-g++/bin/../lib/gcc/arm-none-eabi/4.4.1/thumb2/crti.o
 .ARM.attributes
                0x00000019       0x29 c:/actel/libero_v9.1/softconsole/sourcery-g++/bin/../lib/gcc/arm-none-eabi/4.4.1/thumb2/crtbegin.o
 .ARM.attributes
                0x00000042       0x31 ./controller.o
 .ARM.attributes
                0x00000073       0x31 ./main.o
 .ARM.attributes
                0x000000a4       0x31 ./mytimer.o
 .ARM.attributes
                0x000000d5       0x21 C:/Users/knekritz/UMKarts/gc/SoftConsole/gc_MSS_MSS_CM3_0/gc_MSS_MSS_CM3_0_hw_platform/Debug/CMSIS/startup_gcc/startup_a2fxxxm3.o
 .ARM.attributes
                0x000000f6       0x31 C:/Users/knekritz/UMKarts/gc/SoftConsole/gc_MSS_MSS_CM3_0/gc_MSS_MSS_CM3_0_hw_platform/Debug/CMSIS/startup_gcc/newlib_stubs.o
 .ARM.attributes
                0x00000127       0x31 C:\Users\knekritz\UMKarts\gc\SoftConsole\gc_MSS_MSS_CM3_0\gc_MSS_MSS_CM3_0_hw_platform\Debug\libgc_MSS_MSS_CM3_0_hw_platform.a(mss_uart.o)
 .ARM.attributes
                0x00000158       0x31 C:\Users\knekritz\UMKarts\gc\SoftConsole\gc_MSS_MSS_CM3_0\gc_MSS_MSS_CM3_0_hw_platform\Debug\libgc_MSS_MSS_CM3_0_hw_platform.a(system_a2fxxxm3.o)
 .ARM.attributes
                0x00000189       0x1b c:/actel/libero_v9.1/softconsole/sourcery-g++/bin/../lib/gcc/arm-none-eabi/4.4.1/thumb2\libgcc.a(_arm_addsubdf3.o)
 .ARM.attributes
                0x000001a4       0x1b c:/actel/libero_v9.1/softconsole/sourcery-g++/bin/../lib/gcc/arm-none-eabi/4.4.1/thumb2\libgcc.a(_arm_muldivdf3.o)
 .ARM.attributes
                0x000001bf       0x1b c:/actel/libero_v9.1/softconsole/sourcery-g++/bin/../lib/gcc/arm-none-eabi/4.4.1/thumb2\libgcc.a(_arm_cmpdf2.o)
 .ARM.attributes
                0x000001da       0x1b c:/actel/libero_v9.1/softconsole/sourcery-g++/bin/../lib/gcc/arm-none-eabi/4.4.1/thumb2\libgcc.a(_arm_fixunsdfsi.o)
 .ARM.attributes
                0x000001f5       0x29 c:/actel/libero_v9.1/softconsole/sourcery-g++/bin/../lib/gcc/arm-none-eabi/4.4.1/../../../../arm-none-eabi/lib/thumb2\libc.a(lib_a-errno.o)
 .ARM.attributes
                0x0000021e       0x29 c:/actel/libero_v9.1/softconsole/sourcery-g++/bin/../lib/gcc/arm-none-eabi/4.4.1/../../../../arm-none-eabi/lib/thumb2\libc.a(lib_a-impure.o)
 .ARM.attributes
                0x00000247       0x29 c:/actel/libero_v9.1/softconsole/sourcery-g++/bin/../lib/gcc/arm-none-eabi/4.4.1/../../../../arm-none-eabi/lib/thumb2\libc.a(lib_a-init.o)
 .ARM.attributes
                0x00000270       0x29 c:/actel/libero_v9.1/softconsole/sourcery-g++/bin/../lib/gcc/arm-none-eabi/4.4.1/../../../../arm-none-eabi/lib/thumb2\libc.a(lib_a-malloc.o)
 .ARM.attributes
                0x00000299       0x29 c:/actel/libero_v9.1/softconsole/sourcery-g++/bin/../lib/gcc/arm-none-eabi/4.4.1/../../../../arm-none-eabi/lib/thumb2\libc.a(lib_a-mallocr.o)
 .ARM.attributes
                0x000002c2       0x29 c:/actel/libero_v9.1/softconsole/sourcery-g++/bin/../lib/gcc/arm-none-eabi/4.4.1/../../../../arm-none-eabi/lib/thumb2\libc.a(lib_a-mlock.o)
 .ARM.attributes
                0x000002eb       0x29 c:/actel/libero_v9.1/softconsole/sourcery-g++/bin/../lib/gcc/arm-none-eabi/4.4.1/../../../../arm-none-eabi/lib/thumb2\libc.a(lib_a-printf.o)
 .ARM.attributes
                0x00000314       0x29 c:/actel/libero_v9.1/softconsole/sourcery-g++/bin/../lib/gcc/arm-none-eabi/4.4.1/../../../../arm-none-eabi/lib/thumb2\libc.a(lib_a-puts.o)
 .ARM.attributes
                0x0000033d       0x29 c:/actel/libero_v9.1/softconsole/sourcery-g++/bin/../lib/gcc/arm-none-eabi/4.4.1/../../../../arm-none-eabi/lib/thumb2\libc.a(lib_a-sbrkr.o)
 .ARM.attributes
                0x00000366       0x29 c:/actel/libero_v9.1/softconsole/sourcery-g++/bin/../lib/gcc/arm-none-eabi/4.4.1/../../../../arm-none-eabi/lib/thumb2\libc.a(lib_a-strlen.o)
 .ARM.attributes
                0x0000038f       0x29 c:/actel/libero_v9.1/softconsole/sourcery-g++/bin/../lib/gcc/arm-none-eabi/4.4.1/../../../../arm-none-eabi/lib/thumb2\libc.a(lib_a-vfprintf.o)
 .ARM.attributes
                0x000003b8       0x29 c:/actel/libero_v9.1/softconsole/sourcery-g++/bin/../lib/gcc/arm-none-eabi/4.4.1/../../../../arm-none-eabi/lib/thumb2\libc.a(lib_a-wsetup.o)
 .ARM.attributes
                0x000003e1       0x29 c:/actel/libero_v9.1/softconsole/sourcery-g++/bin/../lib/gcc/arm-none-eabi/4.4.1/../../../../arm-none-eabi/lib/thumb2\libc.a(lib_a-dtoa.o)
 .ARM.attributes
                0x0000040a       0x29 c:/actel/libero_v9.1/softconsole/sourcery-g++/bin/../lib/gcc/arm-none-eabi/4.4.1/../../../../arm-none-eabi/lib/thumb2\libc.a(lib_a-fflush.o)
 .ARM.attributes
                0x00000433       0x29 c:/actel/libero_v9.1/softconsole/sourcery-g++/bin/../lib/gcc/arm-none-eabi/4.4.1/../../../../arm-none-eabi/lib/thumb2\libc.a(lib_a-findfp.o)
 .ARM.attributes
                0x0000045c       0x29 c:/actel/libero_v9.1/softconsole/sourcery-g++/bin/../lib/gcc/arm-none-eabi/4.4.1/../../../../arm-none-eabi/lib/thumb2\libc.a(lib_a-freer.o)
 .ARM.attributes
                0x00000485       0x29 c:/actel/libero_v9.1/softconsole/sourcery-g++/bin/../lib/gcc/arm-none-eabi/4.4.1/../../../../arm-none-eabi/lib/thumb2\libc.a(lib_a-fvwrite.o)
 .ARM.attributes
                0x000004ae       0x29 c:/actel/libero_v9.1/softconsole/sourcery-g++/bin/../lib/gcc/arm-none-eabi/4.4.1/../../../../arm-none-eabi/lib/thumb2\libc.a(lib_a-fwalk.o)
 .ARM.attributes
                0x000004d7       0x29 c:/actel/libero_v9.1/softconsole/sourcery-g++/bin/../lib/gcc/arm-none-eabi/4.4.1/../../../../arm-none-eabi/lib/thumb2\libc.a(lib_a-locale.o)
 .ARM.attributes
                0x00000500       0x29 c:/actel/libero_v9.1/softconsole/sourcery-g++/bin/../lib/gcc/arm-none-eabi/4.4.1/../../../../arm-none-eabi/lib/thumb2\libc.a(lib_a-makebuf.o)
 .ARM.attributes
                0x00000529       0x29 c:/actel/libero_v9.1/softconsole/sourcery-g++/bin/../lib/gcc/arm-none-eabi/4.4.1/../../../../arm-none-eabi/lib/thumb2\libc.a(lib_a-memchr.o)
 .ARM.attributes
                0x00000552       0x29 c:/actel/libero_v9.1/softconsole/sourcery-g++/bin/../lib/gcc/arm-none-eabi/4.4.1/../../../../arm-none-eabi/lib/thumb2\libc.a(lib_a-memcpy.o)
 .ARM.attributes
                0x0000057b       0x29 c:/actel/libero_v9.1/softconsole/sourcery-g++/bin/../lib/gcc/arm-none-eabi/4.4.1/../../../../arm-none-eabi/lib/thumb2\libc.a(lib_a-memmove.o)
 .ARM.attributes
                0x000005a4       0x29 c:/actel/libero_v9.1/softconsole/sourcery-g++/bin/../lib/gcc/arm-none-eabi/4.4.1/../../../../arm-none-eabi/lib/thumb2\libc.a(lib_a-memset.o)
 .ARM.attributes
                0x000005cd       0x29 c:/actel/libero_v9.1/softconsole/sourcery-g++/bin/../lib/gcc/arm-none-eabi/4.4.1/../../../../arm-none-eabi/lib/thumb2\libc.a(lib_a-mprec.o)
 .ARM.attributes
                0x000005f6       0x29 c:/actel/libero_v9.1/softconsole/sourcery-g++/bin/../lib/gcc/arm-none-eabi/4.4.1/../../../../arm-none-eabi/lib/thumb2\libc.a(lib_a-reallocr.o)
 .ARM.attributes
                0x0000061f       0x29 c:/actel/libero_v9.1/softconsole/sourcery-g++/bin/../lib/gcc/arm-none-eabi/4.4.1/../../../../arm-none-eabi/lib/thumb2\libc.a(lib_a-reent.o)
 .ARM.attributes
                0x00000648       0x29 c:/actel/libero_v9.1/softconsole/sourcery-g++/bin/../lib/gcc/arm-none-eabi/4.4.1/../../../../arm-none-eabi/lib/thumb2\libc.a(lib_a-s_isinfd.o)
 .ARM.attributes
                0x00000671       0x29 c:/actel/libero_v9.1/softconsole/sourcery-g++/bin/../lib/gcc/arm-none-eabi/4.4.1/../../../../arm-none-eabi/lib/thumb2\libc.a(lib_a-s_isnand.o)
 .ARM.attributes
                0x0000069a       0x29 c:/actel/libero_v9.1/softconsole/sourcery-g++/bin/../lib/gcc/arm-none-eabi/4.4.1/../../../../arm-none-eabi/lib/thumb2\libc.a(lib_a-stdio.o)
 .ARM.attributes
                0x000006c3       0x29 c:/actel/libero_v9.1/softconsole/sourcery-g++/bin/../lib/gcc/arm-none-eabi/4.4.1/../../../../arm-none-eabi/lib/thumb2\libc.a(lib_a-strcmp.o)
 .ARM.attributes
                0x000006ec       0x29 c:/actel/libero_v9.1/softconsole/sourcery-g++/bin/../lib/gcc/arm-none-eabi/4.4.1/../../../../arm-none-eabi/lib/thumb2\libc.a(lib_a-callocr.o)
 .ARM.attributes
                0x00000715       0x29 c:/actel/libero_v9.1/softconsole/sourcery-g++/bin/../lib/gcc/arm-none-eabi/4.4.1/../../../../arm-none-eabi/lib/thumb2\libc.a(lib_a-closer.o)
 .ARM.attributes
                0x0000073e       0x29 c:/actel/libero_v9.1/softconsole/sourcery-g++/bin/../lib/gcc/arm-none-eabi/4.4.1/../../../../arm-none-eabi/lib/thumb2\libc.a(lib_a-fclose.o)
 .ARM.attributes
                0x00000767       0x29 c:/actel/libero_v9.1/softconsole/sourcery-g++/bin/../lib/gcc/arm-none-eabi/4.4.1/../../../../arm-none-eabi/lib/thumb2\libc.a(lib_a-fstatr.o)
 .ARM.attributes
                0x00000790       0x29 c:/actel/libero_v9.1/softconsole/sourcery-g++/bin/../lib/gcc/arm-none-eabi/4.4.1/../../../../arm-none-eabi/lib/thumb2\libc.a(lib_a-isattyr.o)
 .ARM.attributes
                0x000007b9       0x29 c:/actel/libero_v9.1/softconsole/sourcery-g++/bin/../lib/gcc/arm-none-eabi/4.4.1/../../../../arm-none-eabi/lib/thumb2\libc.a(lib_a-lseekr.o)
 .ARM.attributes
                0x000007e2       0x29 c:/actel/libero_v9.1/softconsole/sourcery-g++/bin/../lib/gcc/arm-none-eabi/4.4.1/../../../../arm-none-eabi/lib/thumb2\libc.a(lib_a-readr.o)
 .ARM.attributes
                0x0000080b       0x1b c:/actel/libero_v9.1/softconsole/sourcery-g++/bin/../lib/gcc/arm-none-eabi/4.4.1/thumb2\libgcc.a(_udivsi3.o)
 .ARM.attributes
                0x00000826       0x1b c:/actel/libero_v9.1/softconsole/sourcery-g++/bin/../lib/gcc/arm-none-eabi/4.4.1/thumb2\libgcc.a(_dvmd_tls.o)
 .ARM.attributes
                0x00000841       0x1b c:/actel/libero_v9.1/softconsole/sourcery-g++/bin/../lib/gcc/arm-none-eabi/4.4.1/thumb2\libgcc.a(_arm_fixdfsi.o)
 .ARM.attributes
                0x0000085c       0x1b c:/actel/libero_v9.1/softconsole/sourcery-g++/bin/../lib/gcc/arm-none-eabi/4.4.1/thumb2\libgcc.a(_aeabi_uldivmod.o)
 .ARM.attributes
                0x00000877       0x29 c:/actel/libero_v9.1/softconsole/sourcery-g++/bin/../lib/gcc/arm-none-eabi/4.4.1/thumb2\libgcc.a(bpabi.o)
 .ARM.attributes
                0x000008a0       0x29 c:/actel/libero_v9.1/softconsole/sourcery-g++/bin/../lib/gcc/arm-none-eabi/4.4.1/thumb2\libgcc.a(_divdi3.o)
 .ARM.attributes
                0x000008c9       0x29 c:/actel/libero_v9.1/softconsole/sourcery-g++/bin/../lib/gcc/arm-none-eabi/4.4.1/thumb2\libgcc.a(_udivdi3.o)
 .ARM.attributes
                0x000008f2       0x29 c:/actel/libero_v9.1/softconsole/sourcery-g++/bin/../lib/gcc/arm-none-eabi/4.4.1/thumb2/crtend.o
 .ARM.attributes
                0x0000091b       0x19 c:/actel/libero_v9.1/softconsole/sourcery-g++/bin/../lib/gcc/arm-none-eabi/4.4.1/thumb2/crtn.o

/DISCARD/
 *(.note.GNU-stack)
OUTPUT(gc_MSS_MSS_CM3_0_app elf32-littlearm)

.debug_ranges   0x00000000      0x2b8
 .debug_ranges  0x00000000       0x30 ./controller.o
 .debug_ranges  0x00000030       0x38 ./main.o
 .debug_ranges  0x00000068       0xb8 ./mytimer.o
 .debug_ranges  0x00000120       0xa0 C:/Users/knekritz/UMKarts/gc/SoftConsole/gc_MSS_MSS_CM3_0/gc_MSS_MSS_CM3_0_hw_platform/Debug/CMSIS/startup_gcc/newlib_stubs.o
 .debug_ranges  0x000001c0       0xd0 C:\Users\knekritz\UMKarts\gc\SoftConsole\gc_MSS_MSS_CM3_0\gc_MSS_MSS_CM3_0_hw_platform\Debug\libgc_MSS_MSS_CM3_0_hw_platform.a(mss_uart.o)
 .debug_ranges  0x00000290       0x28 C:\Users\knekritz\UMKarts\gc\SoftConsole\gc_MSS_MSS_CM3_0\gc_MSS_MSS_CM3_0_hw_platform\Debug\libgc_MSS_MSS_CM3_0_hw_platform.a(system_a2fxxxm3.o)
