Archive member included because of file (symbol)

C:\Users\mikechri\Downloads\gc\gc\SoftConsole\gc_MSS_MSS_CM3_0\gc_MSS_MSS_CM3_0_hw_platform\Debug\libgc_MSS_MSS_CM3_0_hw_platform.a(mss_uart.o)
                              C:/Users/mikechri/Downloads/gc/gc/SoftConsole/gc_MSS_MSS_CM3_0/gc_MSS_MSS_CM3_0_hw_platform/Debug/CMSIS/startup_gcc/newlib_stubs.o (g_mss_uart0)
C:\Users\mikechri\Downloads\gc\gc\SoftConsole\gc_MSS_MSS_CM3_0\gc_MSS_MSS_CM3_0_hw_platform\Debug\libgc_MSS_MSS_CM3_0_hw_platform.a(system_a2fxxxm3.o)
                              C:\Users\mikechri\Downloads\gc\gc\SoftConsole\gc_MSS_MSS_CM3_0\gc_MSS_MSS_CM3_0_hw_platform\Debug\libgc_MSS_MSS_CM3_0_hw_platform.a(mss_uart.o) (g_FrequencyPCLK0)
c:/actel/libero_v9.1/softconsole/sourcery-g++/bin/../lib/gcc/arm-none-eabi/4.4.1/thumb2\libgcc.a(_arm_addsubdf3.o)
                              ./main.o (__aeabi_dsub)
c:/actel/libero_v9.1/softconsole/sourcery-g++/bin/../lib/gcc/arm-none-eabi/4.4.1/thumb2\libgcc.a(_arm_muldivdf3.o)
                              ./main.o (__aeabi_dmul)
c:/actel/libero_v9.1/softconsole/sourcery-g++/bin/../lib/gcc/arm-none-eabi/4.4.1/thumb2\libgcc.a(_arm_cmpdf2.o)
                              ./main.o (__aeabi_dcmplt)
c:/actel/libero_v9.1/softconsole/sourcery-g++/bin/../lib/gcc/arm-none-eabi/4.4.1/thumb2\libgcc.a(_arm_fixunsdfsi.o)
                              ./main.o (__aeabi_d2uiz)
c:/actel/libero_v9.1/softconsole/sourcery-g++/bin/../lib/gcc/arm-none-eabi/4.4.1/../../../../arm-none-eabi/lib/thumb2\libc.a(lib_a-errno.o)
                              C:/Users/mikechri/Downloads/gc/gc/SoftConsole/gc_MSS_MSS_CM3_0/gc_MSS_MSS_CM3_0_hw_platform/Debug/CMSIS/startup_gcc/newlib_stubs.o (__errno)
c:/actel/libero_v9.1/softconsole/sourcery-g++/bin/../lib/gcc/arm-none-eabi/4.4.1/../../../../arm-none-eabi/lib/thumb2\libc.a(lib_a-impure.o)
                              c:/actel/libero_v9.1/softconsole/sourcery-g++/bin/../lib/gcc/arm-none-eabi/4.4.1/../../../../arm-none-eabi/lib/thumb2\libc.a(lib_a-errno.o) (_impure_ptr)
c:/actel/libero_v9.1/softconsole/sourcery-g++/bin/../lib/gcc/arm-none-eabi/4.4.1/../../../../arm-none-eabi/lib/thumb2\libc.a(lib_a-init.o)
                              C:/Users/mikechri/Downloads/gc/gc/SoftConsole/gc_MSS_MSS_CM3_0/gc_MSS_MSS_CM3_0_hw_platform/Debug/CMSIS/startup_gcc/startup_a2fxxxm3.o (__libc_init_array)
c:/actel/libero_v9.1/softconsole/sourcery-g++/bin/../lib/gcc/arm-none-eabi/4.4.1/../../../../arm-none-eabi/lib/thumb2\libc.a(lib_a-malloc.o)
                              ./controller.o (malloc)
c:/actel/libero_v9.1/softconsole/sourcery-g++/bin/../lib/gcc/arm-none-eabi/4.4.1/../../../../arm-none-eabi/lib/thumb2\libc.a(lib_a-mallocr.o)
                              c:/actel/libero_v9.1/softconsole/sourcery-g++/bin/../lib/gcc/arm-none-eabi/4.4.1/../../../../arm-none-eabi/lib/thumb2\libc.a(lib_a-malloc.o) (_malloc_r)
c:/actel/libero_v9.1/softconsole/sourcery-g++/bin/../lib/gcc/arm-none-eabi/4.4.1/../../../../arm-none-eabi/lib/thumb2\libc.a(lib_a-mlock.o)
                              c:/actel/libero_v9.1/softconsole/sourcery-g++/bin/../lib/gcc/arm-none-eabi/4.4.1/../../../../arm-none-eabi/lib/thumb2\libc.a(lib_a-mallocr.o) (__malloc_lock)
c:/actel/libero_v9.1/softconsole/sourcery-g++/bin/../lib/gcc/arm-none-eabi/4.4.1/../../../../arm-none-eabi/lib/thumb2\libc.a(lib_a-printf.o)
                              ./controller.o (printf)
c:/actel/libero_v9.1/softconsole/sourcery-g++/bin/../lib/gcc/arm-none-eabi/4.4.1/../../../../arm-none-eabi/lib/thumb2\libc.a(lib_a-puts.o)
                              ./main.o (puts)
c:/actel/libero_v9.1/softconsole/sourcery-g++/bin/../lib/gcc/arm-none-eabi/4.4.1/../../../../arm-none-eabi/lib/thumb2\libc.a(lib_a-sbrkr.o)
                              c:/actel/libero_v9.1/softconsole/sourcery-g++/bin/../lib/gcc/arm-none-eabi/4.4.1/../../../../arm-none-eabi/lib/thumb2\libc.a(lib_a-mallocr.o) (_sbrk_r)
c:/actel/libero_v9.1/softconsole/sourcery-g++/bin/../lib/gcc/arm-none-eabi/4.4.1/../../../../arm-none-eabi/lib/thumb2\libc.a(lib_a-strlen.o)
                              c:/actel/libero_v9.1/softconsole/sourcery-g++/bin/../lib/gcc/arm-none-eabi/4.4.1/../../../../arm-none-eabi/lib/thumb2\libc.a(lib_a-puts.o) (strlen)
c:/actel/libero_v9.1/softconsole/sourcery-g++/bin/../lib/gcc/arm-none-eabi/4.4.1/../../../../arm-none-eabi/lib/thumb2\libc.a(lib_a-vfprintf.o)
                              c:/actel/libero_v9.1/softconsole/sourcery-g++/bin/../lib/gcc/arm-none-eabi/4.4.1/../../../../arm-none-eabi/lib/thumb2\libc.a(lib_a-printf.o) (_vfprintf_r)
c:/actel/libero_v9.1/softconsole/sourcery-g++/bin/../lib/gcc/arm-none-eabi/4.4.1/../../../../arm-none-eabi/lib/thumb2\libc.a(lib_a-wsetup.o)
                              c:/actel/libero_v9.1/softconsole/sourcery-g++/bin/../lib/gcc/arm-none-eabi/4.4.1/../../../../arm-none-eabi/lib/thumb2\libc.a(lib_a-vfprintf.o) (__swsetup_r)
[...]
Memory Configuration

Name             Origin             Length             Attributes
ram              0x20000000         0x00010000         xrw
*default*        0x00000000         0xffffffff

Linker script and memory map

LOAD c:/actel/libero_v9.1/softconsole/sourcery-g++/bin/../lib/gcc/arm-none-eabi/4.4.1/thumb2/crti.o
LOAD c:/actel/libero_v9.1/softconsole/sourcery-g++/bin/../lib/gcc/arm-none-eabi/4.4.1/thumb2/crtbegin.o
LOAD ./controller.o
LOAD ./main.o
LOAD ./mytimer.o
LOAD C:/Users/mikechri/Downloads/gc/gc/SoftConsole/gc_MSS_MSS_CM3_0/gc_MSS_MSS_CM3_0_hw_platform/Debug/CMSIS/startup_gcc/startup_a2fxxxm3.o
LOAD C:/Users/mikechri/Downloads/gc/gc/SoftConsole/gc_MSS_MSS_CM3_0/gc_MSS_MSS_CM3_0_hw_platform/Debug/CMSIS/startup_gcc/newlib_stubs.o
LOAD C:\Users\mikechri\Downloads\gc\gc\SoftConsole\gc_MSS_MSS_CM3_0\gc_MSS_MSS_CM3_0_hw_platform\Debug\libgc_MSS_MSS_CM3_0_hw_platform.a
START GROUP
LOAD c:/actel/libero_v9.1/softconsole/sourcery-g++/bin/../lib/gcc/arm-none-eabi/4.4.1/thumb2\libgcc.a
LOAD c:/actel/libero_v9.1/softconsole/sourcery-g++/bin/../lib/gcc/arm-none-eabi/4.4.1/../../../../arm-none-eabi/lib/thumb2\libc.a
END GROUP
LOAD c:/actel/libero_v9.1/softconsole/sourcery-g++/bin/../lib/gcc/arm-none-eabi/4.4.1/thumb2/crtend.o
LOAD c:/actel/libero_v9.1/softconsole/sourcery-g++/bin/../lib/gcc/arm-none-eabi/4.4.1/thumb2/crtn.o
START GROUP
LOAD c:/actel/libero_v9.1/softconsole/sourcery-g++/bin/../lib/gcc/arm-none-eabi/4.4.1/../../../../arm-none-eabi/lib/thumb2\libc.a
LOAD c:/actel/libero_v9.1/softconsole/sourcery-g++/bin/../lib/gcc/arm-none-eabi/4.4.1/thumb2\libgcc.a
LOAD c:/actel/libero_v9.1/softconsole/sourcery-g++/bin/../lib/gcc/arm-none-eabi/4.4.1/../../../../arm-none-eabi/lib/thumb2\libm.a
END GROUP
                0x00000000                __DYNAMIC = 0x0
                0x20000000                RAM_START_ADDRESS = 0x20000000
                0x00010000                RAM_SIZE = 0x10000
                0x00002000                MAIN_STACK_SIZE = 0x2000
                0x00001000                PROCESS_STACK_SIZE = 0x1000
                0x20010000                PROVIDE (__main_stack_start, (RAM_START_ADDRESS + RAM_SIZE))
                0x2000e000                PROVIDE (__process_stack_start, (__main_stack_start - MAIN_STACK_SIZE))
                0x20010000                PROVIDE (_estack, __main_stack_start)
                0x00000000                PROVIDE (__mirrored_nvm, 0x0)

.text           0x20000000     0x7e90
 CREATE_OBJECT_SYMBOLS
                0x20000000                __text_load = LOADADDR (.text)
                0x20000000                __text_start = .
 *(.isr_vector)
 .isr_vector    0x20000000      0x470 C:/Users/mikechri/Downloads/gc/gc/SoftConsole/gc_MSS_MSS_CM3_0/gc_MSS_MSS_CM3_0_hw_platform/Debug/CMSIS/startup_gcc/startup_a2fxxxm3.o
                0x20000000                g_pfnVectors
                0x20000298                Reset_Handler
                0x20000308                NMI_Handler
                0x2000030a                HardFault_Handler
                0x2000030c                MemManage_Handler
                0x2000030e                BusFault_Handler
                0x20000310                UsageFault_Handler
                0x20000312                SVC_Handler
                0x20000314                DebugMon_Handler
                0x20000316                PendSV_Handler
                0x20000318                SysTick_Handler
                0x2000031a                WdogWakeup_IRQHandler
                0x2000031c                BrownOut_1_5V_IRQHandler
                0x2000031e                BrownOut_3_3V_IRQHandler
                0x20000320                RTC_Match_IRQHandler
                0x20000322                RTCIF_Pub_IRQHandler
                0x20000324                EthernetMAC_IRQHandler
                0x20000326                IAP_IRQHandler
                0x20000328                ENVM0_IRQHandler
                0x2000032a                ENVM1_IRQHandler
                0x2000032c                DMA_IRQHandler
                0x20000332                SPI0_IRQHandler
                0x20000334                SPI1_IRQHandler
                0x20000336                I2C0_IRQHandler
                0x20000338                I2C0_SMBAlert_IRQHandler
                0x2000033a                I2C0_SMBus_IRQHandler
                0x2000033c                I2C1_IRQHandler
                0x2000033e                I2C1_SMBAlert_IRQHandler
                0x20000340                I2C1_SMBus_IRQHandler
                0x20000342                Timer1_IRQHandler
                0x20000344                Timer2_IRQHandler
                0x20000346                PLL_Lock_IRQHandler
                0x20000348                PLL_LockLost_IRQHandler
                0x2000034a                CommError_IRQHandler
                0x2000034e                GPIO0_IRQHandler
                0x20000350                GPIO1_IRQHandler
                0x20000352                GPIO2_IRQHandler
                0x20000354                GPIO3_IRQHandler
                0x20000356                GPIO4_IRQHandler
                0x20000358                GPIO5_IRQHandler
                0x2000035a                GPIO6_IRQHandler
                0x2000035c                GPIO7_IRQHandler
                0x2000035e                GPIO8_IRQHandler
                0x20000360                GPIO9_IRQHandler
                0x20000362                GPIO10_IRQHandler
                0x20000364                GPIO11_IRQHandler
                0x20000366                GPIO12_IRQHandler
                0x20000368                GPIO13_IRQHandler
                0x2000036a                GPIO14_IRQHandler
                0x2000036c                GPIO15_IRQHandler
                0x2000036e                GPIO16_IRQHandler
                0x20000370                GPIO17_IRQHandler
                0x20000372                GPIO18_IRQHandler
                0x20000374                GPIO19_IRQHandler
                0x20000376                GPIO20_IRQHandler
                0x20000378                GPIO21_IRQHandler
                0x2000037a                GPIO22_IRQHandler
                0x2000037c                GPIO23_IRQHandler
                0x2000037e                GPIO24_IRQHandler
                0x20000380                GPIO25_IRQHandler
                0x20000382                GPIO26_IRQHandler
                0x20000384                GPIO27_IRQHandler
                0x20000386                GPIO28_IRQHandler
                0x20000388                GPIO29_IRQHandler
                0x2000038a                GPIO30_IRQHandler
                0x2000038c                GPIO31_IRQHandler
                0x2000038e                ACE_PC0_Flag0_IRQHandler
                0x20000390                ACE_PC0_Flag1_IRQHandler
                0x20000392                ACE_PC0_Flag2_IRQHandler
                0x20000394                ACE_PC0_Flag3_IRQHandler
                0x20000396                ACE_PC1_Flag0_IRQHandler
                0x20000398                ACE_PC1_Flag1_IRQHandler
                0x2000039a                ACE_PC1_Flag2_IRQHandler
                0x2000039c                ACE_PC1_Flag3_IRQHandler
                0x2000039e                ACE_PC2_Flag0_IRQHandler
                0x200003a0                ACE_PC2_Flag1_IRQHandler
                0x200003a2                ACE_PC2_Flag2_IRQHandler
                0x200003a4                ACE_PC2_Flag3_IRQHandler
                0x200003a6                ACE_ADC0_DataValid_IRQHandler
                0x200003a8                ACE_ADC1_DataValid_IRQHandler
                0x200003aa                ACE_ADC2_DataValid_IRQHandler
                0x200003ac                ACE_ADC0_CalDone_IRQHandler
                0x200003ae                ACE_ADC1_CalDone_IRQHandler
                0x200003b0                ACE_ADC2_CalDone_IRQHandler
                0x200003b2                ACE_ADC0_CalStart_IRQHandler
                0x200003b4                ACE_ADC1_CalStart_IRQHandler
                0x200003b6                ACE_ADC2_CalStart_IRQHandler
                0x200003b8                ACE_Comp0_Fall_IRQHandler
                0x200003ba                ACE_Comp1_Fall_IRQHandler
                0x200003bc                ACE_Comp2_Fall_IRQHandler
                0x200003be                ACE_Comp3_Fall_IRQHandler
                0x200003c0                ACE_Comp4_Fall_IRQHandler
                0x200003c2                ACE_Comp5_Fall_IRQHandler
                0x200003c4                ACE_Comp6_Fall_IRQHandler
                0x200003c6                ACE_Comp7_Fall_IRQHandler
                0x200003c8                ACE_Comp8_Fall_IRQHandler
                0x200003ca                ACE_Comp9_Fall_IRQHandler
                0x200003cc                ACE_Comp10_Fall_IRQHandler
                0x200003ce                ACE_Comp11_Fall_IRQHandler
                0x200003d0                ACE_Comp0_Rise_IRQHandler
                0x200003d2                ACE_Comp1_Rise_IRQHandler
                0x200003d4                ACE_Comp2_Rise_IRQHandler
                0x200003d6                ACE_Comp3_Rise_IRQHandler
                0x200003d8                ACE_Comp4_Rise_IRQHandler
                0x200003da                ACE_Comp5_Rise_IRQHandler
                0x200003dc                ACE_Comp6_Rise_IRQHandler
                0x200003de                ACE_Comp7_Rise_IRQHandler
                0x200003e0                ACE_Comp8_Rise_IRQHandler
                0x200003e2                ACE_Comp9_Rise_IRQHandler
                0x200003e4                ACE_Comp10_Rise_IRQHandler
                0x200003e6                ACE_Comp11_Rise_IRQHandler
                0x200003e8                ACE_ADC0_FifoFull_IRQHandler
                0x200003ea                ACE_ADC0_FifoAFull_IRQHandler
                0x200003ec                ACE_ADC0_FifoEmpty_IRQHandler
                0x200003ee                ACE_ADC1_FifoFull_IRQHandler
                0x200003f0                ACE_ADC1_FifoAFull_IRQHandler
                0x200003f2                ACE_ADC1_FifoEmpty_IRQHandler
                0x200003f4                ACE_ADC2_FifoFull_IRQHandler
                0x200003f6                ACE_ADC2_FifoAFull_IRQHandler
                0x200003f8                ACE_ADC2_FifoEmpty_IRQHandler
                0x200003fa                ACE_PPE_Flag0_IRQHandler
                0x200003fc                ACE_PPE_Flag1_IRQHandler
                0x200003fe                ACE_PPE_Flag2_IRQHandler
                0x20000400                ACE_PPE_Flag3_IRQHandler
                0x20000402                ACE_PPE_Flag4_IRQHandler
                0x20000404                ACE_PPE_Flag5_IRQHandler
                0x20000406                ACE_PPE_Flag6_IRQHandler
                0x20000408                ACE_PPE_Flag7_IRQHandler
                0x2000040a                ACE_PPE_Flag8_IRQHandler
                0x2000040c                ACE_PPE_Flag9_IRQHandler
                0x2000040e                ACE_PPE_Flag10_IRQHandler
                0x20000410                ACE_PPE_Flag11_IRQHandler
                0x20000412                ACE_PPE_Flag12_IRQHandler
                0x20000414                ACE_PPE_Flag13_IRQHandler
                0x20000416                ACE_PPE_Flag14_IRQHandler
                0x20000418                ACE_PPE_Flag15_IRQHandler
                0x2000041a                ACE_PPE_Flag16_IRQHandler
                0x2000041c                ACE_PPE_Flag17_IRQHandler
                0x2000041e                ACE_PPE_Flag18_IRQHandler
                0x20000420                ACE_PPE_Flag19_IRQHandler
                0x20000422                ACE_PPE_Flag20_IRQHandler
                0x20000424                ACE_PPE_Flag21_IRQHandler
                0x20000426                ACE_PPE_Flag22_IRQHandler
                0x20000428                ACE_PPE_Flag23_IRQHandler
                0x2000042a                ACE_PPE_Flag24_IRQHandler
                0x2000042c                ACE_PPE_Flag25_IRQHandler
                0x2000042e                ACE_PPE_Flag26_IRQHandler
                0x20000430                ACE_PPE_Flag27_IRQHandler
                0x20000432                ACE_PPE_Flag28_IRQHandler
                0x20000434                ACE_PPE_Flag29_IRQHandler
                0x20000436                ACE_PPE_Flag30_IRQHandler
                0x20000438                ACE_PPE_Flag31_IRQHandler
 *(.text .text.* .gnu.linkonce.t.*)
 .text          0x20000470       0x30 c:/actel/libero_v9.1/softconsole/sourcery-g++/bin/../lib/gcc/arm-none-eabi/4.4.1/thumb2/crtbegin.o
 .text.NVIC_EnableIRQ
                0x200004a0       0x38 ./main.o
 .text.NVIC_ClearPendingIRQ
                0x200004d8       0x3c ./main.o
 .text.setPWM   0x20000514      0x12c ./main.o
                0x20000514                setPWM
 .text.Fabric_IRQHandler
                0x20000640       0x98 ./main.o
                0x20000640                Fabric_IRQHandler
 .text.print_gc
                0x200006d8      0x228 ./main.o
                0x200006d8                print_gc
 .text.main     0x20000900      0x1f0 ./main.o
                0x20000900                main
 .text.MYTIMER_init
                0x20000af0        0xc ./mytimer.o
                0x20000af0                MYTIMER_init
 .text.MYTIMER_enable
                0x20000afc       0x24 ./mytimer.o
                0x20000afc                MYTIMER_enable
 .text.MYTIMER_setOverflowVal
                0x20000b20       0x24 ./mytimer.o
                0x20000b20                MYTIMER_setOverflowVal
 .text.MYTIMER_enable_allInterrupts
                0x20000b44       0x24 ./mytimer.o
                0x20000b44                MYTIMER_enable_allInterrupts
 .text.MYTIMER_enable_compareInt
                0x20000b68       0x24 ./mytimer.o
                0x20000b68                MYTIMER_enable_compareInt
 .text.MYTIMER_setCompareVal
                0x20000b8c       0x20 ./mytimer.o
                0x20000b8c                MYTIMER_setCompareVal
 .text.MYTIMER_enable_overflowInt
                0x20000bac       0x24 ./mytimer.o
                0x20000bac                MYTIMER_enable_overflowInt
 .text.MYTIMER_getInterrupt_status
                0x20000bd0       0x18 ./mytimer.o
                0x20000bd0                MYTIMER_getInterrupt_status
 .text.MYTIMER_enable_pwm
                0x20000be8       0x24 ./mytimer.o
                0x20000be8                MYTIMER_enable_pwm
 .text.MYTIMER_enable_capture
                0x20000c0c       0x24 ./mytimer.o
                0x20000c0c                MYTIMER_enable_capture
 .text.MYTIMER_set_motor_direction
                0x20000c30       0xb0 ./mytimer.o
                0x20000c30                MYTIMER_set_motor_direction
 .text.MYTIMER_set_servo_direction
                0x20000ce0       0xb0 ./mytimer.o
                0x20000ce0                MYTIMER_set_servo_direction
 .text._close   0x20000d90       0x18 C:/Users/mikechri/Downloads/gc/gc/SoftConsole/gc_MSS_MSS_CM3_0/gc_MSS_MSS_CM3_0_hw_platform/Debug/CMSIS/startup_gcc/newlib_stubs.o
                0x20000d90                _close
 .text._exit    0x20000da8        0xc C:/Users/mikechri/Downloads/gc/gc/SoftConsole/gc_MSS_MSS_CM3_0/gc_MSS_MSS_CM3_0_hw_platform/Debug/CMSIS/startup_gcc/newlib_stubs.o
                0x20000da8                _exit
 .text._fstat   0x20000db4       0x24 C:/Users/mikechri/Downloads/gc/gc/SoftConsole/gc_MSS_MSS_CM3_0/gc_MSS_MSS_CM3_0_hw_platform/Debug/CMSIS/startup_gcc/newlib_stubs.o
                0x20000db4                _fstat
 .text._isatty  0x20000dd8       0x18 C:/Users/mikechri/Downloads/gc/gc/SoftConsole/gc_MSS_MSS_CM3_0/gc_MSS_MSS_CM3_0_hw_platform/Debug/CMSIS/startup_gcc/newlib_stubs.o
                0x20000dd8                _isatty
 .text._lseek   0x20000df0       0x1c C:/Users/mikechri/Downloads/gc/gc/SoftConsole/gc_MSS_MSS_CM3_0/gc_MSS_MSS_CM3_0_hw_platform/Debug/CMSIS/startup_gcc/newlib_stubs.o
                0x20000df0                _lseek
 .text._read    0x20000e0c       0x1c C:/Users/mikechri/Downloads/gc/gc/SoftConsole/gc_MSS_MSS_CM3_0/gc_MSS_MSS_CM3_0_hw_platform/Debug/CMSIS/startup_gcc/newlib_stubs.o
                0x20000e0c                _read
 .text._write_r
                0x20000e28       0x5c C:/Users/mikechri/Downloads/gc/gc/SoftConsole/gc_MSS_MSS_CM3_0/gc_MSS_MSS_CM3_0_hw_platform/Debug/CMSIS/startup_gcc/newlib_stubs.o
                0x20000e28                _write_r
 .text._sbrk    0x20000e84       0x94 C:/Users/mikechri/Downloads/gc/gc/SoftConsole/gc_MSS_MSS_CM3_0/gc_MSS_MSS_CM3_0_hw_platform/Debug/CMSIS/startup_gcc/newlib_stubs.o
                0x20000e84                _sbrk
 .text.NVIC_ClearPendingIRQ
                0x20000f18       0x3c C:\Users\mikechri\Downloads\gc\gc\SoftConsole\gc_MSS_MSS_CM3_0\gc_MSS_MSS_CM3_0_hw_platform\Debug\libgc_MSS_MSS_CM3_0_hw_platform.a(mss_uart.o)
 .text.MSS_UART_init
                0x20000f54      0x204 C:\Users\mikechri\Downloads\gc\gc\SoftConsole\gc_MSS_MSS_CM3_0\gc_MSS_MSS_CM3_0_hw_platform\Debug\libgc_MSS_MSS_CM3_0_hw_platform.a(mss_uart.o)
                0x20000f54                MSS_UART_init
 .text.MSS_UART_polled_tx
                0x20001158       0xe4 C:\Users\mikechri\Downloads\gc\gc\SoftConsole\gc_MSS_MSS_CM3_0\gc_MSS_MSS_CM3_0_hw_platform\Debug\libgc_MSS_MSS_CM3_0_hw_platform.a(mss_uart.o)
                0x20001158                MSS_UART_polled_tx
 .text.MSS_UART_isr
                0x2000123c      0x11c C:\Users\mikechri\Downloads\gc\gc\SoftConsole\gc_MSS_MSS_CM3_0\gc_MSS_MSS_CM3_0_hw_platform\Debug\libgc_MSS_MSS_CM3_0_hw_platform.a(mss_uart.o)
 .text.default_tx_handler
                0x20001358      0x108 C:\Users\mikechri\Downloads\gc\gc\SoftConsole\gc_MSS_MSS_CM3_0\gc_MSS_MSS_CM3_0_hw_platform\Debug\libgc_MSS_MSS_CM3_0_hw_platform.a(mss_uart.o)
 .text.UART0_IRQHandler
                0x20001460       0x2c C:\Users\mikechri\Downloads\gc\gc\SoftConsole\gc_MSS_MSS_CM3_0\gc_MSS_MSS_CM3_0_hw_platform\Debug\libgc_MSS_MSS_CM3_0_hw_platform.a(mss_uart.o)
                0x20001460                UART0_IRQHandler
 .text.UART1_IRQHandler
                0x2000148c       0x2c C:\Users\mikechri\Downloads\gc\gc\SoftConsole\gc_MSS_MSS_CM3_0\gc_MSS_MSS_CM3_0_hw_platform\Debug\libgc_MSS_MSS_CM3_0_hw_platform.a(mss_uart.o)
                0x2000148c                UART1_IRQHandler
 .text.SystemInit
                0x200014b8        0xc C:\Users\mikechri\Downloads\gc\gc\SoftConsole\gc_MSS_MSS_CM3_0\gc_MSS_MSS_CM3_0_hw_platform\Debug\libgc_MSS_MSS_CM3_0_hw_platform.a(system_a2fxxxm3.o)
                0x200014b8                SystemInit
 .text.SystemCoreClockUpdate
                0x200014c4      0x150 C:\Users\mikechri\Downloads\gc\gc\SoftConsole\gc_MSS_MSS_CM3_0\gc_MSS_MSS_CM3_0_hw_platform\Debug\libgc_MSS_MSS_CM3_0_hw_platform.a(system_a2fxxxm3.o)
                0x200014c4                SystemCoreClockUpdate
 .text.GetSystemClock
                0x20001614       0xe8 C:\Users\mikechri\Downloads\gc\gc\SoftConsole\gc_MSS_MSS_CM3_0\gc_MSS_MSS_CM3_0_hw_platform\Debug\libgc_MSS_MSS_CM3_0_hw_platform.a(system_a2fxxxm3.o)
 .text          0x200016fc      0x370 c:/actel/libero_v9.1/softconsole/sourcery-g++/bin/../lib/gcc/arm-none-eabi/4.4.1/thumb2\libgcc.a(_arm_addsubdf3.o)
                0x200016fc                __aeabi_drsub
                0x20001704                __aeabi_dsub
                0x20001704                __subdf3
                0x20001708                __aeabi_dadd
                0x20001708                __adddf3
                0x20001980                __floatunsidf
                0x20001980                __aeabi_ui2d
                0x200019a0                __floatsidf
                0x200019a0                __aeabi_i2d
                0x200019c4                __aeabi_f2d
                0x200019c4                __extendsfdf2
                0x20001a00                __floatundidf
                0x20001a00                __aeabi_ul2d
                0x20001a10                __floatdidf
                0x20001a10                __aeabi_l2d
 .text          0x20001a6c      0x424 c:/actel/libero_v9.1/softconsole/sourcery-g++/bin/../lib/gcc/arm-none-eabi/4.4.1/thumb2\libgcc.a(_arm_muldivdf3.o)
                0x20001a6c                __aeabi_dmul
                0x20001a6c                __muldf3
                0x20001cc0                __divdf3
                0x20001cc0                __aeabi_ddiv
 .text          0x20001e90      0x110 c:/actel/libero_v9.1/softconsole/sourcery-g++/bin/../lib/gcc/arm-none-eabi/4.4.1/thumb2\libgcc.a(_arm_cmpdf2.o)
                0x20001e90                __gtdf2
                0x20001e90                __gedf2
                0x20001e98                __ltdf2
                0x20001e98                __ledf2
                0x20001ea0                __nedf2
                0x20001ea0                __eqdf2
                0x20001ea0                __cmpdf2
                0x20001f1c                __aeabi_cdrcmple
                0x20001f2c                __aeabi_cdcmpeq
                0x20001f2c                __aeabi_cdcmple
                0x20001f3c                __aeabi_dcmpeq
                0x20001f50                __aeabi_dcmplt
                0x20001f64                __aeabi_dcmple
                0x20001f78                __aeabi_dcmpge
                0x20001f8c                __aeabi_dcmpgt
 .text          0x20001fa0       0x40 c:/actel/libero_v9.1/softconsole/sourcery-g++/bin/../lib/gcc/arm-none-eabi/4.4.1/thumb2\libgcc.a(_arm_fixunsdfsi.o)
                0x20001fa0                __aeabi_d2uiz
                0x20001fa0                __fixunsdfsi
 .text          0x20001fe0       0x50 c:/actel/libero_v9.1/softconsole/sourcery-g++/bin/../lib/gcc/arm-none-eabi/4.4.1/../../../../arm-none-eabi/lib/thumb2\libc.a(lib_a-init.o)
                0x20001fe0                __libc_init_array
 .text          0x20002030       0x20 c:/actel/libero_v9.1/softconsole/sourcery-g++/bin/../lib/gcc/arm-none-eabi/4.4.1/../../../../arm-none-eabi/lib/thumb2\libc.a(lib_a-malloc.o)
                0x20002030                free
                0x20002040                malloc
 .text          0x20002050      0x5a4 c:/actel/libero_v9.1/softconsole/sourcery-g++/bin/../lib/gcc/arm-none-eabi/4.4.1/../../../../arm-none-eabi/lib/thumb2\libc.a(lib_a-mallocr.o)
                0x20002050                _malloc_r
 .text          0x200025f4        0x8 c:/actel/libero_v9.1/softconsole/sourcery-g++/bin/../lib/gcc/arm-none-eabi/4.4.1/../../../../arm-none-eabi/lib/thumb2\libc.a(lib_a-mlock.o)
                0x200025f4                __malloc_lock
                0x200025f8                __malloc_unlock
 .text          0x200025fc       0x64 c:/actel/libero_v9.1/softconsole/sourcery-g++/bin/../lib/gcc/arm-none-eabi/4.4.1/../../../../arm-none-eabi/lib/thumb2\libc.a(lib_a-printf.o)
                0x200025fc                printf
                0x20002634                _printf_r
 .text          0x20002660       0x88 c:/actel/libero_v9.1/softconsole/sourcery-g++/bin/../lib/gcc/arm-none-eabi/4.4.1/../../../../arm-none-eabi/lib/thumb2\libc.a(lib_a-puts.o)
                0x20002660                _puts_r
                0x200026d8                puts
 .text          0x200026e8       0x28 c:/actel/libero_v9.1/softconsole/sourcery-g++/bin/../lib/gcc/arm-none-eabi/4.4.1/../../../../arm-none-eabi/lib/thumb2\libc.a(lib_a-sbrkr.o)
                0x200026e8                _sbrk_r
 .text          0x20002710       0x60 c:/actel/libero_v9.1/softconsole/sourcery-g++/bin/../lib/gcc/arm-none-eabi/4.4.1/../../../../arm-none-eabi/lib/thumb2\libc.a(lib_a-strlen.o)
                0x20002710                strlen
 .text          0x20002770     0x1940 c:/actel/libero_v9.1/softconsole/sourcery-g++/bin/../lib/gcc/arm-none-eabi/4.4.1/../../../../arm-none-eabi/lib/thumb2\libc.a(lib_a-vfprintf.o)
                0x2000278c                _vfprintf_r
                0x20004094                vfprintf
 .text          0x200040b0      0x104 c:/actel/libero_v9.1/softconsole/sourcery-g++/bin/../lib/gcc/arm-none-eabi/4.4.1/../../../../arm-none-eabi/lib/thumb2\libc.a(lib_a-wsetup.o)
                0x200040b0                __swsetup_r
 *fill*         0x200041b4        0x4 00
 .text          0x200041b8      0xfb8 c:/actel/libero_v9.1/softconsole/sourcery-g++/bin/../lib/gcc/arm-none-eabi/4.4.1/../../../../arm-none-eabi/lib/thumb2\libc.a(lib_a-dtoa.o)
                0x200042d8                _dtoa_r
 .text          0x20005170      0x178 c:/actel/libero_v9.1/softconsole/sourcery-g++/bin/../lib/gcc/arm-none-eabi/4.4.1/../../../../arm-none-eabi/lib/thumb2\libc.a(lib_a-fflush.o)
                0x20005170                _fflush_r
                0x200052c0                fflush
 .text          0x200052e8      0x1c8 c:/actel/libero_v9.1/softconsole/sourcery-g++/bin/../lib/gcc/arm-none-eabi/4.4.1/../../../../arm-none-eabi/lib/thumb2\libc.a(lib_a-findfp.o)
                0x200052e8                __sfp_lock_acquire
                0x200052ec                __sfp_lock_release
                0x200052f0                __sinit_lock_acquire
                0x200052f4                __sinit_lock_release
                0x20005300                __fp_unlock_all
                0x20005318                __fp_lock_all
                0x20005330                _cleanup_r
                0x2000533c                _cleanup
                0x20005398                __sfmoreglue
                0x200053c8                __sfp
                0x20005450                __sinit
 .text          0x200054b0      0x268 c:/actel/libero_v9.1/softconsole/sourcery-g++/bin/../lib/gcc/arm-none-eabi/4.4.1/../../../../arm-none-eabi/lib/thumb2\libc.a(lib_a-freer.o)
                0x200054b0                _malloc_trim_r
                0x20005558                _free_r
 .text          0x20005718      0x334 c:/actel/libero_v9.1/softconsole/sourcery-g++/bin/../lib/gcc/arm-none-eabi/4.4.1/../../../../arm-none-eabi/lib/thumb2\libc.a(lib_a-fvwrite.o)
                0x20005718                __sfvwrite_r
 .text          0x20005a4c       0xa0 c:/actel/libero_v9.1/softconsole/sourcery-g++/bin/../lib/gcc/arm-none-eabi/4.4.1/../../../../arm-none-eabi/lib/thumb2\libc.a(lib_a-fwalk.o)
                0x20005a4c                _fwalk_reent
                0x20005aa0                _fwalk
 .text          0x20005aec       0x74 c:/actel/libero_v9.1/softconsole/sourcery-g++/bin/../lib/gcc/arm-none-eabi/4.4.1/../../../../arm-none-eabi/lib/thumb2\libc.a(lib_a-locale.o)
                0x20005aec                __locale_charset
                0x20005af8                _localeconv_r
                0x20005b00                localeconv
                0x20005b08                _setlocale_r
                0x20005b50                setlocale
 .text          0x20005b60       0xdc c:/actel/libero_v9.1/softconsole/sourcery-g++/bin/../lib/gcc/arm-none-eabi/4.4.1/../../../../arm-none-eabi/lib/thumb2\libc.a(lib_a-makebuf.o)
                0x20005b60                __smakebuf_r
 .text          0x20005c3c       0x74 c:/actel/libero_v9.1/softconsole/sourcery-g++/bin/../lib/gcc/arm-none-eabi/4.4.1/../../../../arm-none-eabi/lib/thumb2\libc.a(lib_a-memchr.o)
                0x20005c3c                memchr
 .text          0x20005cb0      0x190 c:/actel/libero_v9.1/softconsole/sourcery-g++/bin/../lib/gcc/arm-none-eabi/4.4.1/../../../../arm-none-eabi/lib/thumb2\libc.a(lib_a-memcpy.o)
                0x20005cb0                memcpy
 .text          0x20005e40       0xb8 c:/actel/libero_v9.1/softconsole/sourcery-g++/bin/../lib/gcc/arm-none-eabi/4.4.1/../../../../arm-none-eabi/lib/thumb2\libc.a(lib_a-memmove.o)
                0x20005e40                memmove
 .text          0x20005ef8       0xd4 c:/actel/libero_v9.1/softconsole/sourcery-g++/bin/../lib/gcc/arm-none-eabi/4.4.1/../../../../arm-none-eabi/lib/thumb2\libc.a(lib_a-memset.o)
                0x20005ef8                memset
 .text          0x20005fcc      0x958 c:/actel/libero_v9.1/softconsole/sourcery-g++/bin/../lib/gcc/arm-none-eabi/4.4.1/../../../../arm-none-eabi/lib/thumb2\libc.a(lib_a-mprec.o)
                0x20005fcc                __hi0bits
                0x2000600c                __lo0bits
                0x20006070                __mcmp
                0x200060b0                __ulp
                0x200060fc                __b2d
                0x200061a4                __ratio
                0x20006204                _mprec_log10
                0x2000623c                __copybits
                0x2000628c                __any_on
                0x200062e4                _Bfree
                0x2000631c                _Balloc
                0x20006388                __d2b
                0x20006458                __mdiff
                0x20006550                __lshift
                0x2000660c                __multiply
                0x20006740                __i2b
                0x20006754                __multadd
                0x200067dc                __pow5mult
                0x20006888                __s2b
 .text          0x20006924      0x3b4 c:/actel/libero_v9.1/softconsole/sourcery-g++/bin/../lib/gcc/arm-none-eabi/4.4.1/../../../../arm-none-eabi/lib/thumb2\libc.a(lib_a-reallocr.o)
                0x20006924                _realloc_r
 .text          0x20006cd8       0x24 c:/actel/libero_v9.1/softconsole/sourcery-g++/bin/../lib/gcc/arm-none-eabi/4.4.1/../../../../arm-none-eabi/lib/thumb2\libc.a(lib_a-s_isinfd.o)
                0x20006cd8                __isinfd
 .text          0x20006cfc       0x1c c:/actel/libero_v9.1/softconsole/sourcery-g++/bin/../lib/gcc/arm-none-eabi/4.4.1/../../../../arm-none-eabi/lib/thumb2\libc.a(lib_a-s_isnand.o)
                0x20006cfc                __isnand
 .text          0x20006d18       0x90 c:/actel/libero_v9.1/softconsole/sourcery-g++/bin/../lib/gcc/arm-none-eabi/4.4.1/../../../../arm-none-eabi/lib/thumb2\libc.a(lib_a-stdio.o)
                0x20006d18                __sclose
                0x20006d20                __sseek
                0x20006d48                __swrite
                0x20006d84                __sread
 .text          0x20006da8      0x1dc c:/actel/libero_v9.1/softconsole/sourcery-g++/bin/../lib/gcc/arm-none-eabi/4.4.1/../../../../arm-none-eabi/lib/thumb2\libc.a(lib_a-strcmp.o)
                0x20006da8                strcmp
 .text          0x20006f84       0x5c c:/actel/libero_v9.1/softconsole/sourcery-g++/bin/../lib/gcc/arm-none-eabi/4.4.1/../../../../arm-none-eabi/lib/thumb2\libc.a(lib_a-callocr.o)
                0x20006f84                _calloc_r
 .text          0x20006fe0       0x28 c:/actel/libero_v9.1/softconsole/sourcery-g++/bin/../lib/gcc/arm-none-eabi/4.4.1/../../../../arm-none-eabi/lib/thumb2\libc.a(lib_a-closer.o)
                0x20006fe0                _close_r
 .text          0x20007008       0xcc c:/actel/libero_v9.1/softconsole/sourcery-g++/bin/../lib/gcc/arm-none-eabi/4.4.1/../../../../arm-none-eabi/lib/thumb2\libc.a(lib_a-fclose.o)
                0x20007008                _fclose_r
                0x200070c4                fclose
 .text          0x200070d4       0x2c c:/actel/libero_v9.1/softconsole/sourcery-g++/bin/../lib/gcc/arm-none-eabi/4.4.1/../../../../arm-none-eabi/lib/thumb2\libc.a(lib_a-fstatr.o)
                0x200070d4                _fstat_r
 .text          0x20007100       0x28 c:/actel/libero_v9.1/softconsole/sourcery-g++/bin/../lib/gcc/arm-none-eabi/4.4.1/../../../../arm-none-eabi/lib/thumb2\libc.a(lib_a-isattyr.o)
                0x20007100                _isatty_r
 .text          0x20007128       0x2c c:/actel/libero_v9.1/softconsole/sourcery-g++/bin/../lib/gcc/arm-none-eabi/4.4.1/../../../../arm-none-eabi/lib/thumb2\libc.a(lib_a-lseekr.o)
                0x20007128                _lseek_r
 .text          0x20007154       0x2c c:/actel/libero_v9.1/softconsole/sourcery-g++/bin/../lib/gcc/arm-none-eabi/4.4.1/../../../../arm-none-eabi/lib/thumb2\libc.a(lib_a-readr.o)
                0x20007154                _read_r
 .text          0x20007180      0x278 c:/actel/libero_v9.1/softconsole/sourcery-g++/bin/../lib/gcc/arm-none-eabi/4.4.1/thumb2\libgcc.a(_udivsi3.o)
                0x20007180                __aeabi_uidiv
                0x20007180                __udivsi3
                0x200073dc                __aeabi_uidivmod
 .text          0x200073f8        0x4 c:/actel/libero_v9.1/softconsole/sourcery-g++/bin/../lib/gcc/arm-none-eabi/4.4.1/thumb2\libgcc.a(_dvmd_tls.o)
                0x200073f8                __aeabi_idiv0
                0x200073f8                __aeabi_ldiv0
 .text          0x200073fc       0x50 c:/actel/libero_v9.1/softconsole/sourcery-g++/bin/../lib/gcc/arm-none-eabi/4.4.1/thumb2\libgcc.a(_arm_fixdfsi.o)
                0x200073fc                __aeabi_d2iz
                0x200073fc                __fixdfsi
 .text          0x2000744c       0x2c c:/actel/libero_v9.1/softconsole/sourcery-g++/bin/../lib/gcc/arm-none-eabi/4.4.1/thumb2\libgcc.a(_aeabi_uldivmod.o)
                0x2000744c                __aeabi_uldivmod
 .text          0x20007478       0x58 c:/actel/libero_v9.1/softconsole/sourcery-g++/bin/../lib/gcc/arm-none-eabi/4.4.1/thumb2\libgcc.a(bpabi.o)
                0x20007478                __gnu_uldivmod_helper
                0x200074a4                __gnu_ldivmod_helper
 .text          0x200074d0      0x364 c:/actel/libero_v9.1/softconsole/sourcery-g++/bin/../lib/gcc/arm-none-eabi/4.4.1/thumb2\libgcc.a(_divdi3.o)
                0x200074d0                __divdi3
 .text          0x20007834      0x300 c:/actel/libero_v9.1/softconsole/sourcery-g++/bin/../lib/gcc/arm-none-eabi/4.4.1/thumb2\libgcc.a(_udivdi3.o)
                0x20007834                __udivdi3
 *(.plt)
 *(.gnu.warning)
 *(.glue_7t)
 .glue_7t       0x00000000        0x0 linker stubs
 *(.glue_7)
 .glue_7        0x00000000        0x0 linker stubs
 *(.vfp11_veneer)
 .vfp11_veneer  0x00000000        0x0 linker stubs
                0x20007b34                . = ALIGN (0x4)
 *crtbegin.o(.ctors)
 *(EXCLUDE_FILE(*crtend.o) .ctors)
 *(SORT(.ctors.*))
 *crtend.o(.ctors)
 *crtbegin.o(.dtors)
 *(EXCLUDE_FILE(*crtend.o) .dtors)
 *(SORT(.dtors.*))
 *crtend.o(.dtors)
 *(.rodata .rodata.* .gnu.linkonce.r.*)
 .rodata        0x20007b34       0xb0 ./main.o
 .rodata        0x20007be4       0x10 ./mytimer.o
 .rodata        0x20007bf4       0x1c C:/Users/mikechri/Downloads/gc/gc/SoftConsole/gc_MSS_MSS_CM3_0/gc_MSS_MSS_CM3_0_hw_platform/Debug/CMSIS/startup_gcc/newlib_stubs.o
 .rodata.C.18.2576
                0x20007c10       0x10 C:\Users\mikechri\Downloads\gc\gc\SoftConsole\gc_MSS_MSS_CM3_0\gc_MSS_MSS_CM3_0_hw_platform\Debug\libgc_MSS_MSS_CM3_0_hw_platform.a(system_a2fxxxm3.o)
 .rodata        0x20007c20        0x4 c:/actel/libero_v9.1/softconsole/sourcery-g++/bin/../lib/gcc/arm-none-eabi/4.4.1/../../../../arm-none-eabi/lib/thumb2\libc.a(lib_a-impure.o)
                0x20007c20                _global_impure_ptr
 .rodata.str1.4
                0x20007c24        0x2 c:/actel/libero_v9.1/softconsole/sourcery-g++/bin/../lib/gcc/arm-none-eabi/4.4.1/../../../../arm-none-eabi/lib/thumb2\libc.a(lib_a-impure.o)
                                  0x4 (size before relaxing)
 *fill*         0x20007c26        0x2 00
 .rodata.str1.4
                0x20007c28        0x2 c:/actel/libero_v9.1/softconsole/sourcery-g++/bin/../lib/gcc/arm-none-eabi/4.4.1/../../../../arm-none-eabi/lib/thumb2\libc.a(lib_a-puts.o)
                                  0x4 (size before relaxing)
 *fill*         0x20007c2a        0x2 00
 .rodata        0x20007c2c       0x20 c:/actel/libero_v9.1/softconsole/sourcery-g++/bin/../lib/gcc/arm-none-eabi/4.4.1/../../../../arm-none-eabi/lib/thumb2\libc.a(lib_a-vfprintf.o)
 .rodata.str1.4
                0x20007c4c       0x42 c:/actel/libero_v9.1/softconsole/sourcery-g++/bin/../lib/gcc/arm-none-eabi/4.4.1/../../../../arm-none-eabi/lib/thumb2\libc.a(lib_a-vfprintf.o)
                                 0x44 (size before relaxing)
 *fill*         0x20007c8e        0x2 00
 .rodata.str1.4
                0x20007c90       0x10 c:/actel/libero_v9.1/softconsole/sourcery-g++/bin/../lib/gcc/arm-none-eabi/4.4.1/../../../../arm-none-eabi/lib/thumb2\libc.a(lib_a-dtoa.o)
                                 0x14 (size before relaxing)
 .rodata        0x20007ca0       0x60 c:/actel/libero_v9.1/softconsole/sourcery-g++/bin/../lib/gcc/arm-none-eabi/4.4.1/../../../../arm-none-eabi/lib/thumb2\libc.a(lib_a-findfp.o)
                0x20007ca0                __sf_fake_stdin
                0x20007cc0                __sf_fake_stdout
                0x20007ce0                __sf_fake_stderr
 .rodata        0x20007d00       0x34 c:/actel/libero_v9.1/softconsole/sourcery-g++/bin/../lib/gcc/arm-none-eabi/4.4.1/../../../../arm-none-eabi/lib/thumb2\libc.a(lib_a-locale.o)
 .rodata.str1.4
                0x20007d34       0x10 c:/actel/libero_v9.1/softconsole/sourcery-g++/bin/../lib/gcc/arm-none-eabi/4.4.1/../../../../arm-none-eabi/lib/thumb2\libc.a(lib_a-locale.o)
                                 0x18 (size before relaxing)
 *fill*         0x20007d44        0x4 00
 .rodata        0x20007d48      0x128 c:/actel/libero_v9.1/softconsole/sourcery-g++/bin/../lib/gcc/arm-none-eabi/4.4.1/../../../../arm-none-eabi/lib/thumb2\libc.a(lib_a-mprec.o)
                0x20007d48                __mprec_tens
                0x20007e20                __mprec_bigtens
                0x20007e48                __mprec_tinytens
 *(.ARM.extab* .gnu.linkonce.armextab.*)
 *(.gcc_except_table)
 *(.eh_frame_hdr)
 *(.eh_frame)
 *(.init)
 .init          0x20007e70        0x4 c:/actel/libero_v9.1/softconsole/sourcery-g++/bin/../lib/gcc/arm-none-eabi/4.4.1/thumb2/crti.o
                0x20007e70                _init
 .init          0x20007e74        0x8 c:/actel/libero_v9.1/softconsole/sourcery-g++/bin/../lib/gcc/arm-none-eabi/4.4.1/thumb2/crtn.o
 *(.fini)
 .fini          0x20007e7c        0x4 c:/actel/libero_v9.1/softconsole/sourcery-g++/bin/../lib/gcc/arm-none-eabi/4.4.1/thumb2/crti.o
                0x20007e7c                _fini
 .fini          0x20007e80        0x8 c:/actel/libero_v9.1/softconsole/sourcery-g++/bin/../lib/gcc/arm-none-eabi/4.4.1/thumb2/crtn.o
                0x20007e88                PROVIDE (__preinit_array_start, .)
 *(.preinit_array)
                0x20007e88                PROVIDE (__preinit_array_end, .)
                0x20007e88                PROVIDE (__init_array_start, .)
 *(SORT(.init_array.*))
 *(.init_array)
 .init_array    0x20007e88        0x4 c:/actel/libero_v9.1/softconsole/sourcery-g++/bin/../lib/gcc/arm-none-eabi/4.4.1/thumb2/crtbegin.o
                0x20007e8c                PROVIDE (__init_array_end, .)
                0x20007e8c                PROVIDE (__fini_array_start, .)
 *(.fini_array)
 .fini_array    0x20007e8c        0x4 c:/actel/libero_v9.1/softconsole/sourcery-g++/bin/../lib/gcc/arm-none-eabi/4.4.1/thumb2/crtbegin.o
 *(SORT(.fini_array.*))
                0x20007e90                PROVIDE (__fini_array_end, .)
                0x20007e90                __exidx_start = .

.v4_bx          0x20007e90        0x0
 .v4_bx         0x00000000        0x0 linker stubs

.ARM.exidx      0x20007e90        0x8
 *(.ARM.exidx* .gnu.linkonce.armexidx.*)
 .ARM.exidx     0x20007e90        0x8 c:/actel/libero_v9.1/softconsole/sourcery-g++/bin/../lib/gcc/arm-none-eabi/4.4.1/thumb2\libgcc.a(_divdi3.o)
 .ARM.exidx     0x20007e98        0x0 c:/actel/libero_v9.1/softconsole/sourcery-g++/bin/../lib/gcc/arm-none-eabi/4.4.1/thumb2\libgcc.a(_udivdi3.o)
                                  0x8 (size before relaxing)
                0x20007e98                __exidx_end = .
                0x20007e98                _etext = .
                0x20007e98                PROVIDE (__text_end, .)

.data           0x20007e98      0x520
                0x20007e98                __data_load = LOADADDR (.data)
                0x20007e98                _sidata = LOADADDR (.data)
                0x20007e98                __data_start = .
                0x20007e98                _sdata = .
 *(.jcr)
 .jcr           0x20007e98        0x0 c:/actel/libero_v9.1/softconsole/sourcery-g++/bin/../lib/gcc/arm-none-eabi/4.4.1/thumb2/crtbegin.o
 .jcr           0x20007e98        0x4 c:/actel/libero_v9.1/softconsole/sourcery-g++/bin/../lib/gcc/arm-none-eabi/4.4.1/thumb2/crtend.o
 *(.got.plt)
 *(.got)
 *(.shdata)
 *(.data .data.* .gnu.linkonce.d.*)
 .data.SystemFrequency
                0x20007e9c        0x4 C:\Users\mikechri\Downloads\gc\gc\SoftConsole\gc_MSS_MSS_CM3_0\gc_MSS_MSS_CM3_0_hw_platform\Debug\libgc_MSS_MSS_CM3_0_hw_platform.a(system_a2fxxxm3.o)
                0x20007e9c                SystemFrequency
 .data.SystemCoreClock
                0x20007ea0        0x4 C:\Users\mikechri\Downloads\gc\gc\SoftConsole\gc_MSS_MSS_CM3_0\gc_MSS_MSS_CM3_0_hw_platform\Debug\libgc_MSS_MSS_CM3_0_hw_platform.a(system_a2fxxxm3.o)
                0x20007ea0                SystemCoreClock
 .data.g_FrequencyPCLK0
                0x20007ea4        0x4 C:\Users\mikechri\Downloads\gc\gc\SoftConsole\gc_MSS_MSS_CM3_0\gc_MSS_MSS_CM3_0_hw_platform\Debug\libgc_MSS_MSS_CM3_0_hw_platform.a(system_a2fxxxm3.o)
                0x20007ea4                g_FrequencyPCLK0
 .data.g_FrequencyPCLK1
                0x20007ea8        0x4 C:\Users\mikechri\Downloads\gc\gc\SoftConsole\gc_MSS_MSS_CM3_0\gc_MSS_MSS_CM3_0_hw_platform\Debug\libgc_MSS_MSS_CM3_0_hw_platform.a(system_a2fxxxm3.o)
                0x20007ea8                g_FrequencyPCLK1
 .data.g_FrequencyACE
                0x20007eac        0x4 C:\Users\mikechri\Downloads\gc\gc\SoftConsole\gc_MSS_MSS_CM3_0\gc_MSS_MSS_CM3_0_hw_platform\Debug\libgc_MSS_MSS_CM3_0_hw_platform.a(system_a2fxxxm3.o)
                0x20007eac                g_FrequencyACE
 .data.g_FrequencyFPGA
                0x20007eb0        0x4 C:\Users\mikechri\Downloads\gc\gc\SoftConsole\gc_MSS_MSS_CM3_0\gc_MSS_MSS_CM3_0_hw_platform\Debug\libgc_MSS_MSS_CM3_0_hw_platform.a(system_a2fxxxm3.o)
                0x20007eb0                g_FrequencyFPGA
 .data          0x20007eb4       0xf4 c:/actel/libero_v9.1/softconsole/sourcery-g++/bin/../lib/gcc/arm-none-eabi/4.4.1/../../../../arm-none-eabi/lib/thumb2\libc.a(lib_a-impure.o)
                0x20007eb4                _impure_ptr
 .data          0x20007fa8      0x410 c:/actel/libero_v9.1/softconsole/sourcery-g++/bin/../lib/gcc/arm-none-eabi/4.4.1/../../../../arm-none-eabi/lib/thumb2\libc.a(lib_a-mallocr.o)
                0x20007fa8                __malloc_av_
                0x200083b0                __malloc_sbrk_base
                0x200083b4                __malloc_trim_threshold
                0x200083b8                . = ALIGN (0x4)
                0x200083b8                _edata = .

.bss            0x200083b8       0xd8
                0x200083b8                __bss_start__ = .
                0x200083b8                _sbss = .
 *(.shbss)
 *(.bss .bss.* .gnu.linkonce.b.*)
 .bss           0x200083b8        0x1 c:/actel/libero_v9.1/softconsole/sourcery-g++/bin/../lib/gcc/arm-none-eabi/4.4.1/thumb2/crtbegin.o
 *fill*         0x200083b9        0x3 00
 .bss.g_stdio_uart_init_done
                0x200083bc        0x4 C:/Users/mikechri/Downloads/gc/gc/SoftConsole/gc_MSS_MSS_CM3_0/gc_MSS_MSS_CM3_0_hw_platform/Debug/CMSIS/startup_gcc/newlib_stubs.o
 .bss.heap_end.3594
                0x200083c0        0x4 C:/Users/mikechri/Downloads/gc/gc/SoftConsole/gc_MSS_MSS_CM3_0/gc_MSS_MSS_CM3_0_hw_platform/Debug/CMSIS/startup_gcc/newlib_stubs.o
 .bss           0x200083c4       0x34 c:/actel/libero_v9.1/softconsole/sourcery-g++/bin/../lib/gcc/arm-none-eabi/4.4.1/../../../../arm-none-eabi/lib/thumb2\libc.a(lib_a-mallocr.o)
                0x200083c4                __malloc_top_pad
                0x200083c8                __malloc_current_mallinfo
                0x200083f0                __malloc_max_sbrked_mem
                0x200083f4                __malloc_max_total_mem
 *(COMMON)
 COMMON         0x200083f8       0x40 ./main.o
                0x200083f8                lastVals
                0x20008420                GC
                0x20008424                prevClock
                0x20008428                count
                0x2000842c                curClock
                0x20008430                period
                0x20008434                cmpVal
 COMMON         0x20008438       0x50 C:\Users\mikechri\Downloads\gc\gc\SoftConsole\gc_MSS_MSS_CM3_0\gc_MSS_MSS_CM3_0_hw_platform\Debug\libgc_MSS_MSS_CM3_0_hw_platform.a(mss_uart.o)
                0x20008438                g_mss_uart1
                0x20008460                g_mss_uart0
 COMMON         0x20008488        0x4 c:/actel/libero_v9.1/softconsole/sourcery-g++/bin/../lib/gcc/arm-none-eabi/4.4.1/../../../../arm-none-eabi/lib/thumb2\libc.a(lib_a-reent.o)
                0x20008488                errno
                0x20008490                . = ALIGN (0x8)
 *fill*         0x2000848c        0x4 00
                0x20008490                __bss_end__ = .
                0x20008490                _end = .
                0x20008490                __end = _end
                0x20008490                _ebss = .
                0x20008490                PROVIDE (end, .)

.stack          0x20008490     0x3000
                0x20008490                . = ALIGN (0x4)
                0x20009490                . = (. + PROCESS_STACK_SIZE)
 *fill*         0x20008490     0x1000 00
                0x20009490                . = ALIGN (0x4)
                0x2000b490                . = (. + MAIN_STACK_SIZE)
 *fill*         0x20009490     0x2000 00
                0x2000b490                . = ALIGN (0x4)

.stab
 *(.stab)

.stabstr
 *(.stabstr)

.debug
 *(.debug)

.line
 *(.line)

.debug_srcinfo
 *(.debug_srcinfo)

.debug_sfnames
 *(.debug_sfnames)

.comment        0x00000000      0x102
 .comment       0x00000000       0x2b ./controller.o
 .comment       0x0000002b       0x2b ./main.o
 .comment       0x00000056       0x2b ./mytimer.o
 .comment       0x00000081       0x2b C:/Users/mikechri/Downloads/gc/gc/SoftConsole/gc_MSS_MSS_CM3_0/gc_MSS_MSS_CM3_0_hw_platform/Debug/CMSIS/startup_gcc/newlib_stubs.o
 .comment       0x000000ac       0x2b C:\Users\mikechri\Downloads\gc\gc\SoftConsole\gc_MSS_MSS_CM3_0\gc_MSS_MSS_CM3_0_hw_platform\Debug\libgc_MSS_MSS_CM3_0_hw_platform.a(mss_uart.o)
 .comment       0x000000d7       0x2b C:\Users\mikechri\Downloads\gc\gc\SoftConsole\gc_MSS_MSS_CM3_0\gc_MSS_MSS_CM3_0_hw_platform\Debug\libgc_MSS_MSS_CM3_0_hw_platform.a(system_a2fxxxm3.o)

.debug_aranges  0x00000000      0x2f0
 *(.debug_aranges)
 .debug_aranges
                0x00000000       0x38 ./controller.o
 .debug_aranges
                0x00000038       0x48 ./main.o
 .debug_aranges
                0x00000080       0xc0 ./mytimer.o
 .debug_aranges
                0x00000140       0xa8 C:/Users/mikechri/Downloads/gc/gc/SoftConsole/gc_MSS_MSS_CM3_0/gc_MSS_MSS_CM3_0_hw_platform/Debug/CMSIS/startup_gcc/newlib_stubs.o
 .debug_aranges
                0x000001e8       0xd8 C:\Users\mikechri\Downloads\gc\gc\SoftConsole\gc_MSS_MSS_CM3_0\gc_MSS_MSS_CM3_0_hw_platform\Debug\libgc_MSS_MSS_CM3_0_hw_platform.a(mss_uart.o)
 .debug_aranges
                0x000002c0       0x30 C:\Users\mikechri\Downloads\gc\gc\SoftConsole\gc_MSS_MSS_CM3_0\gc_MSS_MSS_CM3_0_hw_platform\Debug\libgc_MSS_MSS_CM3_0_hw_platform.a(system_a2fxxxm3.o)

.debug_pubnames
                0x00000000      0x74e
 *(.debug_pubnames)
 .debug_pubnames
                0x00000000       0x7f ./controller.o
 .debug_pubnames
                0x0000007f       0xbb ./main.o
 .debug_pubnames
                0x0000013a      0x259 ./mytimer.o
 .debug_pubnames
                0x00000393       0xeb C:/Users/mikechri/Downloads/gc/gc/SoftConsole/gc_MSS_MSS_CM3_0/gc_MSS_MSS_CM3_0_hw_platform/Debug/CMSIS/startup_gcc/newlib_stubs.o
 .debug_pubnames
                0x0000047e      0x21c C:\Users\mikechri\Downloads\gc\gc\SoftConsole\gc_MSS_MSS_CM3_0\gc_MSS_MSS_CM3_0_hw_platform\Debug\libgc_MSS_MSS_CM3_0_hw_platform.a(mss_uart.o)
 .debug_pubnames
                0x0000069a       0xb4 C:\Users\mikechri\Downloads\gc\gc\SoftConsole\gc_MSS_MSS_CM3_0\gc_MSS_MSS_CM3_0_hw_platform\Debug\libgc_MSS_MSS_CM3_0_hw_platform.a(system_a2fxxxm3.o)

.debug_info     0x00000000     0x3b22
 *(.debug_info .gnu.linkonce.wi.*)
 .debug_info    0x00000000      0x2aa ./controller.o
 .debug_info    0x000002aa      0x968 ./main.o
 .debug_info    0x00000c12      0x340 ./mytimer.o
 .debug_info    0x00000f52     0x10f0 C:/Users/mikechri/Downloads/gc/gc/SoftConsole/gc_MSS_MSS_CM3_0/gc_MSS_MSS_CM3_0_hw_platform/Debug/CMSIS/startup_gcc/newlib_stubs.o
 .debug_info    0x00002042     0x15a4 C:\Users\mikechri\Downloads\gc\gc\SoftConsole\gc_MSS_MSS_CM3_0\gc_MSS_MSS_CM3_0_hw_platform\Debug\libgc_MSS_MSS_CM3_0_hw_platform.a(mss_uart.o)
 .debug_info    0x000035e6      0x53c C:\Users\mikechri\Downloads\gc\gc\SoftConsole\gc_MSS_MSS_CM3_0\gc_MSS_MSS_CM3_0_hw_platform\Debug\libgc_MSS_MSS_CM3_0_hw_platform.a(system_a2fxxxm3.o)

.debug_abbrev   0x00000000      0x8d4
 *(.debug_abbrev)
 .debug_abbrev  0x00000000       0xd1 ./controller.o
 .debug_abbrev  0x000000d1      0x1b5 ./main.o
 .debug_abbrev  0x00000286      0x104 ./mytimer.o
 .debug_abbrev  0x0000038a      0x1f4 C:/Users/mikechri/Downloads/gc/gc/SoftConsole/gc_MSS_MSS_CM3_0/gc_MSS_MSS_CM3_0_hw_platform/Debug/CMSIS/startup_gcc/newlib_stubs.o
 .debug_abbrev  0x0000057e      0x245 C:\Users\mikechri\Downloads\gc\gc\SoftConsole\gc_MSS_MSS_CM3_0\gc_MSS_MSS_CM3_0_hw_platform\Debug\libgc_MSS_MSS_CM3_0_hw_platform.a(mss_uart.o)
 .debug_abbrev  0x000007c3      0x111 C:\Users\mikechri\Downloads\gc\gc\SoftConsole\gc_MSS_MSS_CM3_0\gc_MSS_MSS_CM3_0_hw_platform\Debug\libgc_MSS_MSS_CM3_0_hw_platform.a(system_a2fxxxm3.o)

.debug_line     0x00000000     0x1ae1
 *(.debug_line)
 .debug_line    0x00000000      0x3c5 ./controller.o
 .debug_line    0x000003c5      0x52a ./main.o
 .debug_line    0x000008ef      0x4d8 ./mytimer.o
 .debug_line    0x00000dc7      0x515 C:/Users/mikechri/Downloads/gc/gc/SoftConsole/gc_MSS_MSS_CM3_0/gc_MSS_MSS_CM3_0_hw_platform/Debug/CMSIS/startup_gcc/newlib_stubs.o
 .debug_line    0x000012dc      0x581 C:\Users\mikechri\Downloads\gc\gc\SoftConsole\gc_MSS_MSS_CM3_0\gc_MSS_MSS_CM3_0_hw_platform\Debug\libgc_MSS_MSS_CM3_0_hw_platform.a(mss_uart.o)
 .debug_line    0x0000185d      0x284 C:\Users\mikechri\Downloads\gc\gc\SoftConsole\gc_MSS_MSS_CM3_0\gc_MSS_MSS_CM3_0_hw_platform\Debug\libgc_MSS_MSS_CM3_0_hw_platform.a(system_a2fxxxm3.o)

.debug_frame    0x00000000     0x1518
 *(.debug_frame)
 .debug_frame   0x00000000       0x78 ./controller.o
 .debug_frame   0x00000078       0xcc ./main.o
 .debug_frame   0x00000144      0x224 ./mytimer.o
 .debug_frame   0x00000368      0x220 C:/Users/mikechri/Downloads/gc/gc/SoftConsole/gc_MSS_MSS_CM3_0/gc_MSS_MSS_CM3_0_hw_platform/Debug/CMSIS/startup_gcc/newlib_stubs.o
 .debug_frame   0x00000588      0x2e4 C:\Users\mikechri\Downloads\gc\gc\SoftConsole\gc_MSS_MSS_CM3_0\gc_MSS_MSS_CM3_0_hw_platform\Debug\libgc_MSS_MSS_CM3_0_hw_platform.a(mss_uart.o)
 .debug_frame   0x0000086c       0x64 C:\Users\mikechri\Downloads\gc\gc\SoftConsole\gc_MSS_MSS_CM3_0\gc_MSS_MSS_CM3_0_hw_platform\Debug\libgc_MSS_MSS_CM3_0_hw_platform.a(system_a2fxxxm3.o)
 .debug_frame   0x000008d0       0x20 c:/actel/libero_v9.1/softconsole/sourcery-g++/bin/../lib/gcc/arm-none-eabi/4.4.1/../../../../arm-none-eabi/lib/thumb2\libc.a(lib_a-errno.o)
 .debug_frame   0x000008f0       0x2c c:/actel/libero_v9.1/softconsole/sourcery-g++/bin/../lib/gcc/arm-none-eabi/4.4.1/../../../../arm-none-eabi/lib/thumb2\libc.a(lib_a-init.o)
 .debug_frame   0x0000091c       0x30 c:/actel/libero_v9.1/softconsole/sourcery-g++/bin/../lib/gcc/arm-none-eabi/4.4.1/../../../../arm-none-eabi/lib/thumb2\libc.a(lib_a-malloc.o)
 .debug_frame   0x0000094c       0x3c c:/actel/libero_v9.1/softconsole/sourcery-g++/bin/../lib/gcc/arm-none-eabi/4.4.1/../../../../arm-none-eabi/lib/thumb2\libc.a(lib_a-mallocr.o)
 .debug_frame   0x00000988       0x30 c:/actel/libero_v9.1/softconsole/sourcery-g++/bin/../lib/gcc/arm-none-eabi/4.4.1/../../../../arm-none-eabi/lib/thumb2\libc.a(lib_a-mlock.o)
 .debug_frame   0x000009b8       0x5c c:/actel/libero_v9.1/softconsole/sourcery-g++/bin/../lib/gcc/arm-none-eabi/4.4.1/../../../../arm-none-eabi/lib/thumb2\libc.a(lib_a-printf.o)
 .debug_frame   0x00000a14       0x40 c:/actel/libero_v9.1/softconsole/sourcery-g++/bin/../lib/gcc/arm-none-eabi/4.4.1/../../../../arm-none-eabi/lib/thumb2\libc.a(lib_a-puts.o)
 .debug_frame   0x00000a54       0x2c c:/actel/libero_v9.1/softconsole/sourcery-g++/bin/../lib/gcc/arm-none-eabi/4.4.1/../../../../arm-none-eabi/lib/thumb2\libc.a(lib_a-sbrkr.o)
 .debug_frame   0x00000a80       0x20 c:/actel/libero_v9.1/softconsole/sourcery-g++/bin/../lib/gcc/arm-none-eabi/4.4.1/../../../../arm-none-eabi/lib/thumb2\libc.a(lib_a-strlen.o)
 .debug_frame   0x00000aa0       0x70 c:/actel/libero_v9.1/softconsole/sourcery-g++/bin/../lib/gcc/arm-none-eabi/4.4.1/../../../../arm-none-eabi/lib/thumb2\libc.a(lib_a-vfprintf.o)
 .debug_frame   0x00000b10       0x2c c:/actel/libero_v9.1/softconsole/sourcery-g++/bin/../lib/gcc/arm-none-eabi/4.4.1/../../../../arm-none-eabi/lib/thumb2\libc.a(lib_a-wsetup.o)
 .debug_frame   0x00000b3c       0x64 c:/actel/libero_v9.1/softconsole/sourcery-g++/bin/../lib/gcc/arm-none-eabi/4.4.1/../../../../arm-none-eabi/lib/thumb2\libc.a(lib_a-dtoa.o)
 .debug_frame   0x00000ba0       0x40 c:/actel/libero_v9.1/softconsole/sourcery-g++/bin/../lib/gcc/arm-none-eabi/4.4.1/../../../../arm-none-eabi/lib/thumb2\libc.a(lib_a-fflush.o)
 .debug_frame   0x00000be0      0x11c c:/actel/libero_v9.1/softconsole/sourcery-g++/bin/../lib/gcc/arm-none-eabi/4.4.1/../../../../arm-none-eabi/lib/thumb2\libc.a(lib_a-findfp.o)
 .debug_frame   0x00000cfc       0x50 c:/actel/libero_v9.1/softconsole/sourcery-g++/bin/../lib/gcc/arm-none-eabi/4.4.1/../../../../arm-none-eabi/lib/thumb2\libc.a(lib_a-freer.o)
 .debug_frame   0x00000d4c       0x3c c:/actel/libero_v9.1/softconsole/sourcery-g++/bin/../lib/gcc/arm-none-eabi/4.4.1/../../../../arm-none-eabi/lib/thumb2\libc.a(lib_a-fvwrite.o)
 .debug_frame   0x00000d88       0x54 c:/actel/libero_v9.1/softconsole/sourcery-g++/bin/../lib/gcc/arm-none-eabi/4.4.1/../../../../arm-none-eabi/lib/thumb2\libc.a(lib_a-fwalk.o)
 .debug_frame   0x00000ddc       0x6c c:/actel/libero_v9.1/softconsole/sourcery-g++/bin/../lib/gcc/arm-none-eabi/4.4.1/../../../../arm-none-eabi/lib/thumb2\libc.a(lib_a-locale.o)
 .debug_frame   0x00000e48       0x34 c:/actel/libero_v9.1/softconsole/sourcery-g++/bin/../lib/gcc/arm-none-eabi/4.4.1/../../../../arm-none-eabi/lib/thumb2\libc.a(lib_a-makebuf.o)
 .debug_frame   0x00000e7c       0x28 c:/actel/libero_v9.1/softconsole/sourcery-g++/bin/../lib/gcc/arm-none-eabi/4.4.1/../../../../arm-none-eabi/lib/thumb2\libc.a(lib_a-memchr.o)
 .debug_frame   0x00000ea4       0x34 c:/actel/libero_v9.1/softconsole/sourcery-g++/bin/../lib/gcc/arm-none-eabi/4.4.1/../../../../arm-none-eabi/lib/thumb2\libc.a(lib_a-memcpy.o)
 .debug_frame   0x00000ed8       0x2c c:/actel/libero_v9.1/softconsole/sourcery-g++/bin/../lib/gcc/arm-none-eabi/4.4.1/../../../../arm-none-eabi/lib/thumb2\libc.a(lib_a-memmove.o)
 .debug_frame   0x00000f04       0x28 c:/actel/libero_v9.1/softconsole/sourcery-g++/bin/../lib/gcc/arm-none-eabi/4.4.1/../../../../arm-none-eabi/lib/thumb2\libc.a(lib_a-memset.o)
 .debug_frame   0x00000f2c      0x240 c:/actel/libero_v9.1/softconsole/sourcery-g++/bin/../lib/gcc/arm-none-eabi/4.4.1/../../../../arm-none-eabi/lib/thumb2\libc.a(lib_a-mprec.o)
 .debug_frame   0x0000116c       0x3c c:/actel/libero_v9.1/softconsole/sourcery-g++/bin/../lib/gcc/arm-none-eabi/4.4.1/../../../../arm-none-eabi/lib/thumb2\libc.a(lib_a-reallocr.o)
 .debug_frame   0x000011a8       0x64 c:/actel/libero_v9.1/softconsole/sourcery-g++/bin/../lib/gcc/arm-none-eabi/4.4.1/../../../../arm-none-eabi/lib/thumb2\libc.a(lib_a-reent.o)
 .debug_frame   0x0000120c       0x20 c:/actel/libero_v9.1/softconsole/sourcery-g++/bin/../lib/gcc/arm-none-eabi/4.4.1/../../../../arm-none-eabi/lib/thumb2\libc.a(lib_a-s_isinfd.o)
 .debug_frame   0x0000122c       0x20 c:/actel/libero_v9.1/softconsole/sourcery-g++/bin/../lib/gcc/arm-none-eabi/4.4.1/../../../../arm-none-eabi/lib/thumb2\libc.a(lib_a-s_isnand.o)
 .debug_frame   0x0000124c       0x70 c:/actel/libero_v9.1/softconsole/sourcery-g++/bin/../lib/gcc/arm-none-eabi/4.4.1/../../../../arm-none-eabi/lib/thumb2\libc.a(lib_a-stdio.o)
 .debug_frame   0x000012bc       0x30 c:/actel/libero_v9.1/softconsole/sourcery-g++/bin/../lib/gcc/arm-none-eabi/4.4.1/../../../../arm-none-eabi/lib/thumb2\libc.a(lib_a-strcmp.o)
 .debug_frame   0x000012ec       0x2c c:/actel/libero_v9.1/softconsole/sourcery-g++/bin/../lib/gcc/arm-none-eabi/4.4.1/../../../../arm-none-eabi/lib/thumb2\libc.a(lib_a-callocr.o)
 .debug_frame   0x00001318       0x2c c:/actel/libero_v9.1/softconsole/sourcery-g++/bin/../lib/gcc/arm-none-eabi/4.4.1/../../../../arm-none-eabi/lib/thumb2\libc.a(lib_a-closer.o)
 .debug_frame   0x00001344       0x3c c:/actel/libero_v9.1/softconsole/sourcery-g++/bin/../lib/gcc/arm-none-eabi/4.4.1/../../../../arm-none-eabi/lib/thumb2\libc.a(lib_a-fclose.o)
 .debug_frame   0x00001380       0x2c c:/actel/libero_v9.1/softconsole/sourcery-g++/bin/../lib/gcc/arm-none-eabi/4.4.1/../../../../arm-none-eabi/lib/thumb2\libc.a(lib_a-fstatr.o)
 .debug_frame   0x000013ac       0x2c c:/actel/libero_v9.1/softconsole/sourcery-g++/bin/../lib/gcc/arm-none-eabi/4.4.1/../../../../arm-none-eabi/lib/thumb2\libc.a(lib_a-isattyr.o)
 .debug_frame   0x000013d8       0x2c c:/actel/libero_v9.1/softconsole/sourcery-g++/bin/../lib/gcc/arm-none-eabi/4.4.1/../../../../arm-none-eabi/lib/thumb2\libc.a(lib_a-lseekr.o)
 .debug_frame   0x00001404       0x2c c:/actel/libero_v9.1/softconsole/sourcery-g++/bin/../lib/gcc/arm-none-eabi/4.4.1/../../../../arm-none-eabi/lib/thumb2\libc.a(lib_a-readr.o)
 .debug_frame   0x00001430       0x20 c:/actel/libero_v9.1/softconsole/sourcery-g++/bin/../lib/gcc/arm-none-eabi/4.4.1/thumb2\libgcc.a(_udivsi3.o)
 .debug_frame   0x00001450       0x50 c:/actel/libero_v9.1/softconsole/sourcery-g++/bin/../lib/gcc/arm-none-eabi/4.4.1/thumb2\libgcc.a(bpabi.o)
 .debug_frame   0x000014a0       0x3c c:/actel/libero_v9.1/softconsole/sourcery-g++/bin/../lib/gcc/arm-none-eabi/4.4.1/thumb2\libgcc.a(_divdi3.o)
 .debug_frame   0x000014dc       0x3c c:/actel/libero_v9.1/softconsole/sourcery-g++/bin/../lib/gcc/arm-none-eabi/4.4.1/thumb2\libgcc.a(_udivdi3.o)

.debug_str      0x00000000     0x1b51
 *(.debug_str)
 .debug_str     0x00000000      0x1ad ./controller.o
                                0x1f1 (size before relaxing)
 .debug_str     0x000001ad      0xb7a ./main.o
                                0xd18 (size before relaxing)
 .debug_str     0x00000d27      0x24e ./mytimer.o
                                0x363 (size before relaxing)
 .debug_str     0x00000f75      0x508 C:/Users/mikechri/Downloads/gc/gc/SoftConsole/gc_MSS_MSS_CM3_0/gc_MSS_MSS_CM3_0_hw_platform/Debug/CMSIS/startup_gcc/newlib_stubs.o
                               0x10a2 (size before relaxing)
 .debug_str     0x0000147d      0x5dd C:\Users\mikechri\Downloads\gc\gc\SoftConsole\gc_MSS_MSS_CM3_0\gc_MSS_MSS_CM3_0_hw_platform\Debug\libgc_MSS_MSS_CM3_0_hw_platform.a(mss_uart.o)
                               0x14b3 (size before relaxing)
 .debug_str     0x00001a5a       0xf7 C:\Users\mikechri\Downloads\gc\gc\SoftConsole\gc_MSS_MSS_CM3_0\gc_MSS_MSS_CM3_0_hw_platform\Debug\libgc_MSS_MSS_CM3_0_hw_platform.a(system_a2fxxxm3.o)
                                0x456 (size before relaxing)

.debug_loc      0x00000000      0xf1c
 *(.debug_loc)
 .debug_loc     0x00000000       0xac ./controller.o
 .debug_loc     0x000000ac      0x13e ./main.o
 .debug_loc     0x000001ea      0x3c3 ./mytimer.o
 .debug_loc     0x000005ad      0x3c6 C:/Users/mikechri/Downloads/gc/gc/SoftConsole/gc_MSS_MSS_CM3_0/gc_MSS_MSS_CM3_0_hw_platform/Debug/CMSIS/startup_gcc/newlib_stubs.o
 .debug_loc     0x00000973      0x510 C:\Users\mikechri\Downloads\gc\gc\SoftConsole\gc_MSS_MSS_CM3_0\gc_MSS_MSS_CM3_0_hw_platform\Debug\libgc_MSS_MSS_CM3_0_hw_platform.a(mss_uart.o)
 .debug_loc     0x00000e83       0x99 C:\Users\mikechri\Downloads\gc\gc\SoftConsole\gc_MSS_MSS_CM3_0\gc_MSS_MSS_CM3_0_hw_platform\Debug\libgc_MSS_MSS_CM3_0_hw_platform.a(system_a2fxxxm3.o)

.debug_macinfo  0x00000000    0x2d754
 *(.debug_macinfo)
 .debug_macinfo
                0x00000000     0x7d4f ./controller.o
 .debug_macinfo
                0x00007d4f     0x8488 ./main.o
 .debug_macinfo
                0x000101d7     0x7d9b ./mytimer.o
 .debug_macinfo
                0x00017f72     0x9965 C:/Users/mikechri/Downloads/gc/gc/SoftConsole/gc_MSS_MSS_CM3_0/gc_MSS_MSS_CM3_0_hw_platform/Debug/CMSIS/startup_gcc/newlib_stubs.o
 .debug_macinfo
                0x000218d7     0x63e4 C:\Users\mikechri\Downloads\gc\gc\SoftConsole\gc_MSS_MSS_CM3_0\gc_MSS_MSS_CM3_0_hw_platform\Debug\libgc_MSS_MSS_CM3_0_hw_platform.a(mss_uart.o)
 .debug_macinfo
                0x00027cbb     0x5a99 C:\Users\mikechri\Downloads\gc\gc\SoftConsole\gc_MSS_MSS_CM3_0\gc_MSS_MSS_CM3_0_hw_platform\Debug\libgc_MSS_MSS_CM3_0_hw_platform.a(system_a2fxxxm3.o)

.debug_weaknames
 *(.debug_weaknames)

.debug_funcnames
 *(.debug_funcnames)

.debug_typenames
 *(.debug_typenames)

.debug_varnames
 *(.debug_varnames)

.note.gnu.arm.ident
 *(.note.gnu.arm.ident)

.ARM.attributes
                0x00000000       0x25
 *(.ARM.attributes)
 .ARM.attributes
                0x00000000       0x19 c:/actel/libero_v9.1/softconsole/sourcery-g++/bin/../lib/gcc/arm-none-eabi/4.4.1/thumb2/crti.o
 .ARM.attributes
                0x00000019       0x29 c:/actel/libero_v9.1/softconsole/sourcery-g++/bin/../lib/gcc/arm-none-eabi/4.4.1/thumb2/crtbegin.o
 .ARM.attributes
                0x00000042       0x31 ./controller.o
 .ARM.attributes
                0x00000073       0x31 ./main.o
 .ARM.attributes
                0x000000a4       0x31 ./mytimer.o
 .ARM.attributes
                0x000000d5       0x21 C:/Users/mikechri/Downloads/gc/gc/SoftConsole/gc_MSS_MSS_CM3_0/gc_MSS_MSS_CM3_0_hw_platform/Debug/CMSIS/startup_gcc/startup_a2fxxxm3.o
 .ARM.attributes
                0x000000f6       0x31 C:/Users/mikechri/Downloads/gc/gc/SoftConsole/gc_MSS_MSS_CM3_0/gc_MSS_MSS_CM3_0_hw_platform/Debug/CMSIS/startup_gcc/newlib_stubs.o
 .ARM.attributes
                0x00000127       0x31 C:\Users\mikechri\Downloads\gc\gc\SoftConsole\gc_MSS_MSS_CM3_0\gc_MSS_MSS_CM3_0_hw_platform\Debug\libgc_MSS_MSS_CM3_0_hw_platform.a(mss_uart.o)
 .ARM.attributes
                0x00000158       0x31 C:\Users\mikechri\Downloads\gc\gc\SoftConsole\gc_MSS_MSS_CM3_0\gc_MSS_MSS_CM3_0_hw_platform\Debug\libgc_MSS_MSS_CM3_0_hw_platform.a(system_a2fxxxm3.o)
 .ARM.attributes
                0x00000189       0x1b c:/actel/libero_v9.1/softconsole/sourcery-g++/bin/../lib/gcc/arm-none-eabi/4.4.1/thumb2\libgcc.a(_arm_addsubdf3.o)
 .ARM.attributes
                0x000001a4       0x1b c:/actel/libero_v9.1/softconsole/sourcery-g++/bin/../lib/gcc/arm-none-eabi/4.4.1/thumb2\libgcc.a(_arm_muldivdf3.o)
 .ARM.attributes
                0x000001bf       0x1b c:/actel/libero_v9.1/softconsole/sourcery-g++/bin/../lib/gcc/arm-none-eabi/4.4.1/thumb2\libgcc.a(_arm_cmpdf2.o)
 .ARM.attributes
                0x000001da       0x1b c:/actel/libero_v9.1/softconsole/sourcery-g++/bin/../lib/gcc/arm-none-eabi/4.4.1/thumb2\libgcc.a(_arm_fixunsdfsi.o)
 .ARM.attributes
                0x000001f5       0x29 c:/actel/libero_v9.1/softconsole/sourcery-g++/bin/../lib/gcc/arm-none-eabi/4.4.1/../../../../arm-none-eabi/lib/thumb2\libc.a(lib_a-errno.o)
 .ARM.attributes
                0x0000021e       0x29 c:/actel/libero_v9.1/softconsole/sourcery-g++/bin/../lib/gcc/arm-none-eabi/4.4.1/../../../../arm-none-eabi/lib/thumb2\libc.a(lib_a-impure.o)
 .ARM.attributes
                0x00000247       0x29 c:/actel/libero_v9.1/softconsole/sourcery-g++/bin/../lib/gcc/arm-none-eabi/4.4.1/../../../../arm-none-eabi/lib/thumb2\libc.a(lib_a-init.o)
 .ARM.attributes
                0x00000270       0x29 c:/actel/libero_v9.1/softconsole/sourcery-g++/bin/../lib/gcc/arm-none-eabi/4.4.1/../../../../arm-none-eabi/lib/thumb2\libc.a(lib_a-malloc.o)
 .ARM.attributes
                0x00000299       0x29 c:/actel/libero_v9.1/softconsole/sourcery-g++/bin/../lib/gcc/arm-none-eabi/4.4.1/../../../../arm-none-eabi/lib/thumb2\libc.a(lib_a-mallocr.o)
 .ARM.attributes
                0x000002c2       0x29 c:/actel/libero_v9.1/softconsole/sourcery-g++/bin/../lib/gcc/arm-none-eabi/4.4.1/../../../../arm-none-eabi/lib/thumb2\libc.a(lib_a-mlock.o)
 .ARM.attributes
                0x000002eb       0x29 c:/actel/libero_v9.1/softconsole/sourcery-g++/bin/../lib/gcc/arm-none-eabi/4.4.1/../../../../arm-none-eabi/lib/thumb2\libc.a(lib_a-printf.o)
 .ARM.attributes
                0x00000314       0x29 c:/actel/libero_v9.1/softconsole/sourcery-g++/bin/../lib/gcc/arm-none-eabi/4.4.1/../../../../arm-none-eabi/lib/thumb2\libc.a(lib_a-puts.o)
 .ARM.attributes
                0x0000033d       0x29 c:/actel/libero_v9.1/softconsole/sourcery-g++/bin/../lib/gcc/arm-none-eabi/4.4.1/../../../../arm-none-eabi/lib/thumb2\libc.a(lib_a-sbrkr.o)
 .ARM.attributes
                0x00000366       0x29 c:/actel/libero_v9.1/softconsole/sourcery-g++/bin/../lib/gcc/arm-none-eabi/4.4.1/../../../../arm-none-eabi/lib/thumb2\libc.a(lib_a-strlen.o)
 .ARM.attributes
                0x0000038f       0x29 c:/actel/libero_v9.1/softconsole/sourcery-g++/bin/../lib/gcc/arm-none-eabi/4.4.1/../../../../arm-none-eabi/lib/thumb2\libc.a(lib_a-vfprintf.o)
 .ARM.attributes
                0x000003b8       0x29 c:/actel/libero_v9.1/softconsole/sourcery-g++/bin/../lib/gcc/arm-none-eabi/4.4.1/../../../../arm-none-eabi/lib/thumb2\libc.a(lib_a-wsetup.o)
 .ARM.attributes
                0x000003e1       0x29 c:/actel/libero_v9.1/softconsole/sourcery-g++/bin/../lib/gcc/arm-none-eabi/4.4.1/../../../../arm-none-eabi/lib/thumb2\libc.a(lib_a-dtoa.o)
 .ARM.attributes
                0x0000040a       0x29 c:/actel/libero_v9.1/softconsole/sourcery-g++/bin/../lib/gcc/arm-none-eabi/4.4.1/../../../../arm-none-eabi/lib/thumb2\libc.a(lib_a-fflush.o)
 .ARM.attributes
                0x00000433       0x29 c:/actel/libero_v9.1/softconsole/sourcery-g++/bin/../lib/gcc/arm-none-eabi/4.4.1/../../../../arm-none-eabi/lib/thumb2\libc.a(lib_a-findfp.o)
 .ARM.attributes
                0x0000045c       0x29 c:/actel/libero_v9.1/softconsole/sourcery-g++/bin/../lib/gcc/arm-none-eabi/4.4.1/../../../../arm-none-eabi/lib/thumb2\libc.a(lib_a-freer.o)
 .ARM.attributes
                0x00000485       0x29 c:/actel/libero_v9.1/softconsole/sourcery-g++/bin/../lib/gcc/arm-none-eabi/4.4.1/../../../../arm-none-eabi/lib/thumb2\libc.a(lib_a-fvwrite.o)
 .ARM.attributes
                0x000004ae       0x29 c:/actel/libero_v9.1/softconsole/sourcery-g++/bin/../lib/gcc/arm-none-eabi/4.4.1/../../../../arm-none-eabi/lib/thumb2\libc.a(lib_a-fwalk.o)
 .ARM.attributes
                0x000004d7       0x29 c:/actel/libero_v9.1/softconsole/sourcery-g++/bin/../lib/gcc/arm-none-eabi/4.4.1/../../../../arm-none-eabi/lib/thumb2\libc.a(lib_a-locale.o)
 .ARM.attributes
                0x00000500       0x29 c:/actel/libero_v9.1/softconsole/sourcery-g++/bin/../lib/gcc/arm-none-eabi/4.4.1/../../../../arm-none-eabi/lib/thumb2\libc.a(lib_a-makebuf.o)
 .ARM.attributes
                0x00000529       0x29 c:/actel/libero_v9.1/softconsole/sourcery-g++/bin/../lib/gcc/arm-none-eabi/4.4.1/../../../../arm-none-eabi/lib/thumb2\libc.a(lib_a-memchr.o)
 .ARM.attributes
                0x00000552       0x29 c:/actel/libero_v9.1/softconsole/sourcery-g++/bin/../lib/gcc/arm-none-eabi/4.4.1/../../../../arm-none-eabi/lib/thumb2\libc.a(lib_a-memcpy.o)
 .ARM.attributes
                0x0000057b       0x29 c:/actel/libero_v9.1/softconsole/sourcery-g++/bin/../lib/gcc/arm-none-eabi/4.4.1/../../../../arm-none-eabi/lib/thumb2\libc.a(lib_a-memmove.o)
 .ARM.attributes
                0x000005a4       0x29 c:/actel/libero_v9.1/softconsole/sourcery-g++/bin/../lib/gcc/arm-none-eabi/4.4.1/../../../../arm-none-eabi/lib/thumb2\libc.a(lib_a-memset.o)
 .ARM.attributes
                0x000005cd       0x29 c:/actel/libero_v9.1/softconsole/sourcery-g++/bin/../lib/gcc/arm-none-eabi/4.4.1/../../../../arm-none-eabi/lib/thumb2\libc.a(lib_a-mprec.o)
 .ARM.attributes
                0x000005f6       0x29 c:/actel/libero_v9.1/softconsole/sourcery-g++/bin/../lib/gcc/arm-none-eabi/4.4.1/../../../../arm-none-eabi/lib/thumb2\libc.a(lib_a-reallocr.o)
 .ARM.attributes
                0x0000061f       0x29 c:/actel/libero_v9.1/softconsole/sourcery-g++/bin/../lib/gcc/arm-none-eabi/4.4.1/../../../../arm-none-eabi/lib/thumb2\libc.a(lib_a-reent.o)
 .ARM.attributes
                0x00000648       0x29 c:/actel/libero_v9.1/softconsole/sourcery-g++/bin/../lib/gcc/arm-none-eabi/4.4.1/../../../../arm-none-eabi/lib/thumb2\libc.a(lib_a-s_isinfd.o)
 .ARM.attributes
                0x00000671       0x29 c:/actel/libero_v9.1/softconsole/sourcery-g++/bin/../lib/gcc/arm-none-eabi/4.4.1/../../../../arm-none-eabi/lib/thumb2\libc.a(lib_a-s_isnand.o)
 .ARM.attributes
                0x0000069a       0x29 c:/actel/libero_v9.1/softconsole/sourcery-g++/bin/../lib/gcc/arm-none-eabi/4.4.1/../../../../arm-none-eabi/lib/thumb2\libc.a(lib_a-stdio.o)
 .ARM.attributes
                0x000006c3       0x29 c:/actel/libero_v9.1/softconsole/sourcery-g++/bin/../lib/gcc/arm-none-eabi/4.4.1/../../../../arm-none-eabi/lib/thumb2\libc.a(lib_a-strcmp.o)
 .ARM.attributes
                0x000006ec       0x29 c:/actel/libero_v9.1/softconsole/sourcery-g++/bin/../lib/gcc/arm-none-eabi/4.4.1/../../../../arm-none-eabi/lib/thumb2\libc.a(lib_a-callocr.o)
 .ARM.attributes
                0x00000715       0x29 c:/actel/libero_v9.1/softconsole/sourcery-g++/bin/../lib/gcc/arm-none-eabi/4.4.1/../../../../arm-none-eabi/lib/thumb2\libc.a(lib_a-closer.o)
 .ARM.attributes
                0x0000073e       0x29 c:/actel/libero_v9.1/softconsole/sourcery-g++/bin/../lib/gcc/arm-none-eabi/4.4.1/../../../../arm-none-eabi/lib/thumb2\libc.a(lib_a-fclose.o)
 .ARM.attributes
                0x00000767       0x29 c:/actel/libero_v9.1/softconsole/sourcery-g++/bin/../lib/gcc/arm-none-eabi/4.4.1/../../../../arm-none-eabi/lib/thumb2\libc.a(lib_a-fstatr.o)
 .ARM.attributes
                0x00000790       0x29 c:/actel/libero_v9.1/softconsole/sourcery-g++/bin/../lib/gcc/arm-none-eabi/4.4.1/../../../../arm-none-eabi/lib/thumb2\libc.a(lib_a-isattyr.o)
 .ARM.attributes
                0x000007b9       0x29 c:/actel/libero_v9.1/softconsole/sourcery-g++/bin/../lib/gcc/arm-none-eabi/4.4.1/../../../../arm-none-eabi/lib/thumb2\libc.a(lib_a-lseekr.o)
 .ARM.attributes
                0x000007e2       0x29 c:/actel/libero_v9.1/softconsole/sourcery-g++/bin/../lib/gcc/arm-none-eabi/4.4.1/../../../../arm-none-eabi/lib/thumb2\libc.a(lib_a-readr.o)
 .ARM.attributes
                0x0000080b       0x1b c:/actel/libero_v9.1/softconsole/sourcery-g++/bin/../lib/gcc/arm-none-eabi/4.4.1/thumb2\libgcc.a(_udivsi3.o)
 .ARM.attributes
                0x00000826       0x1b c:/actel/libero_v9.1/softconsole/sourcery-g++/bin/../lib/gcc/arm-none-eabi/4.4.1/thumb2\libgcc.a(_dvmd_tls.o)
 .ARM.attributes
                0x00000841       0x1b c:/actel/libero_v9.1/softconsole/sourcery-g++/bin/../lib/gcc/arm-none-eabi/4.4.1/thumb2\libgcc.a(_arm_fixdfsi.o)
 .ARM.attributes
                0x0000085c       0x1b c:/actel/libero_v9.1/softconsole/sourcery-g++/bin/../lib/gcc/arm-none-eabi/4.4.1/thumb2\libgcc.a(_aeabi_uldivmod.o)
 .ARM.attributes
                0x00000877       0x29 c:/actel/libero_v9.1/softconsole/sourcery-g++/bin/../lib/gcc/arm-none-eabi/4.4.1/thumb2\libgcc.a(bpabi.o)
 .ARM.attributes
                0x000008a0       0x29 c:/actel/libero_v9.1/softconsole/sourcery-g++/bin/../lib/gcc/arm-none-eabi/4.4.1/thumb2\libgcc.a(_divdi3.o)
 .ARM.attributes
                0x000008c9       0x29 c:/actel/libero_v9.1/softconsole/sourcery-g++/bin/../lib/gcc/arm-none-eabi/4.4.1/thumb2\libgcc.a(_udivdi3.o)
 .ARM.attributes
                0x000008f2       0x29 c:/actel/libero_v9.1/softconsole/sourcery-g++/bin/../lib/gcc/arm-none-eabi/4.4.1/thumb2/crtend.o
 .ARM.attributes
                0x0000091b       0x19 c:/actel/libero_v9.1/softconsole/sourcery-g++/bin/../lib/gcc/arm-none-eabi/4.4.1/thumb2/crtn.o

/DISCARD/
 *(.note.GNU-stack)
 *(.isr_vector)
OUTPUT(gc_MSS_MSS_CM3_0_app elf32-littlearm)

.debug_ranges   0x00000000      0x2c0
 .debug_ranges  0x00000000       0x30 ./controller.o
 .debug_ranges  0x00000030       0x40 ./main.o
 .debug_ranges  0x00000070       0xb8 ./mytimer.o
 .debug_ranges  0x00000128       0xa0 C:/Users/mikechri/Downloads/gc/gc/SoftConsole/gc_MSS_MSS_CM3_0/gc_MSS_MSS_CM3_0_hw_platform/Debug/CMSIS/startup_gcc/newlib_stubs.o
 .debug_ranges  0x000001c8       0xd0 C:\Users\mikechri\Downloads\gc\gc\SoftConsole\gc_MSS_MSS_CM3_0\gc_MSS_MSS_CM3_0_hw_platform\Debug\libgc_MSS_MSS_CM3_0_hw_platform.a(mss_uart.o)
 .debug_ranges  0x00000298       0x28 C:\Users\mikechri\Downloads\gc\gc\SoftConsole\gc_MSS_MSS_CM3_0\gc_MSS_MSS_CM3_0_hw_platform\Debug\libgc_MSS_MSS_CM3_0_hw_platform.a(system_a2fxxxm3.o)
